Microchip MPLAB XC8 Compiler V1.34 ()

Linker command line:

-W-3 --edf=C:\My Programs\Microchip\xc8\v1.34\dat\en_msgs.txt -cs \
  -h+dist/default/debug\Lab9ptest.X.debug.sym \
  --cmf=dist/default/debug\Lab9ptest.X.debug.cmf -z -Q18F4620 \
  -oC:\Users\Dara\AppData\Local\Temp\sm8g.6 \
  -Mdist/default/debug/Lab9ptest.X.debug.map -E1 -ver=XC8 \
  -ASTACK=0F6h-0eeeh -pstack=STACK -ACODE=00h-0FD2Fh -ACONST=00h-0FD2Fh \
  -ASMALLCONST=01000h-010FFhx237,0FD00h-0FD2Fh -AMEDIUMCONST=01000h-0FD2Fh \
  -ACOMRAM=01h-07Fh -AABS1=00h-0EEEh,0F00h-0F7Fh \
  -ABIGRAM=01h-0EEEh,0F00h-0F7Fh \
  -ARAM=080h-0FFh,0100h-01FFhx13,0E00h-0EEEh,0F00h-0F7Fh -ABANK0=080h-0FFh \
  -ABANK1=0100h-01FFh -ABANK2=0200h-02FFh -ABANK3=0300h-03FFh \
  -ABANK4=0400h-04FFh -ABANK5=0500h-05FFh -ABANK6=0600h-06FFh \
  -ABANK7=0700h-07FFh -ABANK8=0800h-08FFh -ABANK9=0900h-09FFh \
  -ABANK10=0A00h-0AFFh -ABANK11=0B00h-0BFFh -ABANK12=0C00h-0CFFh \
  -ABANK13=0D00h-0DFFh -ABANK14=0E00h-0EEEh -ABANK15=0F00h-0F7Fh \
  -ASFR=0F80h-0F9Bh,0F9Dh-0FD3h,0FD5h-0FDAh,0FE0h-0FE2h,0FE8h-0FEAh,0FF0h-0FFBh \
  -preset_vec=00h,intcode=08h,intcodelo,powerup,init,end_init \
  -pramtop=01000h -psmallconst=SMALLCONST -pmediumconst=MEDIUMCONST \
  -pconst=CONST -AFARRAM=00h-00h -ACONFIG=0300000h-030000Dh -pconfig=CONFIG \
  -AIDLOC=0200000h-0200007h -pidloc=IDLOC -AEEDATA=0F00000h-0F003FFh \
  -peeprom_data=EEDATA \
  -prdata=COMRAM,nvrram=COMRAM,nvbit=COMRAM,rbss=COMRAM,rbit=COMRAM \
  -pfarbss=FARRAM,fardata=FARRAM,nvFARRAM=FARRAM \
  -pintsave_regs=BIGRAM,bigbss=BIGRAM,bigdata=BIGRAM -pbss=RAM \
  -pidata=CODE,irdata=CODE,ibigdata=CODE,ifardata=CODE -prparam=COMRAM \
  C:\Users\Dara\AppData\Local\Temp\sm8g.obj \
  dist/default/debug\Lab9ptest.X.debug.obj 

Object code version is 3.11

Machine type is 18F4620

Call graph: (short form)




                Name                               Link     Load   Length Selector   Space Scale
C:\Users\Dara\AppData\Local\Temp\sm8g.obj
                end_init                             18       18        4        4       0
                reset_vec                             0        0        4        0       0
                idloc                            200000   200000        8   200000       0
                config                           300000   300000        E   300000       0
dist/default/debug\Lab9ptest.X.debug.obj
                intcode                               8        8       10        4       0
                mediumconst                        FA06     FA06      32A     7D03       0
                text75                             3E5E     3E5E        A     1E4B       0
                text74                             3E54     3E54        A     1E4B       0
                text73                             3E3A     3E3A        E     1E4B       0
                intcode_body                       3468     3468       86        4       0
                text71                             3DEC     3DEC       12     1E4B       0
                text70                             3E68     3E68        8     1E4B       0
                text69                             3D6C     3D6C       1A     1E4B       0
                text68                             3D9C     3D9C       16     1E4B       0
                text67                             3236     3236       96        4       0
                text66                             3570     3570       82        4       0
                text65                             3C96     3C96       28     1E4B       0
                text64                             3DC6     3DC6       14     1E4B       0
                text63                             3E0E     3E0E       10     1E4B       0
                text62                             3DFE     3DFE       10     1E4B       0
                text61                             38FA     38FA       4E        4       0
                text60                             3C12     3C12       30        4       0
                text59                             33E0     33E0       88        4       0
                text58                             3948     3948       4A        4       0
                text57                             22BC     22BC      156        4       0
                text56                             3B34     3B34       3E        4       0
                text55                             2D0E     2D0E       DE        4       0
                text54                             2A5E     2A5E       E8        4       0
                text53                             37FA     37FA       5C        4       0
                text52                             1F64     1F64      1AE        4       0
                text51                             2412     2412      138        4       0
                text50                             38A8     38A8       52        4       0
                text49                             15B6     15B6      362        4       0
                text48                             3A6A     3A6A       48        4       0
                text47                             3A22     3A22       48        4       0
                text46                             39DA     39DA       48        4       0
                text45                             3992     3992       48        4       0
                text44                             3BE0     3BE0       32        4       0
                text43                             3E2C     3E2C        E     1E4B       0
                text42                             3D86     3D86       16     1E4B       0
                text41                             3662     3662       70        4       0
                text40                             3DB2     3DB2       14     1E4B       0
                text39                             3CE4     3CE4       26     1E4B       0
                text38                             2F90     2F90       C6        4       0
                text37                             3B72     3B72       3C        4       0
                text36                             2C2C     2C2C       E2        4       0
                text35                             3CBE     3CBE       26     1E4B       0
                text34                             31A0     31A0       96        4       0
                text33                             3D0A     3D0A       24     1E4B       0
                text32                             1DA0     1DA0      1C4        4       0
                text31                             3AB2     3AB2       44        4       0
                text30                             2B46     2B46       E6        4       0
                text29                             32CC     32CC       8C        4       0
                text28                             35F2     35F2       70        4       0
                text27                             379A     379A       60        4       0
                text26                             276A     276A      10A        4       0
                text25                             265A     265A      110        4       0
                text24                             2874     2874       F8        4       0
                text23                             1B5C     1B5C      244        4       0
                text22                             3D2E     3D2E       22     1E4B       0
                text21                             3E1E     3E1E        E     1E4B       0
                text20                             11D6     11D6      3E0        4       0
                text19                               1C       1C      A9C        4       0
                text18                             1918     1918      244        4       0
                text17                             34EE     34EE       82        4       0
                text16                             2112     2112      1AA        4       0
                text15                             3BAE     3BAE       32        4       0
                text14                             2EC8     2EC8       C8        4       0
                text13                             3856     3856       52        4       0
                text12                             3DDA     3DDA       12     1E4B       0
                text11                             254A     254A      110        4       0
                text10                             3AF6     3AF6       3E        4       0
                text9                              296C     296C       F2        4       0
                text8                              3C42     3C42       2A        4       0
                text7                              3358     3358       88        4       0
                text6                              36D2     36D2       66        4       0
                text5                              2DEC     2DEC       DC        4       0
                text4                              3D50     3D50       1C     1E4B       0
                text3                               AB8      AB8      71E        4       0
                text2                              30FC     30FC       A4        4       0
                text1                              3E48     3E48        C     1E4B       0
                text0                              3056     3056       A6        4       0
                cstackCOMRAM                          1        1       63        1       1
                cstackBANK0                          DD       DD       19       80       1
                dataBANK0                            B4       B4       29       80       1
                bssBANK0                             80       80       34       80       1
                dataCOMRAM                           6C       6C        5        1       1
                bssCOMRAM                            64       64        8        1       1
                cinit                              3738     3738       62        4       0
                idataBANK0                         3C6C     3C6C       29        4       0
                idataCOMRAM                        3E70     3E70        5     1E4B       0

TOTAL           Name                               Link     Load   Length     Space
        CLASS   STACK          

        CLASS   CODE           
                end_init                             18       18        4         0
                intcode                               8        8       10         0
                reset_vec                             0        0        4         0
                text75                             3E5E     3E5E        A         0
                text74                             3E54     3E54        A         0
                text73                             3E3A     3E3A        E         0
                intcode_body                       3468     3468       86         0
                text71                             3DEC     3DEC       12         0
                text70                             3E68     3E68        8         0
                text69                             3D6C     3D6C       1A         0
                text68                             3D9C     3D9C       16         0
                text67                             3236     3236       96         0
                text66                             3570     3570       82         0
                text65                             3C96     3C96       28         0
                text64                             3DC6     3DC6       14         0
                text63                             3E0E     3E0E       10         0
                text62                             3DFE     3DFE       10         0
                text61                             38FA     38FA       4E         0
                text60                             3C12     3C12       30         0
                text59                             33E0     33E0       88         0
                text58                             3948     3948       4A         0
                text57                             22BC     22BC      156         0
                text56                             3B34     3B34       3E         0
                text55                             2D0E     2D0E       DE         0
                text54                             2A5E     2A5E       E8         0
                text53                             37FA     37FA       5C         0
                text52                             1F64     1F64      1AE         0
                text51                             2412     2412      138         0
                text50                             38A8     38A8       52         0
                text49                             15B6     15B6      362         0
                text48                             3A6A     3A6A       48         0
                text47                             3A22     3A22       48         0
                text46                             39DA     39DA       48         0
                text45                             3992     3992       48         0
                text44                             3BE0     3BE0       32         0
                text43                             3E2C     3E2C        E         0
                text42                             3D86     3D86       16         0
                text41                             3662     3662       70         0
                text40                             3DB2     3DB2       14         0
                text39                             3CE4     3CE4       26         0
                text38                             2F90     2F90       C6         0
                text37                             3B72     3B72       3C         0
                text36                             2C2C     2C2C       E2         0
                text35                             3CBE     3CBE       26         0
                text34                             31A0     31A0       96         0
                text33                             3D0A     3D0A       24         0
                text32                             1DA0     1DA0      1C4         0
                text31                             3AB2     3AB2       44         0
                text30                             2B46     2B46       E6         0
                text29                             32CC     32CC       8C         0
                text28                             35F2     35F2       70         0
                text27                             379A     379A       60         0
                text26                             276A     276A      10A         0
                text25                             265A     265A      110         0
                text24                             2874     2874       F8         0
                text23                             1B5C     1B5C      244         0
                text22                             3D2E     3D2E       22         0
                text21                             3E1E     3E1E        E         0
                text20                             11D6     11D6      3E0         0
                text19                               1C       1C      A9C         0
                text18                             1918     1918      244         0
                text17                             34EE     34EE       82         0
                text16                             2112     2112      1AA         0
                text15                             3BAE     3BAE       32         0
                text14                             2EC8     2EC8       C8         0
                text13                             3856     3856       52         0
                text12                             3DDA     3DDA       12         0
                text11                             254A     254A      110         0
                text10                             3AF6     3AF6       3E         0
                text9                              296C     296C       F2         0
                text8                              3C42     3C42       2A         0
                text7                              3358     3358       88         0
                text6                              36D2     36D2       66         0
                text5                              2DEC     2DEC       DC         0
                text4                              3D50     3D50       1C         0
                text3                               AB8      AB8      71E         0
                text2                              30FC     30FC       A4         0
                text1                              3E48     3E48        C         0
                text0                              3056     3056       A6         0
                cinit                              3738     3738       62         0
                idataBANK0                         3C6C     3C6C       29         0
                idataCOMRAM                        3E70     3E70        5         0

        CLASS   CONST          

        CLASS   SMALLCONST     

        CLASS   MEDIUMCONST    
                mediumconst                        FA06     FA06      32A         0

        CLASS   COMRAM         
                cstackCOMRAM                          1        1       63         1
                dataCOMRAM                           6C       6C        5         1
                bssCOMRAM                            64       64        8         1

        CLASS   ABS1           

        CLASS   BIGRAM         

        CLASS   RAM            

        CLASS   BANK0          
                cstackBANK0                          DD       DD       19         1
                dataBANK0                            B4       B4       29         1
                bssBANK0                             80       80       34         1

        CLASS   BANK1          

        CLASS   BANK2          

        CLASS   BANK3          

        CLASS   BANK4          

        CLASS   BANK5          

        CLASS   BANK6          

        CLASS   BANK7          

        CLASS   BANK8          

        CLASS   BANK9          

        CLASS   BANK10         

        CLASS   BANK11         

        CLASS   BANK12         

        CLASS   BANK13         

        CLASS   BANK14         

        CLASS   BANK15         

        CLASS   SFR            

        CLASS   FARRAM         

        CLASS   CONFIG         
                config                           300000   300000        E         0

        CLASS   IDLOC          
                idloc                            200000   200000        8         0

        CLASS   EEDATA         



SEGMENTS        Name                           Load    Length   Top    Selector   Space  Class

                reset_vec                      000000  000004  000004         0       0  CODE    
                cstackCOMRAM                   000001  000070  000071         1       1  COMRAM  
                intcode                        000008  003C8D  003C95         4       0  CODE    
                bssBANK0                       000080  000076  0000F6        80       1  BANK0   
                text65                         003C96  0001DF  003E75      1E4B       0  CODE    
                mediumconst                    00FA06  00032A  00FD30      7D03       0  MEDIUMCO
                idloc                          200000  000008  200008    200000       0  IDLOC   
                config                         300000  00000E  30000E    300000       0  CONFIG  


UNUSED ADDRESS RANGES

        Name                Unused          Largest block    Delta
        BANK0            0000F6-0000FF                A
        BANK1            000100-0001FF              100
        BANK10           000A00-000AFF              100
        BANK11           000B00-000BFF              100
        BANK12           000C00-000CFF              100
        BANK13           000D00-000DFF              100
        BANK14           000E00-000EEE               EF
        BANK15           000F00-000F7F               80
        BANK2            000200-0002FF              100
        BANK3            000300-0003FF              100
        BANK4            000400-0004FF              100
        BANK5            000500-0005FF              100
        BANK6            000600-0006FF              100
        BANK7            000700-0007FF              100
        BANK8            000800-0008FF              100
        BANK9            000900-0009FF              100
        BIGRAM           000071-00007F                F
                         0000F6-000EEE              DF9
                         000F00-000F7F               80
        CODE             000004-000007                4
                         003C95-003C95                1
                         003E75-00FA05             BB91
        COMRAM           000071-00007F                F
        CONST            000004-000007                4
                         003C95-003C95                1
                         003E75-00FA05             BB91
        EEDATA           F00000-F003FF              400
        MEDIUMCONST      003C95-003C95                1
                         003E75-00FA05             BB91
        RAM              0000F6-000EEE              100
                         000F00-000F7F               80
        SFR              000F80-000F9B               1C
                         000F9D-000FD3               37
                         000FD5-000FDA                6
                         000FE0-000FE2                3
                         000FE8-000FEA                3
                         000FF0-000FFB                C
        SMALLCONST       003C95-003C95                1
                         003E75-00FA05              100
        STACK            0000F6-000EEE              DF9

                                  Symbol Table

?___awdiv                         cstackCOMRAM 000015
?___awmod                         cstackCOMRAM 00000F
?___awtoft                        cstackCOMRAM 000023
?___ftadd                         cstackCOMRAM 00003C
?___ftdiv                         cstackCOMRAM 000027
?___ftmul                         cstackCOMRAM 000023
?___ftneg                         cstackCOMRAM 00000F
?___ftpack                        cstackCOMRAM 00000F
?___ftsub                         cstackCOMRAM 000048
?___fttol                         cstackCOMRAM 000039
?___lldiv                         cstackCOMRAM 00000F
?___llmod                         cstackCOMRAM 00000F
?___lltoft                        cstackCOMRAM 000017
?___wmul                          cstackCOMRAM 00001D
?__div_to_l_                      cstackCOMRAM 00000F
?__tdiv_to_l_                     cstackCOMRAM 00000F
?_fround                          cstackCOMRAM 000032
?_get_full_ADC                    cstackCOMRAM 00000F
?_printf                          cstackCOMRAM 00004E
?_scale                           cstackCOMRAM 000032
?_strlen                          cstackCOMRAM 00000F
OpenUSART@config                  cstackCOMRAM 000011
OpenUSART@spbrg                   cstackCOMRAM 00000F
PED_Control@Num_Sec               cstackCOMRAM 00004B
PED_Control@i                     cstackCOMRAM 00004C
Select_ADC_Channel@channel        cstackCOMRAM 00000F
Set_EW@color                      cstackCOMRAM 000044
Set_EWLT@color                    cstackCOMRAM 000044
Set_NS@color                      cstackCOMRAM 000044
Set_NSLT@color                    cstackCOMRAM 000044
WAIT_N_SEC@i                      cstackCOMRAM 00005F
WAIT_N_SEC@seconds                cstackCOMRAM 00005E
_ADCON0                           (abs)        000FC2
_ADCON0bits                       (abs)        000FC2
_ADCON1                           (abs)        000FC1
_ADCON2                           (abs)        000FC0
_ADRESH                           (abs)        000FC4
_ADRESL                           (abs)        000FC3
_Act_Mode_Txt                     dataBANK0    0000D1
_Activate_Buzzer                  text71       003DEC
_CCP2CON                          (abs)        000FBA
_CCPR2L                           (abs)        000FBB
_Count                            bssCOMRAM    000066
_Day_Mode                         text14       002EC8
_Deactivate_Buzzer                text70       003E68
_Do_Init                          text39       003CE4
_EWLT_Count                       dataBANK0    0000BF
_EWPED_SW                         bssBANK0     00008D
_EW_Count                         dataBANK0    0000C2
_FlashingR_Txt                    dataBANK0    0000D3
_FlashingS_Txt                    dataBANK0    0000D5
_INT0_ISR                         text75       003E5E
_INT0_flag                        bssBANK0     000083
_INT1_ISR                         text74       003E54
_INT1_flag                        bssBANK0     000085
_INT2_ISR                         text73       003E3A
_INT2_flag                        bssBANK0     000087
_INTCON2bits                      (abs)        000FF1
_INTCON3bits                      (abs)        000FF0
_INTCONbits                       (abs)        000FF2
_Init_ADC                         text43       003E2C
_Init_TRIS                        text42       003D86
_Initialize_Screen                text3        000AB8
_LCD_Reset                        text12       003DDA
_MODE                             bssBANK0     000089
_NSLT_Count                       dataBANK0    0000C5
_NSPED_SW                         bssBANK0     00008E
_NS_Count                         dataBANK0    0000C8
_Night_Mode                       text2        0030FC
_OSCCON                           (abs)        000FD3
_OpenUSART                        text41       003662
_PED_Control                      text53       0037FA
_PED_Count                        bssCOMRAM    000067
_PED_EW_Count                     dataBANK0    0000CB
_PED_NS_Count                     dataBANK0    0000CE
_PIE1bits                         (abs)        000F9D
_PIR1bits                         (abs)        000F9E
_PIR2bits                         (abs)        000FA1
_PORTAbits                        (abs)        000F80
_PORTBbits                        (abs)        000F81
_PORTCbits                        (abs)        000F82
_PORTD                            (abs)        000F83
_PORTDbits                        (abs)        000F83
_PORTEbits                        (abs)        000F84
_PR2                              (abs)        000FCB
_RBPU                             (abs)        007F8F
_RCSTA                            (abs)        000FAB
_RCSTAbits                        (abs)        000FAB
_Rcmd1                            text11       00254A
_Rcmd2red                         text10       003AF6
_Rcmd3                            text9        00296C
_SPBRG                            (abs)        000FAF
_SPBRGH                           (abs)        000FB0
_SSPBUF                           (abs)        000FC9
_SSPCON1                          (abs)        000FC6
_SSPSTAT                          (abs)        000FC7
_SSPSTATbits                      (abs)        000FC7
_SW_EWLT                          bssBANK0     00008F
_SW_EWLT_Txt                      dataCOMRAM   00006D
_SW_EWPED                         bssBANK0     000090
_SW_EWPED_Txt                     dataCOMRAM   00006F
_SW_MODE                          bssBANK0     000091
_SW_MODE_Txt                      dataBANK0    0000D7
_SW_NSLT                          bssBANK0     000092
_SW_NSLT_Txt                      dataBANK0    0000D9
_SW_NSPED                         bssBANK0     000093
_SW_NSPED_Txt                     dataBANK0    0000DB
_Select_ADC_Channel               text1        003E48
_Set_EW                           text48       003A6A
_Set_EWLT                         text47       003A22
_Set_NS                           text46       0039DA
_Set_NSLT                         text45       003992
_T0CON                            (abs)        000FD5
_T0CONbits                        (abs)        000FD5
_T2CON                            (abs)        000FCA
_T3CON                            (abs)        000FB1
_T3CONbits                        (abs)        000FB1
_TFT_GreenTab_Initialize          text8        003C42
_TMR0H                            (abs)        000FD7
_TMR0L                            (abs)        000FD6
_TRISA                            (abs)        000F92
_TRISB                            (abs)        000F93
_TRISC                            (abs)        000F94
_TRISCbits                        (abs)        000F94
_TRISD                            (abs)        000F95
_TRISE                            (abs)        000F96
_TRMT                             (abs)        007D61
_TXREG                            (abs)        000FAD
_TXSTA                            (abs)        000FAC
_TXSTAbits                        (abs)        000FAC
_WAIT_1_SEC                       text17       0034EE
_WAIT_1_SEC_W_BEEP                text68       003D9C
_WAIT_HALF_SEC                    text69       003D6C
_WAIT_N_SEC                       text15       003BAE
__CFG_BOREN$OFF                   (abs)        000000
__CFG_CCP2MX$PORTBE               (abs)        000000
__CFG_LVP$OFF                     (abs)        000000
__CFG_OSC$INTIO67                 (abs)        000000
__CFG_WDT$OFF                     (abs)        000000
__HRAM                            (abs)        000000
__Habs1                           abs1         000000
__Hbank0                          bank0        000000
__Hbank1                          bank1        000000
__Hbank10                         bank10       000000
__Hbank11                         bank11       000000
__Hbank12                         bank12       000000
__Hbank13                         bank13       000000
__Hbank14                         bank14       000000
__Hbank15                         bank15       000000
__Hbank2                          bank2        000000
__Hbank3                          bank3        000000
__Hbank4                          bank4        000000
__Hbank5                          bank5        000000
__Hbank6                          bank6        000000
__Hbank7                          bank7        000000
__Hbank8                          bank8        000000
__Hbank9                          bank9        000000
__Hbigbss                         bigbss       000000
__Hbigdata                        bigdata      000000
__Hbigram                         bigram       000000
__Hbss                            bss          000000
__HbssBANK0                       bssBANK0     000000
__HbssCOMRAM                      bssCOMRAM    000000
__Hcinit                          cinit        000000
__Hclrtext                        clrtext      000000
__Hcomram                         comram       000000
__Hconfig                         config       30000E
__Hconst                          const        000000
__HcstackBANK0                    cstackBANK0  000000
__HcstackCOMRAM                   cstackCOMRAM 000000
__Hdata                           data         000000
__HdataBANK0                      dataBANK0    000000
__HdataCOMRAM                     dataCOMRAM   000000
__Heeprom_data                    eeprom_data  000000
__Hend_init                       end_init     00001C
__Hfarbss                         farbss       000000
__Hfardata                        fardata      000000
__Hibigdata                       ibigdata     000000
__Hidata                          idata        000000
__HidataBANK0                     idataBANK0   000000
__HidataCOMRAM                    idataCOMRAM  000000
__Hidloc                          idloc        200008
__Hifardata                       ifardata     000000
__Hinit                           init         000018
__Hintcode                        intcode      000018
__Hintcode_body                   intcode_body 000000
__Hintcodelo                      intcodelo    000018
__Hintentry                       intentry     000000
__Hintret                         intret       000000
__Hintsave_regs                   intsave_regs 000000
__Hirdata                         irdata       000000
__Hmediumconst                    mediumconst  00FD30
__HnvFARRAM                       nvFARRAM     000000
__Hnvbit                          nvbit        000000
__Hnvrram                         nvrram       000000
__Hparam                          rparam       000000
__Hpowerup                        powerup      000018
__Hram                            ram          000000
__Hramtop                         ramtop       001000
__Hrbit                           rbit         000000
__Hrbss                           rbss         000000
__Hrdata                          rdata        000000
__Hreset_vec                      reset_vec    000004
__Hrparam                         rparam       000000
__Hsfr                            sfr          000000
__Hsmallconst                     smallconst   000000
__Hspace_0                        (abs)        30000E
__Hspace_1                        (abs)        0000F6
__Hspace_2                        (abs)        000000
__Hstack                          stack        000000
__Hstruct                         struct       000000
__Htemp                           temp         000000
__Htext                           text         000000
__Htext0                          text0        000000
__Htext1                          text1        000000
__Htext10                         text10       000000
__Htext11                         text11       000000
__Htext12                         text12       000000
__Htext13                         text13       000000
__Htext14                         text14       000000
__Htext15                         text15       000000
__Htext16                         text16       000000
__Htext17                         text17       000000
__Htext18                         text18       000000
__Htext19                         text19       000000
__Htext2                          text2        000000
__Htext20                         text20       000000
__Htext21                         text21       000000
__Htext22                         text22       000000
__Htext23                         text23       000000
__Htext24                         text24       000000
__Htext25                         text25       000000
__Htext26                         text26       000000
__Htext27                         text27       000000
__Htext28                         text28       000000
__Htext29                         text29       000000
__Htext3                          text3        000000
__Htext30                         text30       000000
__Htext31                         text31       000000
__Htext32                         text32       000000
__Htext33                         text33       000000
__Htext34                         text34       000000
__Htext35                         text35       000000
__Htext36                         text36       000000
__Htext37                         text37       000000
__Htext38                         text38       000000
__Htext39                         text39       000000
__Htext4                          text4        000000
__Htext40                         text40       000000
__Htext41                         text41       000000
__Htext42                         text42       000000
__Htext43                         text43       000000
__Htext44                         text44       000000
__Htext45                         text45       000000
__Htext46                         text46       000000
__Htext47                         text47       000000
__Htext48                         text48       000000
__Htext49                         text49       000000
__Htext5                          text5        000000
__Htext50                         text50       000000
__Htext51                         text51       000000
__Htext52                         text52       000000
__Htext53                         text53       000000
__Htext54                         text54       000000
__Htext55                         text55       000000
__Htext56                         text56       000000
__Htext57                         text57       000000
__Htext58                         text58       000000
__Htext59                         text59       000000
__Htext6                          text6        000000
__Htext60                         text60       000000
__Htext61                         text61       000000
__Htext62                         text62       000000
__Htext63                         text63       000000
__Htext64                         text64       000000
__Htext65                         text65       000000
__Htext66                         text66       000000
__Htext67                         text67       000000
__Htext68                         text68       000000
__Htext69                         text69       000000
__Htext7                          text7        000000
__Htext70                         text70       000000
__Htext71                         text71       000000
__Htext73                         text73       000000
__Htext74                         text74       000000
__Htext75                         text75       000000
__Htext8                          text8        000000
__Htext9                          text9        000000
__LRAM                            (abs)        000001
__Labs1                           abs1         000000
__Lbank0                          bank0        000000
__Lbank1                          bank1        000000
__Lbank10                         bank10       000000
__Lbank11                         bank11       000000
__Lbank12                         bank12       000000
__Lbank13                         bank13       000000
__Lbank14                         bank14       000000
__Lbank15                         bank15       000000
__Lbank2                          bank2        000000
__Lbank3                          bank3        000000
__Lbank4                          bank4        000000
__Lbank5                          bank5        000000
__Lbank6                          bank6        000000
__Lbank7                          bank7        000000
__Lbank8                          bank8        000000
__Lbank9                          bank9        000000
__Lbigbss                         bigbss       000000
__Lbigdata                        bigdata      000000
__Lbigram                         bigram       000000
__Lbss                            bss          000000
__LbssBANK0                       bssBANK0     000000
__LbssCOMRAM                      bssCOMRAM    000000
__Lcinit                          cinit        000000
__Lclrtext                        clrtext      000000
__Lcomram                         comram       000000
__Lconfig                         config       300000
__Lconst                          const        000000
__LcstackBANK0                    cstackBANK0  000000
__LcstackCOMRAM                   cstackCOMRAM 000000
__Ldata                           data         000000
__LdataBANK0                      dataBANK0    000000
__LdataCOMRAM                     dataCOMRAM   000000
__Leeprom_data                    eeprom_data  000000
__Lend_init                       end_init     000018
__Lfarbss                         farbss       000000
__Lfardata                        fardata      000000
__Libigdata                       ibigdata     000000
__Lidata                          idata        000000
__LidataBANK0                     idataBANK0   000000
__LidataCOMRAM                    idataCOMRAM  000000
__Lidloc                          idloc        200000
__Lifardata                       ifardata     000000
__Linit                           init         000018
__Lintcode                        intcode      000008
__Lintcode_body                   intcode_body 000000
__Lintcodelo                      intcodelo    000018
__Lintentry                       intentry     000000
__Lintret                         intret       000000
__Lintsave_regs                   intsave_regs 000000
__Lirdata                         irdata       000000
__Lmediumconst                    mediumconst  00FA06
__LnvFARRAM                       nvFARRAM     000000
__Lnvbit                          nvbit        000000
__Lnvrram                         nvrram       000000
__Lparam                          rparam       000000
__Lpowerup                        powerup      000018
__Lram                            ram          000000
__Lramtop                         ramtop       001000
__Lrbit                           rbit         000000
__Lrbss                           rbss         000000
__Lrdata                          rdata        000000
__Lreset_vec                      reset_vec    000000
__Lrparam                         rparam       000000
__Lsfr                            sfr          000000
__Lsmallconst                     smallconst   000000
__Lspace_0                        (abs)        000000
__Lspace_1                        (abs)        000000
__Lspace_2                        (abs)        000000
__Lstack                          stack        000000
__Lstruct                         struct       000000
__Ltemp                           temp         000000
__Ltext                           text         000000
__Ltext0                          text0        000000
__Ltext1                          text1        000000
__Ltext10                         text10       000000
__Ltext11                         text11       000000
__Ltext12                         text12       000000
__Ltext13                         text13       000000
__Ltext14                         text14       000000
__Ltext15                         text15       000000
__Ltext16                         text16       000000
__Ltext17                         text17       000000
__Ltext18                         text18       000000
__Ltext19                         text19       000000
__Ltext2                          text2        000000
__Ltext20                         text20       000000
__Ltext21                         text21       000000
__Ltext22                         text22       000000
__Ltext23                         text23       000000
__Ltext24                         text24       000000
__Ltext25                         text25       000000
__Ltext26                         text26       000000
__Ltext27                         text27       000000
__Ltext28                         text28       000000
__Ltext29                         text29       000000
__Ltext3                          text3        000000
__Ltext30                         text30       000000
__Ltext31                         text31       000000
__Ltext32                         text32       000000
__Ltext33                         text33       000000
__Ltext34                         text34       000000
__Ltext35                         text35       000000
__Ltext36                         text36       000000
__Ltext37                         text37       000000
__Ltext38                         text38       000000
__Ltext39                         text39       000000
__Ltext4                          text4        000000
__Ltext40                         text40       000000
__Ltext41                         text41       000000
__Ltext42                         text42       000000
__Ltext43                         text43       000000
__Ltext44                         text44       000000
__Ltext45                         text45       000000
__Ltext46                         text46       000000
__Ltext47                         text47       000000
__Ltext48                         text48       000000
__Ltext49                         text49       000000
__Ltext5                          text5        000000
__Ltext50                         text50       000000
__Ltext51                         text51       000000
__Ltext52                         text52       000000
__Ltext53                         text53       000000
__Ltext54                         text54       000000
__Ltext55                         text55       000000
__Ltext56                         text56       000000
__Ltext57                         text57       000000
__Ltext58                         text58       000000
__Ltext59                         text59       000000
__Ltext6                          text6        000000
__Ltext60                         text60       000000
__Ltext61                         text61       000000
__Ltext62                         text62       000000
__Ltext63                         text63       000000
__Ltext64                         text64       000000
__Ltext65                         text65       000000
__Ltext66                         text66       000000
__Ltext67                         text67       000000
__Ltext68                         text68       000000
__Ltext69                         text69       000000
__Ltext7                          text7        000000
__Ltext70                         text70       000000
__Ltext71                         text71       000000
__Ltext73                         text73       000000
__Ltext74                         text74       000000
__Ltext75                         text75       000000
__Ltext8                          text8        000000
__Ltext9                          text9        000000
__S0                              (abs)        30000E
__S1                              (abs)        0000F6
__S2                              (abs)        000000
___awdiv                          text67       003236
___awdiv@counter                  cstackCOMRAM 000019
___awdiv@dividend                 cstackCOMRAM 000015
___awdiv@divisor                  cstackCOMRAM 000017
___awdiv@quotient                 cstackCOMRAM 00001B
___awdiv@sign                     cstackCOMRAM 00001A
___awmod                          text66       003570
___awmod@counter                  cstackCOMRAM 000013
___awmod@dividend                 cstackCOMRAM 00000F
___awmod@divisor                  cstackCOMRAM 000011
___awmod@sign                     cstackCOMRAM 000014
___awtoft                         text37       003B72
___awtoft@c                       cstackCOMRAM 000023
___awtoft@sign                    cstackCOMRAM 000026
___ftadd                          text32       001DA0
___ftadd@exp1                     cstackCOMRAM 000047
___ftadd@exp2                     cstackCOMRAM 000046
___ftadd@f1                       cstackCOMRAM 00003C
___ftadd@f2                       cstackCOMRAM 00003F
___ftadd@sign                     cstackCOMRAM 000045
___ftdiv                          text36       002C2C
___ftdiv@cntr                     cstackCOMRAM 000030
___ftdiv@exp                      cstackCOMRAM 000034
___ftdiv@f1                       cstackCOMRAM 000027
___ftdiv@f2                       cstackCOMRAM 00002A
___ftdiv@f3                       cstackCOMRAM 000031
___ftdiv@sign                     cstackCOMRAM 000035
___ftge                           text34       0031A0
___ftge@ff1                       cstackCOMRAM 00000F
___ftge@ff2                       cstackCOMRAM 000012
___ftmul                          text24       002874
___ftmul@cntr                     cstackCOMRAM 000030
___ftmul@exp                      cstackCOMRAM 00002C
___ftmul@f1                       cstackCOMRAM 000023
___ftmul@f2                       cstackCOMRAM 000026
___ftmul@f3_as_product            cstackCOMRAM 00002D
___ftmul@sign                     cstackCOMRAM 000031
___ftneg                          text33       003D0A
___ftneg@f1                       cstackCOMRAM 00000F
___ftpack                         text38       002F90
___ftpack@arg                     cstackCOMRAM 00000F
___ftpack@exp                     cstackCOMRAM 000012
___ftpack@sign                    cstackCOMRAM 000013
___ftsub                          text31       003AB2
___ftsub@f1                       cstackCOMRAM 000048
___ftsub@f2                       cstackCOMRAM 00004B
___fttol                          text30       002B46
___fttol@exp1                     cstackCOMRAM 000047
___fttol@f1                       cstackCOMRAM 000039
___fttol@lval                     cstackCOMRAM 000043
___fttol@sign1                    cstackCOMRAM 000042
___inthi_sp                       stack        000000
___intlo_sp                       stack        000000
___lldiv                          text29       0032CC
___lldiv@counter                  cstackCOMRAM 00001B
___lldiv@dividend                 cstackCOMRAM 00000F
___lldiv@divisor                  cstackCOMRAM 000013
___lldiv@quotient                 cstackCOMRAM 000017
___llmod                          text28       0035F2
___llmod@counter                  cstackCOMRAM 000017
___llmod@dividend                 cstackCOMRAM 00000F
___llmod@divisor                  cstackCOMRAM 000013
___lltoft                         text27       00379A
___lltoft@c                       cstackCOMRAM 000017
___lltoft@exp                     cstackCOMRAM 00001F
___param_bank                     (abs)        000010
___rparam_used                    (abs)        000001
___sp                             stack        000000
___wmul                           text65       003C96
___wmul@multiplicand              cstackCOMRAM 00001F
___wmul@multiplier                cstackCOMRAM 00001D
___wmul@product                   cstackCOMRAM 000021
__accesstop                       (abs)        000080
__activetblptr                    (abs)        000002
__div_to_l_                       text26       00276A
__div_to_l_@cntr                  cstackCOMRAM 000019
__div_to_l_@exp1                  cstackCOMRAM 00001A
__div_to_l_@f1                    cstackCOMRAM 00000F
__div_to_l_@f2                    cstackCOMRAM 000012
__div_to_l_@quot                  cstackCOMRAM 000015
__end_of_Activate_Buzzer          text71       003DFE
__end_of_Day_Mode                 text14       002F90
__end_of_Deactivate_Buzzer        text70       003E70
__end_of_Do_Init                  text39       003D0A
__end_of_INT0_ISR                 text75       003E68
__end_of_INT1_ISR                 text74       003E5E
__end_of_INT2_ISR                 text73       003E48
__end_of_Init_ADC                 text43       003E3A
__end_of_Init_TRIS                text42       003D9C
__end_of_Initialize_Screen        text3        0011D6
__end_of_LCD_Reset                text12       003DEC
__end_of_Night_Mode               text2        0031A0
__end_of_OpenUSART                text41       0036D2
__end_of_PED_Control              text53       003856
__end_of_Rcmd1                    text11       00265A
__end_of_Rcmd2red                 text10       003B34
__end_of_Rcmd3                    text9        002A5E
__end_of_Select_ADC_Channel       text1        003E54
__end_of_Set_EW                   text48       003AB2
__end_of_Set_EWLT                 text47       003A6A
__end_of_Set_NS                   text46       003A22
__end_of_Set_NSLT                 text45       0039DA
__end_of_TFT_GreenTab_Initialize  text8        003C6C
__end_of_WAIT_1_SEC               text17       003570
__end_of_WAIT_1_SEC_W_BEEP        text68       003DB2
__end_of_WAIT_HALF_SEC            text69       003D86
__end_of_WAIT_N_SEC               text15       003BE0
__end_of___awdiv                  text67       0032CC
__end_of___awmod                  text66       0035F2
__end_of___awtoft                 text37       003BAE
__end_of___ftadd                  text32       001F64
__end_of___ftdiv                  text36       002D0E
__end_of___ftge                   text34       003236
__end_of___ftmul                  text24       00296C
__end_of___ftneg                  text33       003D2E
__end_of___ftpack                 text38       003056
__end_of___ftsub                  text31       003AF6
__end_of___fttol                  text30       002C2C
__end_of___lldiv                  text29       003358
__end_of___llmod                  text28       003662
__end_of___lltoft                 text27       0037FA
__end_of___wmul                   text65       003CBE
__end_of__div_to_l_               text26       002874
__end_of__initialization          cinit        003790
__end_of__npowers_                mediumconst  00FC31
__end_of__powers_                 mediumconst  00FC58
__end_of__tdiv_to_l_              text25       00276A
__end_of_chkisr                   intcode_body 0034EE
__end_of_delay_ms                 text13       0038A8
__end_of_dpowers                  mediumconst  00FC0A
__end_of_drawChar                 text57       002412
__end_of_drawCircle               text52       002112
__end_of_drawFastHLine            text7        0033E0
__end_of_drawFastVLine            text59       003468
__end_of_drawPixel                text60       003C42
__end_of_drawRect                 text6        003738
__end_of_drawtext                 text55       002DEC
__end_of_fillCircle               text50       0038FA
__end_of_fillCircleHelper         text51       00254A
__end_of_fillRect                 text58       003992
__end_of_fillRectangle            text5        002EC8
__end_of_fillScreen               text4        003D6C
__end_of_font                     mediumconst  00FB06
__end_of_font2                    mediumconst  00FBE2
__end_of_fround                   text23       001DA0
__end_of_get_full_ADC             text35       003CE4
__end_of_init_UART                text40       003DC6
__end_of_isdigit                  text22       003D50
__end_of_main                     text0        0030FC
__end_of_printf                   text19       000AB8
__end_of_putch                    text21       003E2C
__end_of_scale                    text20       0015B6
__end_of_setAddrWindow            text61       003948
__end_of_spiwrite                 text64       003DDA
__end_of_strcpy                   text44       003C12
__end_of_strlen                   text56       003B72
__end_of_update_LCD_PED_Count     text54       002B46
__end_of_update_LCD_color         text49       001918
__end_of_update_LCD_count         text16       0022BC
__end_of_update_LCD_misc          text18       001B5C
__end_of_write_command            text63       003E1E
__end_of_write_data               text62       003E0E
__initialization                  cinit        003738
__mediumconst                     mediumconst  00FA06
__npowers_                        mediumconst  00FC0A
__pbssBANK0                       bssBANK0     000080
__pbssCOMRAM                      bssCOMRAM    000064
__pcinit                          cinit        003738
__pcstackBANK0                    cstackBANK0  0000DD
__pcstackCOMRAM                   cstackCOMRAM 000001
__pdataBANK0                      dataBANK0    0000B4
__pdataCOMRAM                     dataCOMRAM   00006C
__pidataBANK0                     idataBANK0   003C6C
__pidataCOMRAM                    idataCOMRAM  003E70
__pintcode                        intcode      000008
__pintcode_body                   intcode_body 003468
__pmediumconst                    mediumconst  00FA06
__powers_                         mediumconst  00FC31
__ptext0                          text0        003056
__ptext1                          text1        003E48
__ptext10                         text10       003AF6
__ptext11                         text11       00254A
__ptext12                         text12       003DDA
__ptext13                         text13       003856
__ptext14                         text14       002EC8
__ptext15                         text15       003BAE
__ptext16                         text16       002112
__ptext17                         text17       0034EE
__ptext18                         text18       001918
__ptext19                         text19       00001C
__ptext2                          text2        0030FC
__ptext20                         text20       0011D6
__ptext21                         text21       003E1E
__ptext22                         text22       003D2E
__ptext23                         text23       001B5C
__ptext24                         text24       002874
__ptext25                         text25       00265A
__ptext26                         text26       00276A
__ptext27                         text27       00379A
__ptext28                         text28       0035F2
__ptext29                         text29       0032CC
__ptext3                          text3        000AB8
__ptext30                         text30       002B46
__ptext31                         text31       003AB2
__ptext32                         text32       001DA0
__ptext33                         text33       003D0A
__ptext34                         text34       0031A0
__ptext35                         text35       003CBE
__ptext36                         text36       002C2C
__ptext37                         text37       003B72
__ptext38                         text38       002F90
__ptext39                         text39       003CE4
__ptext4                          text4        003D50
__ptext40                         text40       003DB2
__ptext41                         text41       003662
__ptext42                         text42       003D86
__ptext43                         text43       003E2C
__ptext44                         text44       003BE0
__ptext45                         text45       003992
__ptext46                         text46       0039DA
__ptext47                         text47       003A22
__ptext48                         text48       003A6A
__ptext49                         text49       0015B6
__ptext5                          text5        002DEC
__ptext50                         text50       0038A8
__ptext51                         text51       002412
__ptext52                         text52       001F64
__ptext53                         text53       0037FA
__ptext54                         text54       002A5E
__ptext55                         text55       002D0E
__ptext56                         text56       003B34
__ptext57                         text57       0022BC
__ptext58                         text58       003948
__ptext59                         text59       0033E0
__ptext6                          text6        0036D2
__ptext60                         text60       003C12
__ptext61                         text61       0038FA
__ptext62                         text62       003DFE
__ptext63                         text63       003E0E
__ptext64                         text64       003DC6
__ptext65                         text65       003C96
__ptext66                         text66       003570
__ptext67                         text67       003236
__ptext68                         text68       003D9C
__ptext69                         text69       003D6C
__ptext7                          text7        003358
__ptext70                         text70       003E68
__ptext71                         text71       003DEC
__ptext73                         text73       003E3A
__ptext74                         text74       003E54
__ptext75                         text75       003E5E
__ptext8                          text8        003C42
__ptext9                          text9        00296C
__ramtop                          ramtop       001000
__size_of_Activate_Buzzer         (abs)        000000
__size_of_Day_Mode                (abs)        000000
__size_of_Deactivate_Buzzer       (abs)        000000
__size_of_Do_Init                 (abs)        000000
__size_of_INT0_ISR                (abs)        000000
__size_of_INT1_ISR                (abs)        000000
__size_of_INT2_ISR                (abs)        000000
__size_of_Init_ADC                (abs)        000000
__size_of_Init_TRIS               (abs)        000000
__size_of_Initialize_Screen       (abs)        000000
__size_of_LCD_Reset               (abs)        000000
__size_of_Night_Mode              (abs)        000000
__size_of_OpenUSART               (abs)        000000
__size_of_PED_Control             (abs)        000000
__size_of_Rcmd1                   (abs)        000000
__size_of_Rcmd2red                (abs)        000000
__size_of_Rcmd3                   (abs)        000000
__size_of_Select_ADC_Channel      (abs)        000000
__size_of_Set_EW                  (abs)        000000
__size_of_Set_EWLT                (abs)        000000
__size_of_Set_NS                  (abs)        000000
__size_of_Set_NSLT                (abs)        000000
__size_of_TFT_GreenTab_Initialize (abs)        000000
__size_of_WAIT_1_SEC              (abs)        000000
__size_of_WAIT_1_SEC_W_BEEP       (abs)        000000
__size_of_WAIT_HALF_SEC           (abs)        000000
__size_of_WAIT_N_SEC              (abs)        000000
__size_of___awdiv                 (abs)        000000
__size_of___awmod                 (abs)        000000
__size_of___awtoft                (abs)        000000
__size_of___ftadd                 (abs)        000000
__size_of___ftdiv                 (abs)        000000
__size_of___ftge                  (abs)        000000
__size_of___ftmul                 (abs)        000000
__size_of___ftneg                 (abs)        000000
__size_of___ftpack                (abs)        000000
__size_of___ftsub                 (abs)        000000
__size_of___fttol                 (abs)        000000
__size_of___lldiv                 (abs)        000000
__size_of___llmod                 (abs)        000000
__size_of___lltoft                (abs)        000000
__size_of___wmul                  (abs)        000000
__size_of__div_to_l_              (abs)        000000
__size_of__tdiv_to_l_             (abs)        000000
__size_of_chkisr                  (abs)        000000
__size_of_delay_ms                (abs)        000000
__size_of_drawChar                (abs)        000000
__size_of_drawCircle              (abs)        000000
__size_of_drawFastHLine           (abs)        000000
__size_of_drawFastVLine           (abs)        000000
__size_of_drawPixel               (abs)        000000
__size_of_drawRect                (abs)        000000
__size_of_drawtext                (abs)        000000
__size_of_fillCircle              (abs)        000000
__size_of_fillCircleHelper        (abs)        000000
__size_of_fillRect                (abs)        000000
__size_of_fillRectangle           (abs)        000000
__size_of_fillScreen              (abs)        000000
__size_of_fround                  (abs)        000000
__size_of_get_full_ADC            (abs)        000000
__size_of_init_UART               (abs)        000000
__size_of_isdigit                 (abs)        000000
__size_of_main                    (abs)        000000
__size_of_printf                  (abs)        000000
__size_of_putch                   (abs)        000000
__size_of_scale                   (abs)        000000
__size_of_setAddrWindow           (abs)        000000
__size_of_spiwrite                (abs)        000000
__size_of_strcpy                  (abs)        000000
__size_of_strlen                  (abs)        000000
__size_of_update_LCD_PED_Count    (abs)        000000
__size_of_update_LCD_color        (abs)        000000
__size_of_update_LCD_count        (abs)        000000
__size_of_update_LCD_misc         (abs)        000000
__size_of_write_command           (abs)        000000
__size_of_write_data              (abs)        000000
__smallconst                      smallconst   000000
__tdiv_to_l_                      text25       00265A
__tdiv_to_l_@cntr                 cstackCOMRAM 00001C
__tdiv_to_l_@exp1                 cstackCOMRAM 00001D
__tdiv_to_l_@f1                   cstackCOMRAM 00000F
__tdiv_to_l_@f2                   cstackCOMRAM 000012
__tdiv_to_l_@quot                 cstackCOMRAM 000018
__tft_type                        bssCOMRAM    000068
_array                            dataBANK0    0000B4
_buffer                           bssBANK0     000095
_chkisr                           intcode      000008
_colstart                         bssCOMRAM    000069
_delay_ms                         text13       003856
_dir                              bssCOMRAM    00006A
_direction                        bssBANK0     000094
_dpowers                          mediumconst  00FBE2
_drawChar                         text57       0022BC
_drawCircle                       text52       001F64
_drawFastHLine                    text7        003358
_drawFastVLine                    text59       0033E0
_drawPixel                        text60       003C12
_drawRect                         text6        0036D2
_drawtext                         text55       002D0E
_fillCircle                       text50       0038A8
_fillCircleHelper                 text51       002412
_fillRect                         text58       003948
_fillRectangle                    text5        002DEC
_fillScreen                       text4        003D50
_font                             mediumconst  00FA07
_font2                            mediumconst  00FB06
_fround                           text23       001B5C
_fround$2515                      cstackCOMRAM 000038
_fround$2516                      cstackCOMRAM 000035
_get_full_ADC                     text35       003CBE
_init_UART                        text40       003DB2
_isdigit                          text22       003D2E
_isdigit$2209                     cstackCOMRAM 000010
_main                             text0        003056
_nbr                              bssBANK0     00008B
_printf                           text19       00001C
_printf$2518                      cstackBANK0  0000DD
_putch                            text21       003E1E
_rowstart                         bssCOMRAM    00006B
_scale                            text20       0011D6
_scale$2517                       cstackCOMRAM 000035
_setAddrWindow                    text61       0038FA
_spiwrite                         text64       003DC6
_strcpy                           text44       003BE0
_strlen                           text56       003B34
_txt                              bssCOMRAM    000064
_update_LCD_PED_Count             text54       002A5E
_update_LCD_color                 text49       0015B6
_update_LCD_count                 text16       002112
_update_LCD_misc                  text18       001918
_volts                            bssBANK0     000080
_wrap                             dataCOMRAM   00006C
_write_command                    text63       003E0E
_write_data                       text62       003DFE
delay_ms@count                    cstackCOMRAM 000027
delay_ms@ms                       cstackCOMRAM 000023
drawChar@bg                       cstackCOMRAM 000030
drawChar@c                        cstackCOMRAM 00002D
drawChar@color                    cstackCOMRAM 00002E
drawChar@i                        cstackCOMRAM 000036
drawChar@j                        cstackCOMRAM 000035
drawChar@line                     cstackCOMRAM 000033
drawChar@size                     cstackCOMRAM 000032
drawChar@x                        cstackCOMRAM 000034
drawChar@y                        cstackCOMRAM 00002C
drawCircle@color                  cstackCOMRAM 000020
drawCircle@ddF_x                  cstackCOMRAM 000024
drawCircle@ddF_y                  cstackCOMRAM 000026
drawCircle@f                      cstackCOMRAM 000028
drawCircle@r                      cstackCOMRAM 00001E
drawCircle@x                      cstackCOMRAM 00002A
drawCircle@x0                     cstackCOMRAM 00001A
drawCircle@y                      cstackCOMRAM 00002C
drawCircle@y0                     cstackCOMRAM 00001C
drawFastHLine@color               cstackCOMRAM 000018
drawFastHLine@hi                  cstackCOMRAM 00001E
drawFastHLine@lo                  cstackCOMRAM 00001F
drawFastHLine@w                   cstackCOMRAM 000017
drawFastHLine@x                   cstackCOMRAM 000020
drawFastHLine@y                   cstackCOMRAM 000016
drawFastVLine@color               cstackCOMRAM 000018
drawFastVLine@h                   cstackCOMRAM 000017
drawFastVLine@hi                  cstackCOMRAM 00001E
drawFastVLine@lo                  cstackCOMRAM 00001F
drawFastVLine@x                   cstackCOMRAM 000020
drawFastVLine@y                   cstackCOMRAM 000016
drawPixel@color                   cstackCOMRAM 000017
drawPixel@x                       cstackCOMRAM 000019
drawPixel@y                       cstackCOMRAM 000016
drawRect@color                    cstackCOMRAM 000029
drawRect@h                        cstackCOMRAM 000027
drawRect@w                        cstackCOMRAM 000025
drawRect@x                        cstackCOMRAM 000021
drawRect@y                        cstackCOMRAM 000023
drawtext@_text                    cstackCOMRAM 000038
drawtext@bg                       cstackCOMRAM 00003C
drawtext@color                    cstackCOMRAM 00003A
drawtext@cursor_x                 cstackCOMRAM 000047
drawtext@cursor_y                 cstackCOMRAM 000046
drawtext@i                        cstackCOMRAM 000044
drawtext@size                     cstackCOMRAM 00003E
drawtext@textsize                 cstackCOMRAM 000042
drawtext@x                        cstackCOMRAM 000041
drawtext@y                        cstackCOMRAM 000037
end_of_initialization             cinit        003790
fillCircle@color                  cstackCOMRAM 00003F
fillCircle@r                      cstackCOMRAM 00003D
fillCircle@x0                     cstackCOMRAM 000039
fillCircle@y0                     cstackCOMRAM 00003B
fillCircleHelper@color            cstackCOMRAM 00002B
fillCircleHelper@cornername       cstackCOMRAM 000027
fillCircleHelper@ddF_x            cstackCOMRAM 00002F
fillCircleHelper@ddF_y            cstackCOMRAM 000031
fillCircleHelper@delta            cstackCOMRAM 000029
fillCircleHelper@f                cstackCOMRAM 000033
fillCircleHelper@r                cstackCOMRAM 000025
fillCircleHelper@x                cstackCOMRAM 000035
fillCircleHelper@x0               cstackCOMRAM 000021
fillCircleHelper@y                cstackCOMRAM 000037
fillCircleHelper@y0               cstackCOMRAM 000023
fillRect@color                    cstackCOMRAM 000024
fillRect@h                        cstackCOMRAM 000023
fillRect@i                        cstackCOMRAM 00002A
fillRect@w                        cstackCOMRAM 000022
fillRect@x                        cstackCOMRAM 000029
fillRect@y                        cstackCOMRAM 000021
fillRectangle@color               cstackCOMRAM 000019
fillRectangle@h                   cstackCOMRAM 000018
fillRectangle@hi                  cstackCOMRAM 00001F
fillRectangle@lo                  cstackCOMRAM 000020
fillRectangle@w                   cstackCOMRAM 000017
fillRectangle@x                   cstackCOMRAM 000021
fillRectangle@y                   cstackCOMRAM 000016
fillScreen@color                  cstackCOMRAM 000022
fround@prec                       cstackCOMRAM 00003B
get_full_ADC@result               cstackCOMRAM 000013
int_func                          intcode_body 003468
intlevel0                         text         000000
intlevel1                         text         000000
intlevel2                         text         000000
intlevel3                         text         000000
isdigit@c                         cstackCOMRAM 000011
main@nStep                        cstackCOMRAM 000062
printf@ap                         cstackBANK0  0000E0
printf@c                          cstackBANK0  0000F5
printf@exp                        cstackBANK0  0000EA
printf@f                          cstackCOMRAM 00004E
printf@flag                       cstackBANK0  0000EC
printf@fval                       cstackBANK0  0000F0
printf@prec                       cstackBANK0  0000F3
printf@tmpval                     cstackBANK0  0000E6
printf@val                        cstackBANK0  0000E2
printf@width                      cstackBANK0  0000EE
putch@c                           cstackCOMRAM 00000F
scale@scl                         cstackCOMRAM 000038
setAddrWindow@x0                  cstackCOMRAM 000015
setAddrWindow@x1                  cstackCOMRAM 000013
setAddrWindow@y0                  cstackCOMRAM 000012
setAddrWindow@y1                  cstackCOMRAM 000014
spiwrite@spidata                  cstackCOMRAM 000010
spiwrite@x                        cstackCOMRAM 00000F
stackhi                           (abs)        000EEE
stacklo                           (abs)        0000F6
start                             init         000018
start_initialization              cinit        003738
strcpy@cp                         cstackCOMRAM 000013
strcpy@from                       cstackCOMRAM 000011
strcpy@to                         cstackCOMRAM 00000F
strlen@cp                         cstackCOMRAM 000013
strlen@s                          cstackCOMRAM 00000F
update_LCD_PED_Count@count        cstackCOMRAM 000048
update_LCD_PED_Count@direction    cstackCOMRAM 00004A
update_LCD_color@Circle_Y         cstackCOMRAM 000043
update_LCD_color@color            cstackCOMRAM 000041
update_LCD_color@direction        cstackCOMRAM 000042
update_LCD_count@count            cstackCOMRAM 000048
update_LCD_count@direction        cstackCOMRAM 00004A
update_LCD_misc@nStep             cstackCOMRAM 000059
update_LCD_misc@volts             cstackCOMRAM 00005B
write_command@cmd_                cstackCOMRAM 000011
write_data@data_                  cstackCOMRAM 000011


FUNCTION INFORMATION:

 *************** function _main *****************
 Defined at:
		line 302 in file "Lab9test.c"
 Parameters:    Size  Location     Type
		None
 Auto vars:     Size  Location     Type
  nStep           2   97[COMRAM] int 
 Return value:  Size  Location     Type
		None               void
 Registers used:
		wreg, fsr2l, fsr2h, status,2, status,0, tblptrl, tblptrh, tblptru, prodl, prodh, cstack
 Tracked objects:
		On entry : 
		On exit  : 
		Unchanged: 
 Data sizes:     COMRAM   BANK0   BANK1   BANK2   BANK3   BANK4   BANK5   BANK6   BANK7   BANK8   BANK9  BANK10  BANK11  BANK12  BANK13  BANK14  BANK15
      Params:         0       0       0       0       0       0       0       0       0       0       0       0       0       0       0       0       0
      Locals:         2       0       0       0       0       0       0       0       0       0       0       0       0       0       0       0       0
      Temps:          2       0       0       0       0       0       0       0       0       0       0       0       0       0       0       0       0
      Totals:         4       0       0       0       0       0       0       0       0       0       0       0       0       0       0       0       0
Total ram usage:        4 bytes
 Hardware stack levels required when called:   13
 This function calls:
		_Day_Mode
		_Do_Init
		_Init_ADC
		_Init_TRIS
		_Initialize_Screen
		_Night_Mode
		_Select_ADC_Channel
		___awtoft
		___ftdiv
		___ftge
		_get_full_ADC
		_init_UART
 This function is called by:
		Startup code after reset
 This function uses a non-reentrant model


 *************** function _Select_ADC_Channel *****************
 Defined at:
		line 456 in file "Lab9test.c"
 Parameters:    Size  Location     Type
  channel         1    wreg     unsigned char 
 Auto vars:     Size  Location     Type
  channel         1   14[COMRAM] unsigned char 
 Return value:  Size  Location     Type
		None               void
 Registers used:
		wreg, status,2, status,0, prodl, prodh
 Tracked objects:
		On entry : 
		On exit  : 
		Unchanged: 
 Data sizes:     COMRAM   BANK0   BANK1   BANK2   BANK3   BANK4   BANK5   BANK6   BANK7   BANK8   BANK9  BANK10  BANK11  BANK12  BANK13  BANK14  BANK15
      Params:         0       0       0       0       0       0       0       0       0       0       0       0       0       0       0       0       0
      Locals:         1       0       0       0       0       0       0       0       0       0       0       0       0       0       0       0       0
      Temps:          0       0       0       0       0       0       0       0       0       0       0       0       0       0       0       0       0
      Totals:         1       0       0       0       0       0       0       0       0       0       0       0       0       0       0       0       0
Total ram usage:        1 bytes
 Hardware stack levels used:    1
 Hardware stack levels required when called:    2
 This function calls:
		Nothing
 This function is called by:
		_main
 This function uses a non-reentrant model


 *************** function _Night_Mode *****************
 Defined at:
		line 390 in file "Lab9test.c"
 Parameters:    Size  Location     Type
		None
 Auto vars:     Size  Location     Type
		None
 Return value:  Size  Location     Type
		None               void
 Registers used:
		wreg, fsr2l, fsr2h, status,2, status,0, tblptrl, tblptrh, tblptru, prodl, prodh, cstack
 Tracked objects:
		On entry : 
		On exit  : 
		Unchanged: 
 Data sizes:     COMRAM   BANK0   BANK1   BANK2   BANK3   BANK4   BANK5   BANK6   BANK7   BANK8   BANK9  BANK10  BANK11  BANK12  BANK13  BANK14  BANK15
      Params:         0       0       0       0       0       0       0       0       0       0       0       0       0       0       0       0       0
      Locals:         0       0       0       0       0       0       0       0       0       0       0       0       0       0       0       0       0
      Temps:          0       0       0       0       0       0       0       0       0       0       0       0       0       0       0       0       0
      Totals:         0       0       0       0       0       0       0       0       0       0       0       0       0       0       0       0       0
Total ram usage:        0 bytes
 Hardware stack levels used:    1
 Hardware stack levels required when called:   12
 This function calls:
		_Set_EW
		_Set_EWLT
		_Set_NS
		_Set_NSLT
		_WAIT_N_SEC
 This function is called by:
		_main
 This function uses a non-reentrant model


 *************** function _Initialize_Screen *****************
 Defined at:
		line 199 in file "Lab9test.c"
 Parameters:    Size  Location     Type
		None
 Auto vars:     Size  Location     Type
		None
 Return value:  Size  Location     Type
		None               void
 Registers used:
		wreg, fsr2l, fsr2h, status,2, status,0, tblptrl, tblptrh, tblptru, prodl, prodh, cstack
 Tracked objects:
		On entry : 
		On exit  : 
		Unchanged: 
 Data sizes:     COMRAM   BANK0   BANK1   BANK2   BANK3   BANK4   BANK5   BANK6   BANK7   BANK8   BANK9  BANK10  BANK11  BANK12  BANK13  BANK14  BANK15
      Params:         0       0       0       0       0       0       0       0       0       0       0       0       0       0       0       0       0
      Locals:         0       0       0       0       0       0       0       0       0       0       0       0       0       0       0       0       0
      Temps:          0       0       0       0       0       0       0       0       0       0       0       0       0       0       0       0       0
      Totals:         0       0       0       0       0       0       0       0       0       0       0       0       0       0       0       0       0
Total ram usage:        0 bytes
 Hardware stack levels used:    1
 Hardware stack levels required when called:    9
 This function calls:
		_LCD_Reset
		_TFT_GreenTab_Initialize
		_drawCircle
		_drawRect
		_drawtext
		_fillCircle
		_fillScreen
		_strcpy
 This function is called by:
		_main
 This function uses a non-reentrant model


 *************** function _fillScreen *****************
 Defined at:
		line 652 in file "ST7735_TFT.c"
[...]
Total ram usage:        6 bytes
 Hardware stack levels used:    1
 Hardware stack levels required when called:    2
 This function calls:
		Nothing
 This function is called by:
		_update_LCD_count
		_update_LCD_PED_Count
		_fround
		_scale
 This function uses a non-reentrant model


 *************** function ___awdiv *****************
 Defined at:
		line 8 in file "C:\My Programs\Microchip\xc8\v1.34\sources\common\awdiv.c"
 Parameters:    Size  Location     Type
  dividend        2   20[COMRAM] int 
  divisor         2   22[COMRAM] int 
 Auto vars:     Size  Location     Type
  quotient        2   26[COMRAM] int 
  sign            1   25[COMRAM] unsigned char 
  counter         1   24[COMRAM] unsigned char 
 Return value:  Size  Location     Type
                  2   20[COMRAM] int 
 Registers used:
		wreg, status,2, status,0
 Tracked objects:
		On entry : 
		On exit  : 
		Unchanged: 
 Data sizes:     COMRAM   BANK0   BANK1   BANK2   BANK3   BANK4   BANK5   BANK6   BANK7   BANK8   BANK9  BANK10  BANK11  BANK12  BANK13  BANK14  BANK15
      Params:         4       0       0       0       0       0       0       0       0       0       0       0       0       0       0       0       0
      Locals:         4       0       0       0       0       0       0       0       0       0       0       0       0       0       0       0       0
      Temps:          0       0       0       0       0       0       0       0       0       0       0       0       0       0       0       0       0
      Totals:         8       0       0       0       0       0       0       0       0       0       0       0       0       0       0       0       0
Total ram usage:        8 bytes
 Hardware stack levels used:    1
 Hardware stack levels required when called:    2
 This function calls:
		Nothing
 This function is called by:
		_update_LCD_count
		_update_LCD_PED_Count
		_fround
		_scale
		_printf
 This function uses a non-reentrant model


 *************** function _WAIT_1_SEC_W_BEEP *****************
 Defined at:
		line 510 in file "Lab9test.c"
 Parameters:    Size  Location     Type
		None
 Auto vars:     Size  Location     Type
		None
 Return value:  Size  Location     Type
		None               void
 Registers used:
		wreg, status,2, cstack
 Tracked objects:
		On entry : 
		On exit  : 
		Unchanged: 
 Data sizes:     COMRAM   BANK0   BANK1   BANK2   BANK3   BANK4   BANK5   BANK6   BANK7   BANK8   BANK9  BANK10  BANK11  BANK12  BANK13  BANK14  BANK15
      Params:         0       0       0       0       0       0       0       0       0       0       0       0       0       0       0       0       0
      Locals:         0       0       0       0       0       0       0       0       0       0       0       0       0       0       0       0       0
      Temps:          0       0       0       0       0       0       0       0       0       0       0       0       0       0       0       0       0
      Totals:         0       0       0       0       0       0       0       0       0       0       0       0       0       0       0       0       0
Total ram usage:        0 bytes
 Hardware stack levels used:    1
 Hardware stack levels required when called:    3
 This function calls:
		_Activate_Buzzer
		_Deactivate_Buzzer
		_WAIT_HALF_SEC
 This function is called by:
		_PED_Control
 This function uses a non-reentrant model


 *************** function _WAIT_HALF_SEC *****************
 Defined at:
		line 487 in file "Lab9test.c"
 Parameters:    Size  Location     Type
		None
 Auto vars:     Size  Location     Type
		None
 Return value:  Size  Location     Type
		None               void
 Registers used:
		wreg, status,2
 Tracked objects:
		On entry : 
		On exit  : 
		Unchanged: 
 Data sizes:     COMRAM   BANK0   BANK1   BANK2   BANK3   BANK4   BANK5   BANK6   BANK7   BANK8   BANK9  BANK10  BANK11  BANK12  BANK13  BANK14  BANK15
      Params:         0       0       0       0       0       0       0       0       0       0       0       0       0       0       0       0       0
      Locals:         0       0       0       0       0       0       0       0       0       0       0       0       0       0       0       0       0
      Temps:          0       0       0       0       0       0       0       0       0       0       0       0       0       0       0       0       0
      Totals:         0       0       0       0       0       0       0       0       0       0       0       0       0       0       0       0       0
Total ram usage:        0 bytes
 Hardware stack levels used:    1
 Hardware stack levels required when called:    2
 This function calls:
		Nothing
 This function is called by:
		_WAIT_1_SEC
		_WAIT_1_SEC_W_BEEP
 This function uses a non-reentrant model


 *************** function _Deactivate_Buzzer *****************
 Defined at:
		line 528 in file "Lab9test.c"
 Parameters:    Size  Location     Type
		None
 Auto vars:     Size  Location     Type
		None
 Return value:  Size  Location     Type
		None               void
 Registers used:
		wreg, status,2
 Tracked objects:
		On entry : 
		On exit  : 
		Unchanged: 
 Data sizes:     COMRAM   BANK0   BANK1   BANK2   BANK3   BANK4   BANK5   BANK6   BANK7   BANK8   BANK9  BANK10  BANK11  BANK12  BANK13  BANK14  BANK15
      Params:         0       0       0       0       0       0       0       0       0       0       0       0       0       0       0       0       0
      Locals:         0       0       0       0       0       0       0       0       0       0       0       0       0       0       0       0       0
      Temps:          0       0       0       0       0       0       0       0       0       0       0       0       0       0       0       0       0
      Totals:         0       0       0       0       0       0       0       0       0       0       0       0       0       0       0       0       0
Total ram usage:        0 bytes
 Hardware stack levels used:    1
 Hardware stack levels required when called:    2
 This function calls:
		Nothing
 This function is called by:
		_WAIT_1_SEC_W_BEEP
 This function uses a non-reentrant model


 *************** function _Activate_Buzzer *****************
 Defined at:
		line 520 in file "Lab9test.c"
 Parameters:    Size  Location     Type
		None
 Auto vars:     Size  Location     Type
		None
 Return value:  Size  Location     Type
		None               void
 Registers used:
		wreg, status,2
 Tracked objects:
		On entry : 
		On exit  : 
		Unchanged: 
 Data sizes:     COMRAM   BANK0   BANK1   BANK2   BANK3   BANK4   BANK5   BANK6   BANK7   BANK8   BANK9  BANK10  BANK11  BANK12  BANK13  BANK14  BANK15
      Params:         0       0       0       0       0       0       0       0       0       0       0       0       0       0       0       0       0
      Locals:         0       0       0       0       0       0       0       0       0       0       0       0       0       0       0       0       0
      Temps:          0       0       0       0       0       0       0       0       0       0       0       0       0       0       0       0       0
      Totals:         0       0       0       0       0       0       0       0       0       0       0       0       0       0       0       0       0
Total ram usage:        0 bytes
 Hardware stack levels used:    1
 Hardware stack levels required when called:    2
 This function calls:
		Nothing
 This function is called by:
		_WAIT_1_SEC_W_BEEP
 This function uses a non-reentrant model


 *************** function _chkisr *****************
 Defined at:
		line 794 in file "Lab9test.c"
 Parameters:    Size  Location     Type
		None
 Auto vars:     Size  Location     Type
		None
 Return value:  Size  Location     Type
		None               void
 Registers used:
		wreg, status,2, cstack
 Tracked objects:
		On entry : 
		On exit  : 
		Unchanged: 
 Data sizes:     COMRAM   BANK0   BANK1   BANK2   BANK3   BANK4   BANK5   BANK6   BANK7   BANK8   BANK9  BANK10  BANK11  BANK12  BANK13  BANK14  BANK15
      Params:         0       0       0       0       0       0       0       0       0       0       0       0       0       0       0       0       0
      Locals:         0       0       0       0       0       0       0       0       0       0       0       0       0       0       0       0       0
      Temps:         14       0       0       0       0       0       0       0       0       0       0       0       0       0       0       0       0
      Totals:        14       0       0       0       0       0       0       0       0       0       0       0       0       0       0       0       0
Total ram usage:       14 bytes
 Hardware stack levels used:    1
 Hardware stack levels required when called:    1
 This function calls:
		_INT0_ISR
		_INT1_ISR
		_INT2_ISR
 This function is called by:
		Interrupt level 2
 This function uses a non-reentrant model


 *************** function _INT2_ISR *****************
 Defined at:
		line 813 in file "Lab9test.c"
 Parameters:    Size  Location     Type
		None
 Auto vars:     Size  Location     Type
		None
 Return value:  Size  Location     Type
		None               void
 Registers used:
		wreg, status,2
 Tracked objects:
		On entry : 
		On exit  : 
		Unchanged: 
 Data sizes:     COMRAM   BANK0   BANK1   BANK2   BANK3   BANK4   BANK5   BANK6   BANK7   BANK8   BANK9  BANK10  BANK11  BANK12  BANK13  BANK14  BANK15
      Params:         0       0       0       0       0       0       0       0       0       0       0       0       0       0       0       0       0
      Locals:         0       0       0       0       0       0       0       0       0       0       0       0       0       0       0       0       0
      Temps:          0       0       0       0       0       0       0       0       0       0       0       0       0       0       0       0       0
      Totals:         0       0       0       0       0       0       0       0       0       0       0       0       0       0       0       0       0
Total ram usage:        0 bytes
 Hardware stack levels used:    1
 This function calls:
		Nothing
 This function is called by:
		_chkisr
 This function uses a non-reentrant model


 *************** function _INT1_ISR *****************
 Defined at:
		line 807 in file "Lab9test.c"
 Parameters:    Size  Location     Type
		None
 Auto vars:     Size  Location     Type
		None
 Return value:  Size  Location     Type
		None               void
 Registers used:
		wreg, status,2
 Tracked objects:
		On entry : 
		On exit  : 
		Unchanged: 
 Data sizes:     COMRAM   BANK0   BANK1   BANK2   BANK3   BANK4   BANK5   BANK6   BANK7   BANK8   BANK9  BANK10  BANK11  BANK12  BANK13  BANK14  BANK15
      Params:         0       0       0       0       0       0       0       0       0       0       0       0       0       0       0       0       0
      Locals:         0       0       0       0       0       0       0       0       0       0       0       0       0       0       0       0       0
      Temps:          0       0       0       0       0       0       0       0       0       0       0       0       0       0       0       0       0
      Totals:         0       0       0       0       0       0       0       0       0       0       0       0       0       0       0       0       0
Total ram usage:        0 bytes
 Hardware stack levels used:    1
 This function calls:
		Nothing
 This function is called by:
		_chkisr
 This function uses a non-reentrant model


 *************** function _INT0_ISR *****************
 Defined at:
		line 801 in file "Lab9test.c"
 Parameters:    Size  Location     Type
		None
 Auto vars:     Size  Location     Type
		None
 Return value:  Size  Location     Type
		None               void
 Registers used:
		wreg, status,2
 Tracked objects:
		On entry : 
		On exit  : 
		Unchanged: 
 Data sizes:     COMRAM   BANK0   BANK1   BANK2   BANK3   BANK4   BANK5   BANK6   BANK7   BANK8   BANK9  BANK10  BANK11  BANK12  BANK13  BANK14  BANK15
      Params:         0       0       0       0       0       0       0       0       0       0       0       0       0       0       0       0       0
      Locals:         0       0       0       0       0       0       0       0       0       0       0       0       0       0       0       0       0
      Temps:          0       0       0       0       0       0       0       0       0       0       0       0       0       0       0       0       0
      Totals:         0       0       0       0       0       0       0       0       0       0       0       0       0       0       0       0       0
Total ram usage:        0 bytes
 Hardware stack levels used:    1
 This function calls:
		Nothing
 This function is called by:
		_chkisr
 This function uses a non-reentrant model



MODULE INFORMATION

Module		Function		Class		Link	Load	Size
C:\My Programs\Microchip\xc8\v1.34\sources\pic18\plib\USART\uopen.c
		_OpenUSART     		CODE           	3662	0000	113

C:\My Programs\Microchip\xc8\v1.34\sources\pic18\plib\USART\uopen.c estimated size: 113

C:\My Programs\Microchip\xc8\v1.34\sources\common\ftmul.c
		___ftmul       		CODE           	2874	0000	249

C:\My Programs\Microchip\xc8\v1.34\sources\common\ftmul.c estimated size: 249

C:\My Programs\Microchip\xc8\v1.34\sources\common\isdigit.c
		_isdigit       		CODE           	3D2E	0000	35

C:\My Programs\Microchip\xc8\v1.34\sources\common\isdigit.c estimated size: 35

C:\My Programs\Microchip\xc8\v1.34\sources\common\fldivl.c
		__div_to_l_    		CODE           	276A	0000	267

C:\My Programs\Microchip\xc8\v1.34\sources\common\fldivl.c estimated size: 267

C:\My Programs\Microchip\xc8\v1.34\sources\common\ftdiv.c
		___ftdiv       		CODE           	2C2C	0000	227

C:\My Programs\Microchip\xc8\v1.34\sources\common\ftdiv.c estimated size: 227

Lab9test.c
		_Set_EW        		CODE           	3A6A	0000	73
		_Night_Mode    		CODE           	30FC	0000	165
		_putch         		CODE           	3E1E	0000	15
		_Init_ADC      		CODE           	3E2C	0000	15
		_Set_NS        		CODE           	39DA	0000	73
		_Select_ADC_Cha		CODE           	3E48	0000	13
		_main          		CODE           	3056	0000	167
		_Deactivate_Buz		CODE           	3E68	0000	9
		_WAIT_N_SEC    		CODE           	3BAE	0000	51
		_WAIT_1_SEC    		CODE           	34EE	0000	131
		_init_UART     		CODE           	3DB2	0000	21
		_Init_TRIS     		CODE           	3D86	0000	23
		_Set_EWLT      		CODE           	3A22	0000	73
		_Do_Init       		CODE           	3CE4	0000	39
		_Day_Mode      		CODE           	2EC8	0000	201
		_Set_NSLT      		CODE           	3992	0000	73
		_update_LCD_col		CODE           	15B6	0000	867
		_update_LCD_cou		CODE           	2112	0000	427
		_get_full_ADC  		CODE           	3CBE	0000	39
		_update_LCD_PED		CODE           	2A5E	0000	233
		_WAIT_HALF_SEC 		CODE           	3D6C	0000	27
		_Initialize_Scr		CODE           	0AB8	0000	1823
		_INT0_ISR      		CODE           	3E5E	0000	11
		_INT1_ISR      		CODE           	3E54	0000	11
		_PED_Control   		CODE           	37FA	0000	93
		_WAIT_1_SEC_W_B		CODE           	3D9C	0000	23
		_Activate_Buzze		CODE           	3DEC	0000	19
		_update_LCD_mis		CODE           	1918	0000	581
		_chkisr        		CODE           	0008	0000	151
		_INT2_ISR      		CODE           	3E3A	0000	15

Lab9test.c estimated size: 5462

C:\My Programs\Microchip\xc8\v1.34\sources\common\awdiv.c
		___awdiv       		CODE           	3236	0000	151

C:\My Programs\Microchip\xc8\v1.34\sources\common\awdiv.c estimated size: 151

C:\My Programs\Microchip\xc8\v1.34\sources\common\strlen.c
		_strlen        		CODE           	3B34	0000	63

C:\My Programs\Microchip\xc8\v1.34\sources\common\strlen.c estimated size: 63

C:\My Programs\Microchip\xc8\v1.34\sources\common\lldiv.c
		___lldiv       		CODE           	32CC	0000	141

C:\My Programs\Microchip\xc8\v1.34\sources\common\lldiv.c estimated size: 141

C:\My Programs\Microchip\xc8\v1.34\sources\common\ftge.c
		___ftge        		CODE           	31A0	0000	151

C:\My Programs\Microchip\xc8\v1.34\sources\common\ftge.c estimated size: 151

C:\My Programs\Microchip\xc8\v1.34\sources\common\awtoft.c
		___awtoft      		CODE           	3B72	0000	61

C:\My Programs\Microchip\xc8\v1.34\sources\common\awtoft.c estimated size: 61

C:\My Programs\Microchip\xc8\v1.34\sources\common\strcpy.c
		_strcpy        		CODE           	3BE0	0000	51

C:\My Programs\Microchip\xc8\v1.34\sources\common\strcpy.c estimated size: 51

ST7735_TFT.c
		_drawChar      		CODE           	22BC	0000	343
		_drawCircle    		CODE           	1F64	0000	431
		_fillScreen    		CODE           	3D50	0000	29
		_Rcmd3         		CODE           	296C	0000	243
		_write_data    		CODE           	3DFE	0000	17
		_setAddrWindow 		CODE           	38FA	0000	79
		_drawtext      		CODE           	2D0E	0000	223
		_fillRect      		CODE           	3948	0000	75
		_LCD_Reset     		CODE           	3DDA	0000	19
		_fillCircle    		CODE           	38A8	0000	83
		_drawPixel     		CODE           	3C12	0000	49
		_fillRectangle 		CODE           	2DEC	0000	221
		_write_command 		CODE           	3E0E	0000	17
		_fillCircleHelp		CODE           	2412	0000	313
		_drawFastHLine 		CODE           	3358	0000	137
		_drawFastVLine 		CODE           	33E0	0000	137
		_Rcmd2red      		CODE           	3AF6	0000	63
		_TFT_GreenTab_I		CODE           	3C42	0000	43
		_delay_ms      		CODE           	3856	0000	83
		_Rcmd1         		CODE           	254A	0000	273
		_drawRect      		CODE           	36D2	0000	103
		_spiwrite      		CODE           	3DC6	0000	21

ST7735_TFT.c estimated size: 3002

C:\My Programs\Microchip\xc8\v1.34\sources\common\fttol.c
		___fttol       		CODE           	2B46	0000	231

C:\My Programs\Microchip\xc8\v1.34\sources\common\fttol.c estimated size: 231

C:\My Programs\Microchip\xc8\v1.34\sources\common\ftadd.c
		___ftadd       		CODE           	1DA0	0000	453

C:\My Programs\Microchip\xc8\v1.34\sources\common\ftadd.c estimated size: 453

C:\My Programs\Microchip\xc8\v1.34\sources\common\lltoft.c
		___lltoft      		CODE           	379A	0000	97

C:\My Programs\Microchip\xc8\v1.34\sources\common\lltoft.c estimated size: 97

shared
		__powers_      		MEDIUMCONST    	FC31	0000	40
		_font          		MEDIUMCONST    	FA07	0000	256
		_dpowers       		MEDIUMCONST    	FBE2	0000	41
		__npowers_     		MEDIUMCONST    	FC0A	0000	40
		__initializatio		CODE           	3738	0000	89
		_font2         		MEDIUMCONST    	FB06	0000	221

shared estimated size: 687

C:\My Programs\Microchip\xc8\v1.34\sources\common\doprnt.c
		_scale         		CODE           	11D6	0000	993
		_printf        		CODE           	001C	0000	2717
		_fround        		CODE           	1B5C	0000	581

C:\My Programs\Microchip\xc8\v1.34\sources\common\doprnt.c estimated size: 4291

C:\My Programs\Microchip\xc8\v1.34\sources\common\ftneg.c
		___ftneg       		CODE           	3D0A	0000	37

C:\My Programs\Microchip\xc8\v1.34\sources\common\ftneg.c estimated size: 37

C:\My Programs\Microchip\xc8\v1.34\sources\common\ftdivl.c
		__tdiv_to_l_   		CODE           	265A	0000	273

C:\My Programs\Microchip\xc8\v1.34\sources\common\ftdivl.c estimated size: 273

C:\My Programs\Microchip\xc8\v1.34\sources\common\ftsub.c
		___ftsub       		CODE           	3AB2	0000	69

C:\My Programs\Microchip\xc8\v1.34\sources\common\ftsub.c estimated size: 69

C:\My Programs\Microchip\xc8\v1.34\sources\common\float.c
		___ftpack      		CODE           	2F90	0000	199

C:\My Programs\Microchip\xc8\v1.34\sources\common\float.c estimated size: 199

C:\My Programs\Microchip\xc8\v1.34\sources\common\Umul16.c
		___wmul        		CODE           	3C96	0000	41

C:\My Programs\Microchip\xc8\v1.34\sources\common\Umul16.c estimated size: 41

C:\My Programs\Microchip\xc8\v1.34\sources\common\awmod.c
		___awmod       		CODE           	3570	0000	131

C:\My Programs\Microchip\xc8\v1.34\sources\common\awmod.c estimated size: 131

C:\My Programs\Microchip\xc8\v1.34\sources\common\llmod.c
		___llmod       		CODE           	35F2	0000	113

C:\My Programs\Microchip\xc8\v1.34\sources\common\llmod.c estimated size: 113

