Microchip MPLAB XC8 Compiler V1.34 ()

Linker command line:

-W-3 --edf=C:\My Programs\Microchip\xc8\v1.34\dat\en_msgs.txt -cs \
  -h+dist/default/production\Lab12p1.X.production.sym \
  --cmf=dist/default/production\Lab12p1.X.production.cmf -z -Q18F4620 \
  -oC:\Users\Dara\AppData\Local\Temp\s5h0.6 \
  -Mdist/default/production/Lab12p1.X.production.map -E1 -ver=XC8 \
  -ASTACK=014Bh-0f7fh -pstack=STACK -ACODE=00h-0FFFFh -ACONST=00h-0FFFFh \
  -ASMALLCONST=01000h-010FFhx240 -AMEDIUMCONST=01000h-0FFFFh \
  -ACOMRAM=01h-07Fh -AABS1=00h-0F7Fh -ABIGRAM=01h-0F7Fh \
  -ARAM=080h-0FFh,0100h-01FFhx14,0F00h-0F7Fh -ABANK0=080h-0FFh \
  -ABANK1=0100h-01FFh -ABANK2=0200h-02FFh -ABANK3=0300h-03FFh \
  -ABANK4=0400h-04FFh -ABANK5=0500h-05FFh -ABANK6=0600h-06FFh \
  -ABANK7=0700h-07FFh -ABANK8=0800h-08FFh -ABANK9=0900h-09FFh \
  -ABANK10=0A00h-0AFFh -ABANK11=0B00h-0BFFh -ABANK12=0C00h-0CFFh \
  -ABANK13=0D00h-0DFFh -ABANK14=0E00h-0EFFh -ABANK15=0F00h-0F7Fh \
  -ASFR=0F80h-0FFFh \
  -preset_vec=00h,intcode=08h,intcodelo,powerup,init,end_init \
  -pramtop=01000h -psmallconst=SMALLCONST -pmediumconst=MEDIUMCONST \
  -pconst=CONST -AFARRAM=00h-00h -ACONFIG=0300000h-030000Dh -pconfig=CONFIG \
  -AIDLOC=0200000h-0200007h -pidloc=IDLOC -AEEDATA=0F00000h-0F003FFh \
  -peeprom_data=EEDATA \
  -prdata=COMRAM,nvrram=COMRAM,nvbit=COMRAM,rbss=COMRAM,rbit=COMRAM \
  -pfarbss=FARRAM,fardata=FARRAM,nvFARRAM=FARRAM \
  -pintsave_regs=BIGRAM,bigbss=BIGRAM,bigdata=BIGRAM -pbss=RAM \
  -pidata=CODE,irdata=CODE,ibigdata=CODE,ifardata=CODE -prparam=COMRAM \
  C:\Users\Dara\AppData\Local\Temp\s5h0.obj \
  dist/default/production\Lab12p1.X.production.obj 

Object code version is 3.11

Machine type is 18F4620

Call graph: (short form)




                Name                               Link     Load   Length Selector   Space Scale
C:\Users\Dara\AppData\Local\Temp\s5h0.obj
                end_init                             18       18        4        4       0
                reset_vec                             0        0        4        0       0
                idloc                            200000   200000        8   200000       0
                config                           300000   300000        E   300000       0
dist/default/production\Lab12p1.X.production.obj
                intcode                               8        8       10        4       0
                mediumconst                        FD3E     FD3E      2C2     7E9F       0
                intcode_body                       19C4     19C4       68        4       0
                text59                             20A6     20A6        C        4       0
                text58                             20D8     20D8        8        4       0
                text57                             20D0     20D0        8        4       0
                text56                             20C6     20C6        A        4       0
                text55                             1FF2     1FF2       16        4       0
                text54                             2066     2066       12        4       0
                text53                             20BC     20BC        A        4       0
                text52                             1CD0     1CD0       48        4       0
                text51                             2054     2054       12        4       0
                text50                             2042     2042       12        4       0
                text49                             1DD2     1DD2       3E        4       0
                text48                             1E10     1E10       3C        4       0
                text47                             1A92     1A92       64        4       0
                text46                             20E6     20E6        2     1072       0
                text45                             1FD8     1FD8       1A        4       0
                text44                             1F7E     1F7E       20        4       0
                text43                             1F9E     1F9E       1E        4       0
                text42                             20B2     20B2        A        4       0
                text41                             20E4     20E4        2     1072       0
                text40                             1954     1954       70        4       0
                text39                             201C     201C       14        4       0
                text38                             1C88     1C88       48        4       0
                text37                             1F0E     1F0E       28        4       0
                text36                             1B52     1B52       52        4       0
                text35                             2030     2030       12        4       0
                text34                             2008     2008       14        4       0
                text33                             2088     2088       10        4       0
                text32                             2078     2078       10        4       0
                text31                              F02      F02      110        4       0
                text30                             1D94     1D94       3E        4       0
                text29                             1214     1214       F2        4       0
                text28                             1EE4     1EE4       2A        4       0
                text27                             1BA4     1BA4       4E        4       0
                text26                             1EB4     1EB4       30        4       0
                text25                              BFE      BFE      1AE        4       0
                text24                             184A     184A       88        4       0
                text23                             1C3E     1C3E       4A        4       0
                text22                              DAC      DAC      156        4       0
                text21                             1D56     1D56       3E        4       0
                text20                             1012     1012      10A        4       0
                text19                             14CE     14CE       DC        4       0
                text18                             1FBC     1FBC       1C        4       0
                text17                             1E82     1E82       32        4       0
                text16                              994      994      26A        4       0
                text15                             1726     1726       96        4       0
                text14                             18D2     18D2       82        4       0
                text13                              6A2      6A2      2F2        4       0
                text12                             15AA     15AA       C6        4       0
                text11                             13EC     13EC       E2        4       0
                text10                             111C     111C       F8        4       0
                text9                              1306     1306       E6        4       0
                text8                              1F36     1F36       26        4       0
                text7                              1670     1670       B6        4       0
                text6                              1D18     1D18       3E        4       0
                text5                              1AF6     1AF6       5C        4       0
                text4                              1BF2     1BF2       4C        4       0
                text3                              1F5C     1F5C       22        4       0
                text2                              2098     2098        E        4       0
                text1                                1C       1C      35A        4       0
                text0                               376      376      32C        4       0
                cstackCOMRAM                          1        1       41        1       1
                cstackBANK0                          E6       E6        E       80       1
                dataBANK1                           100      100       36      100       1
                bssBANK1                            136      136       15      100       1
                dataBANK0                            80       80       66       80       1
                bssBANK0                             F4       F4        6       80       1
                dataCOMRAM                           6F       6F        3        1       1
                bssCOMRAM                            42       42       2D        1       1
                cinit                              17BC     17BC       8E        4       0
                idataBANK1                         1E4C     1E4C       36        4       0
                idataBANK0                         1A2C     1A2C       66        4       0
                idataCOMRAM                        20E0     20E0        3        4       0

TOTAL           Name                               Link     Load   Length     Space
        CLASS   STACK          

        CLASS   CODE           
                end_init                             18       18        4         0
                intcode                               8        8       10         0
                reset_vec                             0        0        4         0
                intcode_body                       19C4     19C4       68         0
                text59                             20A6     20A6        C         0
                text58                             20D8     20D8        8         0
                text57                             20D0     20D0        8         0
                text56                             20C6     20C6        A         0
                text55                             1FF2     1FF2       16         0
                text54                             2066     2066       12         0
                text53                             20BC     20BC        A         0
                text52                             1CD0     1CD0       48         0
                text51                             2054     2054       12         0
                text50                             2042     2042       12         0
                text49                             1DD2     1DD2       3E         0
                text48                             1E10     1E10       3C         0
                text47                             1A92     1A92       64         0
                text46                             20E6     20E6        2         0
                text45                             1FD8     1FD8       1A         0
                text44                             1F7E     1F7E       20         0
                text43                             1F9E     1F9E       1E         0
                text42                             20B2     20B2        A         0
                text41                             20E4     20E4        2         0
                text40                             1954     1954       70         0
                text39                             201C     201C       14         0
                text38                             1C88     1C88       48         0
                text37                             1F0E     1F0E       28         0
                text36                             1B52     1B52       52         0
                text35                             2030     2030       12         0
                text34                             2008     2008       14         0
                text33                             2088     2088       10         0
                text32                             2078     2078       10         0
                text31                              F02      F02      110         0
                text30                             1D94     1D94       3E         0
                text29                             1214     1214       F2         0
                text28                             1EE4     1EE4       2A         0
                text27                             1BA4     1BA4       4E         0
                text26                             1EB4     1EB4       30         0
                text25                              BFE      BFE      1AE         0
                text24                             184A     184A       88         0
                text23                             1C3E     1C3E       4A         0
                text22                              DAC      DAC      156         0
                text21                             1D56     1D56       3E         0
                text20                             1012     1012      10A         0
                text19                             14CE     14CE       DC         0
                text18                             1FBC     1FBC       1C         0
                text17                             1E82     1E82       32         0
                text16                              994      994      26A         0
                text15                             1726     1726       96         0
                text14                             18D2     18D2       82         0
                text13                              6A2      6A2      2F2         0
                text12                             15AA     15AA       C6         0
                text11                             13EC     13EC       E2         0
                text10                             111C     111C       F8         0
                text9                              1306     1306       E6         0
                text8                              1F36     1F36       26         0
                text7                              1670     1670       B6         0
                text6                              1D18     1D18       3E         0
                text5                              1AF6     1AF6       5C         0
                text4                              1BF2     1BF2       4C         0
                text3                              1F5C     1F5C       22         0
                text2                              2098     2098        E         0
                text1                                1C       1C      35A         0
                text0                               376      376      32C         0
                cinit                              17BC     17BC       8E         0
                idataBANK1                         1E4C     1E4C       36         0
                idataBANK0                         1A2C     1A2C       66         0
                idataCOMRAM                        20E0     20E0        3         0

        CLASS   CONST          

        CLASS   SMALLCONST     

        CLASS   MEDIUMCONST    
                mediumconst                        FD3E     FD3E      2C2         0

        CLASS   COMRAM         
                cstackCOMRAM                          1        1       41         1
                dataCOMRAM                           6F       6F        3         1
                bssCOMRAM                            42       42       2D         1

        CLASS   ABS1           

        CLASS   BIGRAM         

        CLASS   RAM            

        CLASS   BANK0          
                cstackBANK0                          E6       E6        E         1
                dataBANK0                            80       80       66         1
                bssBANK0                             F4       F4        6         1

        CLASS   BANK1          
                dataBANK1                           100      100       36         1
                bssBANK1                            136      136       15         1

        CLASS   BANK2          

        CLASS   BANK3          

        CLASS   BANK4          

        CLASS   BANK5          

        CLASS   BANK6          

        CLASS   BANK7          

        CLASS   BANK8          

        CLASS   BANK9          

        CLASS   BANK10         

        CLASS   BANK11         

        CLASS   BANK12         

        CLASS   BANK13         

        CLASS   BANK14         

        CLASS   BANK15         

        CLASS   SFR            

        CLASS   FARRAM         

        CLASS   CONFIG         
                config                           300000   300000        E         0

        CLASS   IDLOC          
                idloc                            200000   200000        8         0

        CLASS   EEDATA         



SEGMENTS        Name                           Load    Length   Top    Selector   Space  Class

                reset_vec                      000000  000004  000004         0       0  CODE    
                cstackCOMRAM                   000001  000071  000072         1       1  COMRAM  
                intcode                        000008  0020DB  0020E3         4       0  CODE    
                dataBANK0                      000080  00007A  0000FA        80       1  BANK0   
                dataBANK1                      000100  00004B  00014B       100       1  BANK1   
                text41                         0020E4  000004  0020E8      1072       0  CODE    
                mediumconst                    00FD3E  0002C2  010000      7E9F       0  MEDIUMCO
                idloc                          200000  000008  200008    200000       0  IDLOC   
                config                         300000  00000E  30000E    300000       0  CONFIG  


UNUSED ADDRESS RANGES

        Name                Unused          Largest block    Delta
        BANK0            0000FA-0000FF                6
        BANK1            00014B-0001FF               B5
        BANK10           000A00-000AFF              100
        BANK11           000B00-000BFF              100
        BANK12           000C00-000CFF              100
        BANK13           000D00-000DFF              100
        BANK14           000E00-000EFF              100
        BANK15           000F00-000F7F               80
        BANK2            000200-0002FF              100
        BANK3            000300-0003FF              100
        BANK4            000400-0004FF              100
        BANK5            000500-0005FF              100
        BANK6            000600-0006FF              100
        BANK7            000700-0007FF              100
        BANK8            000800-0008FF              100
        BANK9            000900-0009FF              100
        BIGRAM           000072-00007F                E
                         0000FA-0000FF                6
                         00014B-000F7F              E35
        CODE             000004-000007                4
                         0020E3-0020E3                1
                         0020E8-00FD3D             DC56
        COMRAM           000072-00007F                E
        CONST            000004-000007                4
                         0020E3-0020E3                1
                         0020E8-00FD3D             DC56
        EEDATA           F00000-F003FF              400
        MEDIUMCONST      0020E3-0020E3                1
                         0020E8-00FD3D             DC56
        RAM              0000FA-0000FF                6
                         00014B-000F7F              100
        SFR              000F80-000FFF               80
        SMALLCONST       0020E3-0020E3                1
                         0020E8-00FD3D              100
        STACK            00014B-000F7F              E35

                                  Symbol Table

?_DS1621_Read_Temp                 cstackCOMRAM 000012
?___awdiv                          cstackCOMRAM 000015
?___awmod                          cstackCOMRAM 00000F
?___ftdiv                          cstackCOMRAM 00002A
?___ftmul                          cstackCOMRAM 00001B
?___ftpack                         cstackCOMRAM 00000F
?___fttol                          cstackCOMRAM 00000F
?___lbtoft                         cstackCOMRAM 000017
?___lwdiv                          cstackCOMRAM 00000F
?___lwmod                          cstackCOMRAM 000016
?___wmul                           cstackCOMRAM 00000F
?_get_RPM                          cstackCOMRAM 00001D
?_printf                           cstackCOMRAM 00001B
?_strlen                           cstackCOMRAM 00000F
DS1621_Init@Device                 cstackCOMRAM 000014
DS1621_Read_Temp@Cmd               cstackCOMRAM 000014
DS1621_Read_Temp@Data_Ret          cstackCOMRAM 000015
DS1621_Read_Temp@Device            cstackCOMRAM 000016
DS3231_Read_Time@Address           cstackCOMRAM 000012
DS3231_Read_Time@Device            cstackCOMRAM 000013
I2C_Init@c                         cstackCOMRAM 00000F
I2C_Read@ack                       cstackCOMRAM 00000F
I2C_Read@inByte                    cstackCOMRAM 000011
I2C_Read@n                         cstackCOMRAM 000010
I2C_Write@n                        cstackCOMRAM 000010
I2C_Write@outByte                  cstackCOMRAM 00000F
I2C_Write_Cmd_Only@Cmd             cstackCOMRAM 000011
I2C_Write_Cmd_Only@Device          cstackCOMRAM 000012
I2C_Write_Cmd_Write_Data@Cmd       cstackCOMRAM 000011
I2C_Write_Cmd_Write_Data@Data_Out  cstackCOMRAM 000012
I2C_Write_Cmd_Write_Data@Device    cstackCOMRAM 000013
OpenUSART@config                   cstackCOMRAM 000011
OpenUSART@spbrg                    cstackCOMRAM 00000F
Update_Screen@neg_tempF            cstackBANK0  0000EF
_ADCON1                            (abs)        000FC1
_ALARMEN                           bssCOMRAM    000042
_Alarm_SW_Txt                      dataBANK0    0000B9
_CCP1CON                           (abs)        000FBD
_CCPR1L                            (abs)        000FBE
_D1                                dataBANK0    0000A4
_D2                                dataBANK0    0000AC
_D3                                dataBANK1    000100
_DC_Txt                            dataBANK0    0000D6
_DS1621_Init                       text43       001F9E
_DS1621_Read_Temp                  text48       001E10
_DS1621_tempC                      bssCOMRAM    000044
_DS1621_tempF                      bssCOMRAM    000046
_DS3231_Read_Time                  text47       001A92
_Do_Beep                           text46       0020E6
_Do_Init                           text38       001C88
_FAN                               bssCOMRAM    000052
_Fan_SW_Txt                        dataBANK0    0000DA
_I2C_Init                          text42       0020B2
_I2C_ReStart                       text55       001FF2
_I2C_Read                          text52       001CD0
_I2C_Start                         text51       002054
_I2C_Stop                          text50       002042
_I2C_Write                         text49       001DD2
_I2C_Write_Cmd_Only                text45       001FD8
_I2C_Write_Cmd_Write_Data          text44       001F7E
_INTCON2bits                       (abs)        000FF1
_INTCONbits                        (abs)        000FF2
_Initialize_Screen                 text16       000994
_LCD_Reset                         text35       002030
_Nec_code                          bssBANK0     0000F4
_Nec_code1                         bssCOMRAM    000053
_Nec_state                         bssCOMRAM    000054
_OSCCON                            (abs)        000FD3
_OpenUSART                         text40       001954
_PIE1bits                          (abs)        000F9D
_PIR1bits                          (abs)        000F9E
_PORTBbits                         (abs)        000F81
_PORTCbits                         (abs)        000F82
_PORTD                             (abs)        000F83
_PORTDbits                         (abs)        000F83
_PORTEbits                         (abs)        000F84
_PR2                               (abs)        000FCB
_RBPU                              (abs)        007F8F
_RCSTA                             (abs)        000FAB
_RCSTAbits                         (abs)        000FAB
_RPM_Txt                           dataBANK0    0000D1
_RTC_ALARM_Txt                     dataBANK0    0000BD
_Rcmd1                             text31       000F02
_Rcmd2red                          text30       001D94
_Rcmd3                             text29       001214
_SPBRG                             (abs)        000FAF
_SPBRGH                            (abs)        000FB0
_SSPBUF                            (abs)        000FC9
_SSPCON1                           (abs)        000FC6
_SSPSTAT                           (abs)        000FC7
_SSPSTATbits                       (abs)        000FC7
_T0CON                             (abs)        000FD5
_T0CONbits                         (abs)        000FD5
_T2CON                             (abs)        000FCA
_T3CON                             (abs)        000FB1
_TFT_GreenTab_Initialize           text28       001EE4
_TMR0H                             (abs)        000FD7
_TMR0L                             (abs)        000FD6
_TMR3L                             (abs)        000FB2
_TRISA                             (abs)        000F92
_TRISB                             (abs)        000F93
_TRISBbits                         (abs)        000F93
_TRISC                             (abs)        000F94
_TRISCbits                         (abs)        000F94
_TRISD                             (abs)        000F95
_TRMT                              (abs)        007D61
_TXREG                             (abs)        000FAD
_TXSTA                             (abs)        000FAC
_TXSTAbits                         (abs)        000FAC
_Time_Elapsed                      bssCOMRAM    000048
_Update_Screen                     text13       0006A2
__CFG_BOREN$OFF                    (abs)        000000
__CFG_CCP2MX$PORTBE                (abs)        000000
__CFG_LVP$OFF                      (abs)        000000
__CFG_OSC$INTIO67                  (abs)        000000
__CFG_WDT$OFF                      (abs)        000000
__HRAM                             (abs)        000000
__Habs1                            abs1         000000
__Hbank0                           bank0        000000
__Hbank1                           bank1        000000
__Hbank10                          bank10       000000
__Hbank11                          bank11       000000
__Hbank12                          bank12       000000
__Hbank13                          bank13       000000
__Hbank14                          bank14       000000
__Hbank15                          bank15       000000
__Hbank2                           bank2        000000
__Hbank3                           bank3        000000
__Hbank4                           bank4        000000
__Hbank5                           bank5        000000
__Hbank6                           bank6        000000
__Hbank7                           bank7        000000
__Hbank8                           bank8        000000
__Hbank9                           bank9        000000
__Hbigbss                          bigbss       000000
__Hbigdata                         bigdata      000000
__Hbigram                          bigram       000000
__Hbss                             bss          000000
__HbssBANK0                        bssBANK0     000000
__HbssBANK1                        bssBANK1     000000
__HbssCOMRAM                       bssCOMRAM    000000
__Hcinit                           cinit        000000
__Hclrtext                         clrtext      000000
__Hcomram                          comram       000000
__Hconfig                          config       30000E
__Hconst                           const        000000
__HcstackBANK0                     cstackBANK0  000000
__HcstackCOMRAM                    cstackCOMRAM 000000
__Hdata                            data         000000
__HdataBANK0                       dataBANK0    000000
__HdataBANK1                       dataBANK1    000000
__HdataCOMRAM                      dataCOMRAM   000000
__Heeprom_data                     eeprom_data  000000
__Hend_init                        end_init     00001C
__Hfarbss                          farbss       000000
__Hfardata                         fardata      000000
__Hibigdata                        ibigdata     000000
__Hidata                           idata        000000
__HidataBANK0                      idataBANK0   000000
__HidataBANK1                      idataBANK1   000000
__HidataCOMRAM                     idataCOMRAM  000000
__Hidloc                           idloc        200008
__Hifardata                        ifardata     000000
__Hinit                            init         000018
__Hintcode                         intcode      000018
__Hintcode_body                    intcode_body 000000
__Hintcodelo                       intcodelo    000018
__Hintentry                        intentry     000000
__Hintret                          intret       000000
__Hintsave_regs                    intsave_regs 000000
__Hirdata                          irdata       000000
__Hmediumconst                     mediumconst  010000
__HnvFARRAM                        nvFARRAM     000000
__Hnvbit                           nvbit        000000
__Hnvrram                          nvrram       000000
__Hparam                           rparam       000000
__Hpowerup                         powerup      000018
__Hram                             ram          000000
__Hramtop                          ramtop       001000
__Hrbit                            rbit         000000
__Hrbss                            rbss         000000
__Hrdata                           rdata        000000
__Hreset_vec                       reset_vec    000004
__Hrparam                          rparam       000000
__Hsfr                             sfr          000000
__Hsmallconst                      smallconst   000000
__Hspace_0                         (abs)        30000E
__Hspace_1                         (abs)        00014B
__Hspace_2                         (abs)        000000
__Hstack                           stack        000000
__Hstruct                          struct       000000
__Htemp                            temp         000000
__Htext                            text         000000
__Htext0                           text0        000000
__Htext1                           text1        000000
__Htext10                          text10       000000
__Htext11                          text11       000000
__Htext12                          text12       000000
__Htext13                          text13       000000
__Htext14                          text14       000000
__Htext15                          text15       000000
__Htext16                          text16       000000
__Htext17                          text17       000000
__Htext18                          text18       000000
__Htext19                          text19       000000
__Htext2                           text2        000000
__Htext20                          text20       000000
__Htext21                          text21       000000
__Htext22                          text22       000000
__Htext23                          text23       000000
__Htext24                          text24       000000
__Htext25                          text25       000000
__Htext26                          text26       000000
__Htext27                          text27       000000
__Htext28                          text28       000000
__Htext29                          text29       000000
__Htext3                           text3        000000
__Htext30                          text30       000000
__Htext31                          text31       000000
__Htext32                          text32       000000
__Htext33                          text33       000000
__Htext34                          text34       000000
__Htext35                          text35       000000
__Htext36                          text36       000000
__Htext37                          text37       000000
__Htext38                          text38       000000
__Htext39                          text39       000000
__Htext4                           text4        000000
__Htext40                          text40       000000
__Htext41                          text41       000000
__Htext42                          text42       000000
__Htext43                          text43       000000
__Htext44                          text44       000000
__Htext45                          text45       000000
__Htext46                          text46       000000
__Htext47                          text47       000000
__Htext48                          text48       000000
__Htext49                          text49       000000
__Htext5                           text5        000000
__Htext50                          text50       000000
__Htext51                          text51       000000
__Htext52                          text52       000000
__Htext53                          text53       000000
__Htext54                          text54       000000
__Htext55                          text55       000000
__Htext56                          text56       000000
__Htext57                          text57       000000
__Htext58                          text58       000000
__Htext59                          text59       000000
__Htext6                           text6        000000
__Htext7                           text7        000000
__Htext8                           text8        000000
__Htext9                           text9        000000
__LRAM                             (abs)        000001
__Labs1                            abs1         000000
__Lbank0                           bank0        000000
__Lbank1                           bank1        000000
__Lbank10                          bank10       000000
__Lbank11                          bank11       000000
__Lbank12                          bank12       000000
__Lbank13                          bank13       000000
__Lbank14                          bank14       000000
__Lbank15                          bank15       000000
__Lbank2                           bank2        000000
__Lbank3                           bank3        000000
__Lbank4                           bank4        000000
__Lbank5                           bank5        000000
__Lbank6                           bank6        000000
__Lbank7                           bank7        000000
__Lbank8                           bank8        000000
__Lbank9                           bank9        000000
__Lbigbss                          bigbss       000000
__Lbigdata                         bigdata      000000
__Lbigram                          bigram       000000
__Lbss                             bss          000000
__LbssBANK0                        bssBANK0     000000
__LbssBANK1                        bssBANK1     000000
__LbssCOMRAM                       bssCOMRAM    000000
__Lcinit                           cinit        000000
__Lclrtext                         clrtext      000000
__Lcomram                          comram       000000
__Lconfig                          config       300000
__Lconst                           const        000000
__LcstackBANK0                     cstackBANK0  000000
__LcstackCOMRAM                    cstackCOMRAM 000000
__Ldata                            data         000000
__LdataBANK0                       dataBANK0    000000
__LdataBANK1                       dataBANK1    000000
__LdataCOMRAM                      dataCOMRAM   000000
__Leeprom_data                     eeprom_data  000000
__Lend_init                        end_init     000018
__Lfarbss                          farbss       000000
__Lfardata                         fardata      000000
__Libigdata                        ibigdata     000000
__Lidata                           idata        000000
__LidataBANK0                      idataBANK0   000000
__LidataBANK1                      idataBANK1   000000
__LidataCOMRAM                     idataCOMRAM  000000
__Lidloc                           idloc        200000
__Lifardata                        ifardata     000000
__Linit                            init         000018
__Lintcode                         intcode      000008
__Lintcode_body                    intcode_body 000000
__Lintcodelo                       intcodelo    000018
__Lintentry                        intentry     000000
__Lintret                          intret       000000
__Lintsave_regs                    intsave_regs 000000
__Lirdata                          irdata       000000
__Lmediumconst                     mediumconst  00FD3E
__LnvFARRAM                        nvFARRAM     000000
__Lnvbit                           nvbit        000000
__Lnvrram                          nvrram       000000
__Lparam                           rparam       000000
__Lpowerup                         powerup      000018
__Lram                             ram          000000
__Lramtop                          ramtop       001000
__Lrbit                            rbit         000000
__Lrbss                            rbss         000000
__Lrdata                           rdata        000000
__Lreset_vec                       reset_vec    000000
__Lrparam                          rparam       000000
__Lsfr                             sfr          000000
__Lsmallconst                      smallconst   000000
__Lspace_0                         (abs)        000000
__Lspace_1                         (abs)        000000
__Lspace_2                         (abs)        000000
__Lstack                           stack        000000
__Lstruct                          struct       000000
__Ltemp                            temp         000000
__Ltext                            text         000000
__Ltext0                           text0        000000
__Ltext1                           text1        000000
__Ltext10                          text10       000000
__Ltext11                          text11       000000
__Ltext12                          text12       000000
__Ltext13                          text13       000000
__Ltext14                          text14       000000
__Ltext15                          text15       000000
__Ltext16                          text16       000000
__Ltext17                          text17       000000
__Ltext18                          text18       000000
__Ltext19                          text19       000000
__Ltext2                           text2        000000
__Ltext20                          text20       000000
__Ltext21                          text21       000000
__Ltext22                          text22       000000
__Ltext23                          text23       000000
__Ltext24                          text24       000000
__Ltext25                          text25       000000
__Ltext26                          text26       000000
__Ltext27                          text27       000000
__Ltext28                          text28       000000
__Ltext29                          text29       000000
__Ltext3                           text3        000000
__Ltext30                          text30       000000
__Ltext31                          text31       000000
__Ltext32                          text32       000000
__Ltext33                          text33       000000
__Ltext34                          text34       000000
__Ltext35                          text35       000000
__Ltext36                          text36       000000
__Ltext37                          text37       000000
__Ltext38                          text38       000000
__Ltext39                          text39       000000
__Ltext4                           text4        000000
__Ltext40                          text40       000000
__Ltext41                          text41       000000
__Ltext42                          text42       000000
__Ltext43                          text43       000000
__Ltext44                          text44       000000
__Ltext45                          text45       000000
__Ltext46                          text46       000000
__Ltext47                          text47       000000
__Ltext48                          text48       000000
__Ltext49                          text49       000000
__Ltext5                           text5        000000
__Ltext50                          text50       000000
__Ltext51                          text51       000000
__Ltext52                          text52       000000
__Ltext53                          text53       000000
__Ltext54                          text54       000000
__Ltext55                          text55       000000
__Ltext56                          text56       000000
__Ltext57                          text57       000000
__Ltext58                          text58       000000
__Ltext59                          text59       000000
__Ltext6                           text6        000000
__Ltext7                           text7        000000
__Ltext8                           text8        000000
__Ltext9                           text9        000000
__S0                               (abs)        30000E
__S1                               (abs)        00014B
__S2                               (abs)        000000
___awdiv                           text15       001726
___awdiv@counter                   cstackCOMRAM 000019
___awdiv@dividend                  cstackCOMRAM 000015
___awdiv@divisor                   cstackCOMRAM 000017
___awdiv@quotient                  cstackCOMRAM 00001B
___awdiv@sign                      cstackCOMRAM 00001A
___awmod                           text14       0018D2
___awmod@counter                   cstackCOMRAM 000013
___awmod@dividend                  cstackCOMRAM 00000F
___awmod@divisor                   cstackCOMRAM 000011
___awmod@sign                      cstackCOMRAM 000014
___ftdiv                           text11       0013EC
___ftdiv@cntr                      cstackCOMRAM 000033
___ftdiv@exp                       cstackCOMRAM 000037
___ftdiv@f1                        cstackCOMRAM 00002A
___ftdiv@f2                        cstackCOMRAM 00002D
___ftdiv@f3                        cstackCOMRAM 000034
___ftdiv@sign                      cstackCOMRAM 000038
___ftmul                           text10       00111C
___ftmul@cntr                      cstackCOMRAM 000028
___ftmul@exp                       cstackCOMRAM 000024
___ftmul@f1                        cstackCOMRAM 00001B
___ftmul@f2                        cstackCOMRAM 00001E
___ftmul@f3_as_product             cstackCOMRAM 000025
___ftmul@sign                      cstackCOMRAM 000029
___ftpack                          text12       0015AA
___ftpack@arg                      cstackCOMRAM 00000F
___ftpack@exp                      cstackCOMRAM 000012
___ftpack@sign                     cstackCOMRAM 000013
___fttol                           text9        001306
___fttol@exp1                      cstackCOMRAM 00001D
___fttol@f1                        cstackCOMRAM 00000F
___fttol@lval                      cstackCOMRAM 000019
___fttol@sign1                     cstackCOMRAM 000018
___inthi_sp                        stack        000000
___intlo_sp                        stack        000000
___lbtoft                          text8        001F36
___lbtoft@c                        cstackCOMRAM 00001A
___lwdiv                           text5        001AF6
___lwdiv@counter                   cstackCOMRAM 000013
___lwdiv@dividend                  cstackCOMRAM 00000F
___lwdiv@divisor                   cstackCOMRAM 000011
___lwdiv@quotient                  cstackCOMRAM 000014
___lwmod                           text4        001BF2
___lwmod@counter                   cstackCOMRAM 00001A
___lwmod@dividend                  cstackCOMRAM 000016
___lwmod@divisor                   cstackCOMRAM 000018
___param_bank                      (abs)        000010
___rparam_used                     (abs)        000001
___sp                              stack        000000
___wmul                            text37       001F0E
___wmul@multiplicand               cstackCOMRAM 000011
___wmul@multiplier                 cstackCOMRAM 00000F
___wmul@product                    cstackCOMRAM 000013
__accesstop                        (abs)        000080
__activetblptr                     (abs)        000002
__end_of_DS1621_Init               text43       001FBC
__end_of_DS1621_Read_Temp          text48       001E4C
__end_of_DS3231_Read_Time          text47       001AF6
__end_of_Do_Beep                   text46       0020E8
__end_of_Do_Init                   text38       001CD0
__end_of_I2C_Init                  text42       0020BC
__end_of_I2C_ReStart               text55       002008
__end_of_I2C_Read                  text52       001D18
__end_of_I2C_Start                 text51       002066
__end_of_I2C_Stop                  text50       002054
__end_of_I2C_Write                 text49       001E10
__end_of_I2C_Write_Cmd_Only        text45       001FF2
__end_of_I2C_Write_Cmd_Write_Data  text44       001F9E
__end_of_Initialize_Screen         text16       000BFE
__end_of_LCD_Reset                 text35       002042
__end_of_OpenUSART                 text40       0019C4
__end_of_Rcmd1                     text31       001012
__end_of_Rcmd2red                  text30       001DD2
__end_of_Rcmd3                     text29       001306
__end_of_TFT_GreenTab_Initialize   text28       001F0E
__end_of_Update_Screen             text13       000994
__end_of___awdiv                   text15       0017BC
__end_of___awmod                   text14       001954
__end_of___ftdiv                   text11       0014CE
__end_of___ftmul                   text10       001214
__end_of___ftpack                  text12       001670
__end_of___fttol                   text9        0013EC
__end_of___lbtoft                  text8        001F5C
__end_of___lwdiv                   text5        001B52
__end_of___lwmod                   text4        001C3E
__end_of___wmul                    text37       001F36
__end_of__initialization           cinit        001840
__end_of_chkisr                    intcode_body 001A2C
__end_of_delay_ms                  text36       001BA4
__end_of_do_update_pwm             text7        001726
__end_of_dpowers                   mediumconst  00FF24
__end_of_drawChar                  text22       000F02
__end_of_drawCircle                text25       000DAC
__end_of_drawFastVLine             text24       0018D2
__end_of_drawPixel                 text26       001EE4
__end_of_drawtext                  text20       00111C
__end_of_fillRect                  text23       001C88
__end_of_fillRectangle             text19       0015AA
__end_of_fillScreen                text18       001FD8
__end_of_font                      mediumconst  00FE3E
__end_of_font2                     mediumconst  00FF1A
__end_of_get_RPM                   text6        001D56
__end_of_hexpowers                 mediumconst  00FF2C
__end_of_i2cAck                    text54       002078
__end_of_i2cHighScl                text59       0020B2
__end_of_i2cHighSda                text58       0020E0
__end_of_i2cLowScl                 text57       0020D8
__end_of_i2cLowSda                 text56       0020D0
__end_of_i2cNack                   text53       0020C6
__end_of_init_INTERRUPT            text41       0020E6
__end_of_init_UART                 text39       002030
__end_of_isdigit                   text3        001F7E
__end_of_main                      text0        0006A2
__end_of_printf                    text1        000376
__end_of_putch                     text2        0020A6
__end_of_setAddrWindow             text27       001BF2
__end_of_spiwrite                  text34       00201C
__end_of_strcpy                    text17       001EB4
__end_of_strlen                    text21       001D94
__end_of_write_command             text33       002098
__end_of_write_data                text32       002088
__initialization                   cinit        0017BC
__mediumconst                      mediumconst  00FD3E
__pbssBANK0                        bssBANK0     0000F4
__pbssBANK1                        bssBANK1     000136
__pbssCOMRAM                       bssCOMRAM    000042
__pcinit                           cinit        0017BC
__pcstackBANK0                     cstackBANK0  0000E6
__pcstackCOMRAM                    cstackCOMRAM 000001
__pdataBANK0                       dataBANK0    000080
__pdataBANK1                       dataBANK1    000100
__pdataCOMRAM                      dataCOMRAM   00006F
__pidataBANK0                      idataBANK0   001A2C
__pidataBANK1                      idataBANK1   001E4C
__pidataCOMRAM                     idataCOMRAM  0020E0
__pintcode                         intcode      000008
__pintcode_body                    intcode_body 0019C4
__pmediumconst                     mediumconst  00FD3E
__ptext0                           text0        000376
__ptext1                           text1        00001C
__ptext10                          text10       00111C
__ptext11                          text11       0013EC
__ptext12                          text12       0015AA
__ptext13                          text13       0006A2
__ptext14                          text14       0018D2
__ptext15                          text15       001726
__ptext16                          text16       000994
__ptext17                          text17       001E82
__ptext18                          text18       001FBC
__ptext19                          text19       0014CE
__ptext2                           text2        002098
__ptext20                          text20       001012
__ptext21                          text21       001D56
__ptext22                          text22       000DAC
__ptext23                          text23       001C3E
__ptext24                          text24       00184A
__ptext25                          text25       000BFE
__ptext26                          text26       001EB4
__ptext27                          text27       001BA4
__ptext28                          text28       001EE4
__ptext29                          text29       001214
__ptext3                           text3        001F5C
__ptext30                          text30       001D94
__ptext31                          text31       000F02
__ptext32                          text32       002078
__ptext33                          text33       002088
__ptext34                          text34       002008
__ptext35                          text35       002030
__ptext36                          text36       001B52
__ptext37                          text37       001F0E
__ptext38                          text38       001C88
__ptext39                          text39       00201C
__ptext4                           text4        001BF2
__ptext40                          text40       001954
__ptext41                          text41       0020E4
__ptext42                          text42       0020B2
__ptext43                          text43       001F9E
__ptext44                          text44       001F7E
__ptext45                          text45       001FD8
__ptext46                          text46       0020E6
__ptext47                          text47       001A92
__ptext48                          text48       001E10
__ptext49                          text49       001DD2
__ptext5                           text5        001AF6
__ptext50                          text50       002042
__ptext51                          text51       002054
__ptext52                          text52       001CD0
__ptext53                          text53       0020BC
__ptext54                          text54       002066
__ptext55                          text55       001FF2
__ptext56                          text56       0020C6
__ptext57                          text57       0020D0
__ptext58                          text58       0020D8
__ptext59                          text59       0020A6
__ptext6                           text6        001D18
__ptext7                           text7        001670
__ptext8                           text8        001F36
__ptext9                           text9        001306
__ramtop                           ramtop       001000
__size_of_DS1621_Init              (abs)        000000
__size_of_DS1621_Read_Temp         (abs)        000000
__size_of_DS3231_Read_Time         (abs)        000000
__size_of_Do_Beep                  (abs)        000000
__size_of_Do_Init                  (abs)        000000
__size_of_I2C_Init                 (abs)        000000
__size_of_I2C_ReStart              (abs)        000000
__size_of_I2C_Read                 (abs)        000000
__size_of_I2C_Start                (abs)        000000
__size_of_I2C_Stop                 (abs)        000000
__size_of_I2C_Write                (abs)        000000
__size_of_I2C_Write_Cmd_Only       (abs)        000000
__size_of_I2C_Write_Cmd_Write_Data (abs)        000000
__size_of_Initialize_Screen        (abs)        000000
__size_of_LCD_Reset                (abs)        000000
__size_of_OpenUSART                (abs)        000000
__size_of_Rcmd1                    (abs)        000000
__size_of_Rcmd2red                 (abs)        000000
__size_of_Rcmd3                    (abs)        000000
__size_of_TFT_GreenTab_Initialize  (abs)        000000
__size_of_Update_Screen            (abs)        000000
__size_of___awdiv                  (abs)        000000
__size_of___awmod                  (abs)        000000
__size_of___ftdiv                  (abs)        000000
__size_of___ftmul                  (abs)        000000
__size_of___ftpack                 (abs)        000000
__size_of___fttol                  (abs)        000000
__size_of___lbtoft                 (abs)        000000
__size_of___lwdiv                  (abs)        000000
__size_of___lwmod                  (abs)        000000
__size_of___wmul                   (abs)        000000
__size_of_chkisr                   (abs)        000000
__size_of_delay_ms                 (abs)        000000
__size_of_do_update_pwm            (abs)        000000
__size_of_drawChar                 (abs)        000000
__size_of_drawCircle               (abs)        000000
__size_of_drawFastVLine            (abs)        000000
__size_of_drawPixel                (abs)        000000
__size_of_drawtext                 (abs)        000000
__size_of_fillRect                 (abs)        000000
__size_of_fillRectangle            (abs)        000000
__size_of_fillScreen               (abs)        000000
__size_of_get_RPM                  (abs)        000000
__size_of_i2cAck                   (abs)        000000
__size_of_i2cHighScl               (abs)        000000
__size_of_i2cHighSda               (abs)        000000
__size_of_i2cLowScl                (abs)        000000
__size_of_i2cLowSda                (abs)        000000
__size_of_i2cNack                  (abs)        000000
__size_of_init_INTERRUPT           (abs)        000000
__size_of_init_UART                (abs)        000000
__size_of_isdigit                  (abs)        000000
__size_of_main                     (abs)        000000
__size_of_printf                   (abs)        000000
__size_of_putch                    (abs)        000000
__size_of_setAddrWindow            (abs)        000000
__size_of_spiwrite                 (abs)        000000
__size_of_strcpy                   (abs)        000000
__size_of_strlen                   (abs)        000000
__size_of_write_command            (abs)        000000
__size_of_write_data               (abs)        000000
__smallconst                       smallconst   000000
__tft_type                         bssCOMRAM    000055
_alarm_date                        bssCOMRAM    000056
_alarm_hour                        bssCOMRAM    000057
_alarm_minute                      bssCOMRAM    000058
_alarm_second                      bssCOMRAM    000059
_alarm_time                        dataBANK0    000080
_array1                            bssBANK1     000136
_bit_count                         bssCOMRAM    00005A
_buffer                            dataBANK1    000115
_chkisr                            intcode      000008
_colstart                          bssCOMRAM    00005B
_date                              dataBANK0    0000BF
_day                               bssCOMRAM    00005C
_delay_ms                          text36       001B52
_do_update_pwm                     text7        001670
_dow                               bssCOMRAM    00005D
_dpowers                           mediumconst  00FF1A
_drawChar                          text22       000DAC
_drawCircle                        text25       000BFE
_drawFastVLine                     text24       00184A
_drawPixel                         text26       001EB4
_drawtext                          text20       001012
_duty_cycle                        bssCOMRAM    00005E
_fillRect                          text23       001C3E
_fillRectangle                     text19       0014CE
_fillScreen                        text18       001FBC
_font                              mediumconst  00FD3F
_font2                             mediumconst  00FE3E
_found                             bssCOMRAM    00005F
_get_RPM                           text6        001D18
_hexpowers                         mediumconst  00FF24
_hour                              bssCOMRAM    000060
_i2cAck                            text54       002066
_i2cHighScl                        text59       0020A6
_i2cHighSda                        text58       0020D8
_i2cLowScl                         text57       0020D0
_i2cLowSda                         text56       0020C6
_i2cNack                           text53       0020BC
_init_INTERRUPT                    text41       0020E4
_init_UART                         text39       00201C
_isdigit                           text3        001F5C
_isdigit$1989                      cstackCOMRAM 000010
_main                              text0        000376
_minute                            bssCOMRAM    000061
_month                             bssCOMRAM    000062
_nbr                               bssBANK0     0000F8
_nec_ok                            bssCOMRAM    00004A
_printf                            text1        00001C
_putch                             text2        002098
_rowstart                          bssCOMRAM    000063
_rpm                               bssCOMRAM    00004C
_rps                               bssCOMRAM    00004E
_second                            bssCOMRAM    000064
_setAddrWindow                     text27       001BA4
_setup_alarm_hour                  bssCOMRAM    000065
_setup_alarm_minute                bssCOMRAM    000066
_setup_alarm_second                bssCOMRAM    000067
_setup_alarm_time                  dataBANK0    000089
_setup_date                        dataBANK0    000092
_setup_day                         bssCOMRAM    000068
_setup_fan_temp                    dataCOMRAM   00006F
_setup_fan_text                    dataBANK0    0000B4
_setup_hour                        bssCOMRAM    000069
_setup_minute                      bssCOMRAM    00006A
_setup_month                       bssCOMRAM    00006B
_setup_second                      bssCOMRAM    00006C
_setup_time                        dataBANK0    00009B
_setup_year                        bssCOMRAM    00006D
_spiwrite                          text34       002008
_strcpy                            text17       001E82
_strlen                            text21       001D56
_tempC                             dataBANK0    0000DE
_tempF                             dataBANK0    0000E2
_tempSecond                        dataCOMRAM   000070
_time                              dataBANK0    0000C8
_txt                               bssCOMRAM    000050
_wrap                              dataCOMRAM   000071
_write_command                     text33       002088
_write_data                        text32       002078
_year                              bssCOMRAM    00006E
delay_ms@count                     cstackCOMRAM 000019
delay_ms@ms                        cstackCOMRAM 000015
do_update_pwm@dc_I                 cstackCOMRAM 000040
do_update_pwm@dc_f                 cstackCOMRAM 00003C
do_update_pwm@duty_cycle           cstackCOMRAM 00003F
drawChar@bg                        cstackCOMRAM 000030
drawChar@c                         cstackCOMRAM 00002D
drawChar@color                     cstackCOMRAM 00002E
drawChar@i                         cstackCOMRAM 000036
drawChar@j                         cstackCOMRAM 000035
drawChar@line                      cstackCOMRAM 000033
drawChar@size                      cstackCOMRAM 000032
drawChar@x                         cstackCOMRAM 000034
drawChar@y                         cstackCOMRAM 00002C
drawCircle@color                   cstackCOMRAM 000020
drawCircle@ddF_x                   cstackCOMRAM 000024
drawCircle@ddF_y                   cstackCOMRAM 000026
drawCircle@f                       cstackCOMRAM 000028
drawCircle@r                       cstackCOMRAM 00001E
drawCircle@x                       cstackCOMRAM 00002A
drawCircle@x0                      cstackCOMRAM 00001A
drawCircle@y                       cstackCOMRAM 00002C
drawCircle@y0                      cstackCOMRAM 00001C
drawFastVLine@color                cstackCOMRAM 000018
drawFastVLine@h                    cstackCOMRAM 000017
drawFastVLine@hi                   cstackCOMRAM 00001E
drawFastVLine@lo                   cstackCOMRAM 00001F
drawFastVLine@x                    cstackCOMRAM 000020
drawFastVLine@y                    cstackCOMRAM 000016
drawPixel@color                    cstackCOMRAM 000017
drawPixel@x                        cstackCOMRAM 000019
drawPixel@y                        cstackCOMRAM 000016
drawtext@_text                     cstackCOMRAM 000038
drawtext@bg                        cstackCOMRAM 00003C
drawtext@color                     cstackCOMRAM 00003A
drawtext@cursor_x                  cstackBANK0  0000EC
drawtext@cursor_y                  cstackBANK0  0000EB
drawtext@i                         cstackBANK0  0000E9
drawtext@size                      cstackCOMRAM 00003E
drawtext@textsize                  cstackBANK0  0000E7
drawtext@x                         cstackBANK0  0000E6
drawtext@y                         cstackCOMRAM 000037
end_of_initialization              cinit        001840
fillRect@color                     cstackCOMRAM 000024
fillRect@h                         cstackCOMRAM 000023
fillRect@i                         cstackCOMRAM 00002A
fillRect@w                         cstackCOMRAM 000022
fillRect@x                         cstackCOMRAM 000029
fillRect@y                         cstackCOMRAM 000021
fillRectangle@color                cstackCOMRAM 000019
fillRectangle@h                    cstackCOMRAM 000018
fillRectangle@hi                   cstackCOMRAM 00001F
fillRectangle@lo                   cstackCOMRAM 000020
fillRectangle@w                    cstackCOMRAM 000017
fillRectangle@x                    cstackCOMRAM 000021
fillRectangle@y                    cstackCOMRAM 000016
fillScreen@color                   cstackCOMRAM 000022
get_RPM@RPS                        cstackCOMRAM 00001F
int_func                           intcode_body 0019C4
intlevel0                          text         000000
intlevel1                          text         000000
intlevel2                          text         000000
intlevel3                          text         000000
isdigit@c                          cstackCOMRAM 000011
main@j                             cstackBANK0  0000F2
printf@ap                          cstackCOMRAM 00002E
printf@c                           cstackCOMRAM 000036
printf@f                           cstackCOMRAM 00001B
printf@flag                        cstackCOMRAM 000033
printf@idx                         cstackCOMRAM 00002D
printf@prec                        cstackCOMRAM 000030
printf@val                         cstackCOMRAM 000031
printf@width                       cstackCOMRAM 000034
putch@c                            cstackCOMRAM 00000F
setAddrWindow@x0                   cstackCOMRAM 000015
setAddrWindow@x1                   cstackCOMRAM 000013
setAddrWindow@y0                   cstackCOMRAM 000012
setAddrWindow@y1                   cstackCOMRAM 000014
spiwrite@spidata                   cstackCOMRAM 000010
spiwrite@x                         cstackCOMRAM 00000F
stackhi                            (abs)        000F7F
stacklo                            (abs)        00014B
start                              init         000018
start_initialization               cinit        0017BC
strcpy@cp                          cstackCOMRAM 000013
strcpy@from                        cstackCOMRAM 000011
strcpy@to                          cstackCOMRAM 00000F
strlen@cp                          cstackCOMRAM 000013
strlen@s                           cstackCOMRAM 00000F
write_command@cmd_                 cstackCOMRAM 000011
write_data@data_                   cstackCOMRAM 000011


FUNCTION INFORMATION:

 *************** function _main *****************
 Defined at:
		line 108 in file "Lab12_ex.c"
 Parameters:    Size  Location     Type
		None
 Auto vars:     Size  Location     Type
  j               2   12[BANK0 ] int 
 Return value:  Size  Location     Type
		None               void
 Registers used:
		wreg, fsr2l, fsr2h, status,2, status,0, tblptrl, tblptrh, tblptru, prodl, prodh, cstack
 Tracked objects:
		On entry : 
		On exit  : 
		Unchanged: 
 Data sizes:     COMRAM   BANK0   BANK1   BANK2   BANK3   BANK4   BANK5   BANK6   BANK7   BANK8   BANK9  BANK10  BANK11  BANK12  BANK13  BANK14  BANK15
      Params:         0       0       0       0       0       0       0       0       0       0       0       0       0       0       0       0       0
      Locals:         0       2       0       0       0       0       0       0       0       0       0       0       0       0       0       0       0
      Temps:          0       1       0       0       0       0       0       0       0       0       0       0       0       0       0       0       0
      Totals:         0       3       0       0       0       0       0       0       0       0       0       0       0       0       0       0       0
Total ram usage:        3 bytes
 Hardware stack levels required when called:    9
 This function calls:
		_DS1621_Read_Temp
		_DS3231_Read_Time
		_Do_Beep
		_Do_Init
		_Initialize_Screen
		_Update_Screen
		___awdiv
		___wmul
		_do_update_pwm
		_get_RPM
		_printf
 This function is called by:
		Startup code after reset
 This function uses a non-reentrant model


 *************** function _printf *****************
 Defined at:
		line 464 in file "C:\My Programs\Microchip\xc8\v1.34\sources\common\doprnt.c"
 Parameters:    Size  Location     Type
  f               2   26[COMRAM] PTR const unsigned char 
		 -> STR_12(15), STR_11(22), STR_10(16), STR_9(20), 
		 -> STR_8(21), STR_7(30), STR_6(20), STR_5(21), 
		 -> STR_4(30), STR_3(20), STR_2(21), STR_1(30), 
 Auto vars:     Size  Location     Type
  idx             1   44[COMRAM] unsigned char 
  tmpval          4    0        struct .
  cp              3    0        PTR const unsigned char 
  width           2   51[COMRAM] int 
  val             2   48[COMRAM] unsigned int 
  ap              2   45[COMRAM] PTR void [1]
		 -> ?_printf(2), 
  len             2    0        unsigned int 
  c               1   53[COMRAM] char 
  flag            1   50[COMRAM] unsigned char 
  prec            1   47[COMRAM] char 
 Return value:  Size  Location     Type
                  2   26[COMRAM] int 
 Registers used:
		wreg, fsr2l, fsr2h, status,2, status,0, tblptrl, tblptrh, tblptru, prodl, prodh, cstack
 Tracked objects:
		On entry : 
		On exit  : 
		Unchanged: 
 Data sizes:     COMRAM   BANK0   BANK1   BANK2   BANK3   BANK4   BANK5   BANK6   BANK7   BANK8   BANK9  BANK10  BANK11  BANK12  BANK13  BANK14  BANK15
      Params:        14       0       0       0       0       0       0       0       0       0       0       0       0       0       0       0       0
      Locals:        10       0       0       0       0       0       0       0       0       0       0       0       0       0       0       0       0
      Temps:          4       0       0       0       0       0       0       0       0       0       0       0       0       0       0       0       0
      Totals:        28       0       0       0       0       0       0       0       0       0       0       0       0       0       0       0       0
Total ram usage:       28 bytes
 Hardware stack levels used:    1
 Hardware stack levels required when called:    2
 This function calls:
		___lwdiv
		___lwmod
		___wmul
		_isdigit
		_putch
 This function is called by:
		_main
 This function uses a non-reentrant model


 *************** function _putch *****************
 Defined at:
		line 74 in file "Lab12_ex.c"
 Parameters:    Size  Location     Type
  c               1    wreg     unsigned char 
 Auto vars:     Size  Location     Type
  c               1   14[COMRAM] unsigned char 
 Return value:  Size  Location     Type
		None               void
 Registers used:
		wreg
 Tracked objects:
		On entry : 
		On exit  : 
		Unchanged: 
 Data sizes:     COMRAM   BANK0   BANK1   BANK2   BANK3   BANK4   BANK5   BANK6   BANK7   BANK8   BANK9  BANK10  BANK11  BANK12  BANK13  BANK14  BANK15
      Params:         0       0       0       0       0       0       0       0       0       0       0       0       0       0       0       0       0
      Locals:         1       0       0       0       0       0       0       0       0       0       0       0       0       0       0       0       0
      Temps:          0       0       0       0       0       0       0       0       0       0       0       0       0       0       0       0       0
      Totals:         1       0       0       0       0       0       0       0       0       0       0       0       0       0       0       0       0
Total ram usage:        1 bytes
 Hardware stack levels used:    1
 Hardware stack levels required when called:    1
 This function calls:
		Nothing
 This function is called by:
		_printf
 This function uses a non-reentrant model


 *************** function _isdigit *****************
 Defined at:
		line 8 in file "C:\My Programs\Microchip\xc8\v1.34\sources\common\isdigit.c"
 Parameters:    Size  Location     Type
  c               1    wreg     unsigned char 
 Auto vars:     Size  Location     Type
  c               1   16[COMRAM] unsigned char 
 Return value:  Size  Location     Type
		None               void
 Registers used:
		wreg, status,2, status,0
 Tracked objects:
		On entry : 
		On exit  : 
		Unchanged: 
 Data sizes:     COMRAM   BANK0   BANK1   BANK2   BANK3   BANK4   BANK5   BANK6   BANK7   BANK8   BANK9  BANK10  BANK11  BANK12  BANK13  BANK14  BANK15
      Params:         0       0       0       0       0       0       0       0       0       0       0       0       0       0       0       0       0
      Locals:         2       0       0       0       0       0       0       0       0       0       0       0       0       0       0       0       0
      Temps:          1       0       0       0       0       0       0       0       0       0       0       0       0       0       0       0       0
      Totals:         3       0       0       0       0       0       0       0       0       0       0       0       0       0       0       0       0
Total ram usage:        3 bytes
 Hardware stack levels used:    1
 Hardware stack levels required when called:    1
 This function calls:
		Nothing
 This function is called by:
		_printf
 This function uses a non-reentrant model


 *************** function ___lwmod *****************
 Defined at:
		line 8 in file "C:\My Programs\Microchip\xc8\v1.34\sources\common\lwmod.c"
 Parameters:    Size  Location     Type
  dividend        2   21[COMRAM] unsigned int 
  divisor         2   23[COMRAM] unsigned int 
 Auto vars:     Size  Location     Type
  counter         1   25[COMRAM] unsigned char 
 Return value:  Size  Location     Type
                  2   21[COMRAM] unsigned int 
 Registers used:
		wreg, status,2, status,0
 Tracked objects:
		On entry : 
		On exit  : 
		Unchanged: 
 Data sizes:     COMRAM   BANK0   BANK1   BANK2   BANK3   BANK4   BANK5   BANK6   BANK7   BANK8   BANK9  BANK10  BANK11  BANK12  BANK13  BANK14  BANK15
      Params:         4       0       0       0       0       0       0       0       0       0       0       0       0       0       0       0       0
      Locals:         1       0       0       0       0       0       0       0       0       0       0       0       0       0       0       0       0
      Temps:          0       0       0       0       0       0       0       0       0       0       0       0       0       0       0       0       0
      Totals:         5       0       0       0       0       0       0       0       0       0       0       0       0       0       0       0       0
Total ram usage:        5 bytes
 Hardware stack levels used:    1
 Hardware stack levels required when called:    1
 This function calls:
		Nothing
 This function is called by:
		_printf
 This function uses a non-reentrant model


 *************** function ___lwdiv *****************
 Defined at:
		line 8 in file "C:\My Programs\Microchip\xc8\v1.34\sources\common\lwdiv.c"
 Parameters:    Size  Location     Type
  dividend        2   14[COMRAM] unsigned int 
  divisor         2   16[COMRAM] unsigned int 
 Auto vars:     Size  Location     Type
  quotient        2   19[COMRAM] unsigned int 
  counter         1   18[COMRAM] unsigned char 
 Return value:  Size  Location     Type
                  2   14[COMRAM] unsigned int 
 Registers used:
		wreg, status,2, status,0
 Tracked objects:
		On entry : 
		On exit  : 
		Unchanged: 
 Data sizes:     COMRAM   BANK0   BANK1   BANK2   BANK3   BANK4   BANK5   BANK6   BANK7   BANK8   BANK9  BANK10  BANK11  BANK12  BANK13  BANK14  BANK15
      Params:         4       0       0       0       0       0       0       0       0       0       0       0       0       0       0       0       0
      Locals:         3       0       0       0       0       0       0       0       0       0       0       0       0       0       0       0       0
      Temps:          0       0       0       0       0       0       0       0       0       0       0       0       0       0       0       0       0
      Totals:         7       0       0       0       0       0       0       0       0       0       0       0       0       0       0       0       0
Total ram usage:        7 bytes
 Hardware stack levels used:    1
 Hardware stack levels required when called:    1
 This function calls:
		Nothing
 This function is called by:
		_printf
 This function uses a non-reentrant model


 *************** function _get_RPM *****************
 Defined at:
		line 44 in file "Fan_Support.c"
 Parameters:    Size  Location     Type
		None
 Auto vars:     Size  Location     Type
  RPS             2   30[COMRAM] int 
 Return value:  Size  Location     Type
                  2   28[COMRAM] int 
 Registers used:
		wreg, status,2, status,0, prodl, prodh, cstack
 Tracked objects:
		On entry : 
		On exit  : 
		Unchanged: 
 Data sizes:     COMRAM   BANK0   BANK1   BANK2   BANK3   BANK4   BANK5   BANK6   BANK7   BANK8   BANK9  BANK10  BANK11  BANK12  BANK13  BANK14  BANK15
      Params:         2       0       0       0       0       0       0       0       0       0       0       0       0       0       0       0       0
      Locals:         2       0       0       0       0       0       0       0       0       0       0       0       0       0       0       0       0
      Temps:          0       0       0       0       0       0       0       0       0       0       0       0       0       0       0       0       0
      Totals:         4       0       0       0       0       0       0       0       0       0       0       0       0       0       0       0       0
Total ram usage:        4 bytes
 Hardware stack levels used:    1
 Hardware stack levels required when called:    2
 This function calls:
		___awdiv
		___wmul
 This function is called by:
		_main
 This function uses a non-reentrant model


 *************** function _do_update_pwm *****************
 Defined at:
		line 79 in file "Fan_Support.c"
 Parameters:    Size  Location     Type
  duty_cycle      1    wreg     unsigned char 
 Auto vars:     Size  Location     Type
  duty_cycle      1   62[COMRAM] unsigned char 
  dc_f            3   59[COMRAM] float 
  dc_I            2   63[COMRAM] int 
 Return value:  Size  Location     Type
		None               void
 Registers used:
		wreg, status,2, status,0, cstack
 Tracked objects:
		On entry : 
		On exit  : 
		Unchanged: 
 Data sizes:     COMRAM   BANK0   BANK1   BANK2   BANK3   BANK4   BANK5   BANK6   BANK7   BANK8   BANK9  BANK10  BANK11  BANK12  BANK13  BANK14  BANK15
      Params:         0       0       0       0       0       0       0       0       0       0       0       0       0       0       0       0       0
      Locals:         6       0       0       0       0       0       0       0       0       0       0       0       0       0       0       0       0
      Temps:          3       0       0       0       0       0       0       0       0       0       0       0       0       0       0       0       0
      Totals:         9       0       0       0       0       0       0       0       0       0       0       0       0       0       0       0       0
Total ram usage:        9 bytes
 Hardware stack levels used:    1
 Hardware stack levels required when called:    3
 This function calls:
		___ftdiv
		___ftmul
		___fttol
		___lbtoft
 This function is called by:
		_main
 This function uses a non-reentrant model


 *************** function ___lbtoft *****************
 Defined at:
		line 27 in file "C:\My Programs\Microchip\xc8\v1.34\sources\common\lbtoft.c"
 Parameters:    Size  Location     Type
  c               1    wreg     unsigned char 
 Auto vars:     Size  Location     Type
  c               1   25[COMRAM] unsigned char 
 Return value:  Size  Location     Type
                  3   22[COMRAM] float 
 Registers used:
		wreg, status,2, status,0, cstack
 Tracked objects:
		On entry : 
		On exit  : 
		Unchanged: 
 Data sizes:     COMRAM   BANK0   BANK1   BANK2   BANK3   BANK4   BANK5   BANK6   BANK7   BANK8   BANK9  BANK10  BANK11  BANK12  BANK13  BANK14  BANK15
      Params:         3       0       0       0       0       0       0       0       0       0       0       0       0       0       0       0       0
      Locals:         1       0       0       0       0       0       0       0       0       0       0       0       0       0       0       0       0
      Temps:          0       0       0       0       0       0       0       0       0       0       0       0       0       0       0       0       0
      Totals:         4       0       0       0       0       0       0       0       0       0       0       0       0       0       0       0       0
Total ram usage:        4 bytes
 Hardware stack levels used:    1
 Hardware stack levels required when called:    2
 This function calls:
		___ftpack
 This function is called by:
		_do_update_pwm
 This function uses a non-reentrant model


 *************** function ___fttol *****************
 Defined at:
		line 44 in file "C:\My Programs\Microchip\xc8\v1.34\sources\common\fttol.c"
 Parameters:    Size  Location     Type
  f1              3   14[COMRAM] float 
 Auto vars:     Size  Location     Type
  lval            4   24[COMRAM] unsigned long 
[...]
		None
 Return value:  Size  Location     Type
		None               void
 Registers used:
		wreg, cstack
 Tracked objects:
		On entry : 
		On exit  : 
		Unchanged: 
 Data sizes:     COMRAM   BANK0   BANK1   BANK2   BANK3   BANK4   BANK5   BANK6   BANK7   BANK8   BANK9  BANK10  BANK11  BANK12  BANK13  BANK14  BANK15
      Params:         0       0       0       0       0       0       0       0       0       0       0       0       0       0       0       0       0
      Locals:         0       0       0       0       0       0       0       0       0       0       0       0       0       0       0       0       0
      Temps:          0       0       0       0       0       0       0       0       0       0       0       0       0       0       0       0       0
      Totals:         0       0       0       0       0       0       0       0       0       0       0       0       0       0       0       0       0
Total ram usage:        0 bytes
 Hardware stack levels used:    1
 Hardware stack levels required when called:    2
 This function calls:
		_i2cHighScl
		_i2cHighSda
		_i2cLowScl
		_i2cLowSda
 This function is called by:
		_I2C_Write_Cmd_Only
		_I2C_Write_Cmd_Write_Data
		_DS1621_Read_Temp
		_DS3231_Read_Time
		_I2C_Write_Address_Read_One_Byte
		_I2C_Write_Address_Write_One_Byte
		_I2C_Write_Cmd_Read_One_Byte
		_DS3231_Setup_Time
 This function uses a non-reentrant model


 *************** function _I2C_Read *****************
 Defined at:
		line 16 in file "I2C_Soft.c"
 Parameters:    Size  Location     Type
  ack             1    wreg     unsigned char 
 Auto vars:     Size  Location     Type
  ack             1   14[COMRAM] unsigned char 
  inByte          1   16[COMRAM] unsigned char 
  n               1   15[COMRAM] unsigned char 
 Return value:  Size  Location     Type
                  1    wreg      unsigned char 
 Registers used:
		wreg, status,2, status,0, cstack
 Tracked objects:
		On entry : 
		On exit  : 
		Unchanged: 
 Data sizes:     COMRAM   BANK0   BANK1   BANK2   BANK3   BANK4   BANK5   BANK6   BANK7   BANK8   BANK9  BANK10  BANK11  BANK12  BANK13  BANK14  BANK15
      Params:         0       0       0       0       0       0       0       0       0       0       0       0       0       0       0       0       0
      Locals:         3       0       0       0       0       0       0       0       0       0       0       0       0       0       0       0       0
      Temps:          0       0       0       0       0       0       0       0       0       0       0       0       0       0       0       0       0
      Totals:         3       0       0       0       0       0       0       0       0       0       0       0       0       0       0       0       0
Total ram usage:        3 bytes
 Hardware stack levels used:    1
 Hardware stack levels required when called:    3
 This function calls:
		_i2cAck
		_i2cHighScl
		_i2cHighSda
		_i2cLowScl
		_i2cNack
 This function is called by:
		_DS1621_Read_Temp
		_DS3231_Read_Time
		_I2C_Write_Address_Read_One_Byte
		_I2C_Write_Cmd_Read_One_Byte
 This function uses a non-reentrant model


 *************** function _i2cNack *****************
 Defined at:
		line 53 in file "I2C_Soft.c"
 Parameters:    Size  Location     Type
		None
 Auto vars:     Size  Location     Type
		None
 Return value:  Size  Location     Type
		None               void
 Registers used:
		wreg, cstack
 Tracked objects:
		On entry : 
		On exit  : 
		Unchanged: 
 Data sizes:     COMRAM   BANK0   BANK1   BANK2   BANK3   BANK4   BANK5   BANK6   BANK7   BANK8   BANK9  BANK10  BANK11  BANK12  BANK13  BANK14  BANK15
      Params:         0       0       0       0       0       0       0       0       0       0       0       0       0       0       0       0       0
      Locals:         0       0       0       0       0       0       0       0       0       0       0       0       0       0       0       0       0
      Temps:          0       0       0       0       0       0       0       0       0       0       0       0       0       0       0       0       0
      Totals:         0       0       0       0       0       0       0       0       0       0       0       0       0       0       0       0       0
Total ram usage:        0 bytes
 Hardware stack levels used:    1
 Hardware stack levels required when called:    2
 This function calls:
		_i2cHighScl
		_i2cLowScl
 This function is called by:
		_I2C_Read
 This function uses a non-reentrant model


 *************** function _i2cAck *****************
 Defined at:
		line 59 in file "I2C_Soft.c"
 Parameters:    Size  Location     Type
		None
 Auto vars:     Size  Location     Type
		None
 Return value:  Size  Location     Type
		None               void
 Registers used:
		wreg, cstack
 Tracked objects:
		On entry : 
		On exit  : 
		Unchanged: 
 Data sizes:     COMRAM   BANK0   BANK1   BANK2   BANK3   BANK4   BANK5   BANK6   BANK7   BANK8   BANK9  BANK10  BANK11  BANK12  BANK13  BANK14  BANK15
      Params:         0       0       0       0       0       0       0       0       0       0       0       0       0       0       0       0       0
      Locals:         0       0       0       0       0       0       0       0       0       0       0       0       0       0       0       0       0
      Temps:          0       0       0       0       0       0       0       0       0       0       0       0       0       0       0       0       0
      Totals:         0       0       0       0       0       0       0       0       0       0       0       0       0       0       0       0       0
Total ram usage:        0 bytes
 Hardware stack levels used:    1
 Hardware stack levels required when called:    2
 This function calls:
		_i2cHighScl
		_i2cHighSda
		_i2cLowScl
		_i2cLowSda
 This function is called by:
		_I2C_Read
 This function uses a non-reentrant model


 *************** function _I2C_ReStart *****************
 Defined at:
		line 75 in file "I2C_Soft.c"
 Parameters:    Size  Location     Type
		None
 Auto vars:     Size  Location     Type
		None
 Return value:  Size  Location     Type
		None               void
 Registers used:
		wreg, cstack
 Tracked objects:
		On entry : 
		On exit  : 
		Unchanged: 
 Data sizes:     COMRAM   BANK0   BANK1   BANK2   BANK3   BANK4   BANK5   BANK6   BANK7   BANK8   BANK9  BANK10  BANK11  BANK12  BANK13  BANK14  BANK15
      Params:         0       0       0       0       0       0       0       0       0       0       0       0       0       0       0       0       0
      Locals:         0       0       0       0       0       0       0       0       0       0       0       0       0       0       0       0       0
      Temps:          0       0       0       0       0       0       0       0       0       0       0       0       0       0       0       0       0
      Totals:         0       0       0       0       0       0       0       0       0       0       0       0       0       0       0       0       0
Total ram usage:        0 bytes
 Hardware stack levels used:    1
 Hardware stack levels required when called:    2
 This function calls:
		_i2cHighScl
		_i2cHighSda
		_i2cLowScl
		_i2cLowSda
 This function is called by:
		_DS1621_Read_Temp
		_DS3231_Read_Time
		_I2C_Write_Address_Read_One_Byte
		_I2C_Write_Cmd_Read_One_Byte
 This function uses a non-reentrant model


 *************** function _i2cLowSda *****************
 Defined at:
		line 98 in file "I2C_Soft.c"
 Parameters:    Size  Location     Type
		None
 Auto vars:     Size  Location     Type
		None
 Return value:  Size  Location     Type
		None               void
 Registers used:
		None
 Tracked objects:
		On entry : 
		On exit  : 
		Unchanged: 
 Data sizes:     COMRAM   BANK0   BANK1   BANK2   BANK3   BANK4   BANK5   BANK6   BANK7   BANK8   BANK9  BANK10  BANK11  BANK12  BANK13  BANK14  BANK15
      Params:         0       0       0       0       0       0       0       0       0       0       0       0       0       0       0       0       0
      Locals:         0       0       0       0       0       0       0       0       0       0       0       0       0       0       0       0       0
      Temps:          0       0       0       0       0       0       0       0       0       0       0       0       0       0       0       0       0
      Totals:         0       0       0       0       0       0       0       0       0       0       0       0       0       0       0       0       0
Total ram usage:        0 bytes
 Hardware stack levels used:    1
 Hardware stack levels required when called:    1
 This function calls:
		Nothing
 This function is called by:
		_I2C_Write
		_i2cAck
		_I2C_Start
		_I2C_ReStart
		_I2C_Stop
 This function uses a non-reentrant model


 *************** function _i2cLowScl *****************
 Defined at:
		line 111 in file "I2C_Soft.c"
 Parameters:    Size  Location     Type
		None
 Auto vars:     Size  Location     Type
		None
 Return value:  Size  Location     Type
		None               void
 Registers used:
		None
 Tracked objects:
		On entry : 
		On exit  : 
		Unchanged: 
 Data sizes:     COMRAM   BANK0   BANK1   BANK2   BANK3   BANK4   BANK5   BANK6   BANK7   BANK8   BANK9  BANK10  BANK11  BANK12  BANK13  BANK14  BANK15
      Params:         0       0       0       0       0       0       0       0       0       0       0       0       0       0       0       0       0
      Locals:         0       0       0       0       0       0       0       0       0       0       0       0       0       0       0       0       0
      Temps:          0       0       0       0       0       0       0       0       0       0       0       0       0       0       0       0       0
      Totals:         0       0       0       0       0       0       0       0       0       0       0       0       0       0       0       0       0
Total ram usage:        0 bytes
 Hardware stack levels used:    1
 Hardware stack levels required when called:    1
 This function calls:
		Nothing
 This function is called by:
		_I2C_Read
		_I2C_Write
		_i2cNack
		_i2cAck
		_I2C_Start
		_I2C_ReStart
		_I2C_Stop
 This function uses a non-reentrant model


 *************** function _i2cHighSda *****************
 Defined at:
		line 92 in file "I2C_Soft.c"
 Parameters:    Size  Location     Type
		None
 Auto vars:     Size  Location     Type
		None
 Return value:  Size  Location     Type
		None               void
 Registers used:
		None
 Tracked objects:
		On entry : 
		On exit  : 
		Unchanged: 
 Data sizes:     COMRAM   BANK0   BANK1   BANK2   BANK3   BANK4   BANK5   BANK6   BANK7   BANK8   BANK9  BANK10  BANK11  BANK12  BANK13  BANK14  BANK15
      Params:         0       0       0       0       0       0       0       0       0       0       0       0       0       0       0       0       0
      Locals:         0       0       0       0       0       0       0       0       0       0       0       0       0       0       0       0       0
      Temps:          0       0       0       0       0       0       0       0       0       0       0       0       0       0       0       0       0
      Totals:         0       0       0       0       0       0       0       0       0       0       0       0       0       0       0       0       0
Total ram usage:        0 bytes
 Hardware stack levels used:    1
 Hardware stack levels required when called:    1
 This function calls:
		Nothing
 This function is called by:
		_I2C_Init
		_I2C_Read
		_I2C_Write
		_i2cAck
		_I2C_Start
		_I2C_ReStart
		_I2C_Stop
 This function uses a non-reentrant model


 *************** function _i2cHighScl *****************
 Defined at:
		line 105 in file "I2C_Soft.c"
 Parameters:    Size  Location     Type
		None
 Auto vars:     Size  Location     Type
		None
 Return value:  Size  Location     Type
		None               void
 Registers used:
		wreg
 Tracked objects:
		On entry : 
		On exit  : 
		Unchanged: 
 Data sizes:     COMRAM   BANK0   BANK1   BANK2   BANK3   BANK4   BANK5   BANK6   BANK7   BANK8   BANK9  BANK10  BANK11  BANK12  BANK13  BANK14  BANK15
      Params:         0       0       0       0       0       0       0       0       0       0       0       0       0       0       0       0       0
      Locals:         0       0       0       0       0       0       0       0       0       0       0       0       0       0       0       0       0
      Temps:          0       0       0       0       0       0       0       0       0       0       0       0       0       0       0       0       0
      Totals:         0       0       0       0       0       0       0       0       0       0       0       0       0       0       0       0       0
Total ram usage:        0 bytes
 Hardware stack levels used:    1
 Hardware stack levels required when called:    1
 This function calls:
		Nothing
 This function is called by:
		_I2C_Init
		_I2C_Read
		_I2C_Write
		_i2cNack
		_i2cAck
		_I2C_Start
		_I2C_ReStart
		_I2C_Stop
 This function uses a non-reentrant model


 *************** function _chkisr *****************
 Defined at:
		line 22 in file "Interrupt.c"
 Parameters:    Size  Location     Type
		None
 Auto vars:     Size  Location     Type
		None
 Return value:  Size  Location     Type
		None               void
 Registers used:
		None
 Tracked objects:
		On entry : 
		On exit  : 
		Unchanged: 
 Data sizes:     COMRAM   BANK0   BANK1   BANK2   BANK3   BANK4   BANK5   BANK6   BANK7   BANK8   BANK9  BANK10  BANK11  BANK12  BANK13  BANK14  BANK15
      Params:         0       0       0       0       0       0       0       0       0       0       0       0       0       0       0       0       0
      Locals:         0       0       0       0       0       0       0       0       0       0       0       0       0       0       0       0       0
      Temps:         14       0       0       0       0       0       0       0       0       0       0       0       0       0       0       0       0
      Totals:        14       0       0       0       0       0       0       0       0       0       0       0       0       0       0       0       0
Total ram usage:       14 bytes
 Hardware stack levels used:    1
 This function calls:
		Nothing
 This function is called by:
		Interrupt level 2
 This function uses a non-reentrant model



MODULE INFORMATION

Module		Function		Class		Link	Load	Size
I2C_Soft.c
		_i2cLowSda     		CODE           	20C6	0000	11
		_i2cLowScl     		CODE           	20D0	0000	9
		_I2C_Write_Cmd_		CODE           	1FD8	0000	27
		_I2C_Write     		CODE           	1DD2	0000	63
		_I2C_Write_Cmd_		CODE           	1F7E	0000	33
		_I2C_Stop      		CODE           	2042	0000	19
		_I2C_Read      		CODE           	1CD0	0000	73
		_i2cNack       		CODE           	20BC	0000	11
		_I2C_Init      		CODE           	20B2	0000	11
		_i2cHighSda    		CODE           	20D8	0000	9
		_i2cHighScl    		CODE           	20A6	0000	13
		_I2C_Start     		CODE           	2054	0000	19
		_i2cAck        		CODE           	2066	0000	19
		_I2C_ReStart   		CODE           	1FF2	0000	23

I2C_Soft.c estimated size: 340

C:\My Programs\Microchip\xc8\v1.34\sources\pic18\plib\USART\uopen.c
		_OpenUSART     		CODE           	1954	0000	113

C:\My Programs\Microchip\xc8\v1.34\sources\pic18\plib\USART\uopen.c estimated size: 113

C:\My Programs\Microchip\xc8\v1.34\sources\common\ftmul.c
		___ftmul       		CODE           	111C	0000	249

C:\My Programs\Microchip\xc8\v1.34\sources\common\ftmul.c estimated size: 249

C:\My Programs\Microchip\xc8\v1.34\sources\common\isdigit.c
		_isdigit       		CODE           	1F5C	0000	35

C:\My Programs\Microchip\xc8\v1.34\sources\common\isdigit.c estimated size: 35

C:\My Programs\Microchip\xc8\v1.34\sources\common\ftdiv.c
		___ftdiv       		CODE           	13EC	0000	227

C:\My Programs\Microchip\xc8\v1.34\sources\common\ftdiv.c estimated size: 227

C:\My Programs\Microchip\xc8\v1.34\sources\common\lwdiv.c
		___lwdiv       		CODE           	1AF6	0000	93

C:\My Programs\Microchip\xc8\v1.34\sources\common\lwdiv.c estimated size: 93

C:\My Programs\Microchip\xc8\v1.34\sources\common\awdiv.c
		___awdiv       		CODE           	1726	0000	151

C:\My Programs\Microchip\xc8\v1.34\sources\common\awdiv.c estimated size: 151

Lab12_ex.c
		_putch         		CODE           	2098	0000	15
		_main          		CODE           	0376	0000	813
		_init_UART     		CODE           	201C	0000	21
		_Do_Init       		CODE           	1C88	0000	73

Lab12_ex.c estimated size: 922

C:\My Programs\Microchip\xc8\v1.34\sources\common\strlen.c
		_strlen        		CODE           	1D56	0000	63

C:\My Programs\Microchip\xc8\v1.34\sources\common\strlen.c estimated size: 63

C:\My Programs\Microchip\xc8\v1.34\sources\common\strcpy.c
		_strcpy        		CODE           	1E82	0000	51

C:\My Programs\Microchip\xc8\v1.34\sources\common\strcpy.c estimated size: 51

C:\My Programs\Microchip\xc8\v1.34\sources\common\lbtoft.c
		___lbtoft      		CODE           	1F36	0000	39

C:\My Programs\Microchip\xc8\v1.34\sources\common\lbtoft.c estimated size: 39

Fan_Support.c
		_get_RPM       		CODE           	1D18	0000	63
		_Do_Beep       		CODE           	20E6	0000	3
		_do_update_pwm 		CODE           	1670	0000	183

Fan_Support.c estimated size: 249

ST7735_TFT.c
		_drawChar      		CODE           	0DAC	0000	343
		_drawCircle    		CODE           	0BFE	0000	431
		_fillScreen    		CODE           	1FBC	0000	29
		_Rcmd3         		CODE           	1214	0000	243
		_write_data    		CODE           	2078	0000	17
		_setAddrWindow 		CODE           	1BA4	0000	79
		_drawtext      		CODE           	1012	0000	267
		_fillRect      		CODE           	1C3E	0000	75
		_LCD_Reset     		CODE           	2030	0000	19
		_drawPixel     		CODE           	1EB4	0000	49
		_fillRectangle 		CODE           	14CE	0000	221
		_write_command 		CODE           	2088	0000	17
		_drawFastVLine 		CODE           	184A	0000	137
		_Rcmd2red      		CODE           	1D94	0000	63
		_TFT_GreenTab_I		CODE           	1EE4	0000	43
		_delay_ms      		CODE           	1B52	0000	83
		_Rcmd1         		CODE           	0F02	0000	273
		_spiwrite      		CODE           	2008	0000	21

ST7735_TFT.c estimated size: 2410

I2C_Support.c
		_DS3231_Read_Ti		CODE           	1A92	0000	101
		_DS1621_Init   		CODE           	1F9E	0000	31
		_DS1621_Read_Te		CODE           	1E10	0000	61

I2C_Support.c estimated size: 193

C:\My Programs\Microchip\xc8\v1.34\sources\common\fttol.c
		___fttol       		CODE           	1306	0000	231

C:\My Programs\Microchip\xc8\v1.34\sources\common\fttol.c estimated size: 231

Main_Screen.c
		_Update_Screen 		CODE           	06A2	0000	755
		_Initialize_Scr		CODE           	0994	0000	619

Main_Screen.c estimated size: 1374

shared
		_font          		MEDIUMCONST    	FD3F	0000	256
		_dpowers       		MEDIUMCONST    	FF1A	0000	11
		__initializatio		CODE           	17BC	0000	133
		_hexpowers     		MEDIUMCONST    	FF24	0000	9
		_font2         		MEDIUMCONST    	FE3E	0000	221

shared estimated size: 630

Interrupt.c
		_init_INTERRUPT		CODE           	20E4	0000	3
		_chkisr        		CODE           	0008	0000	121

Interrupt.c estimated size: 124

C:\My Programs\Microchip\xc8\v1.34\sources\common\doprnt.c
		_printf        		CODE           	001C	0000	859

C:\My Programs\Microchip\xc8\v1.34\sources\common\doprnt.c estimated size: 859

C:\My Programs\Microchip\xc8\v1.34\sources\common\float.c
		___ftpack      		CODE           	15AA	0000	199

C:\My Programs\Microchip\xc8\v1.34\sources\common\float.c estimated size: 199

C:\My Programs\Microchip\xc8\v1.34\sources\common\Umul16.c
		___wmul        		CODE           	1F0E	0000	41

C:\My Programs\Microchip\xc8\v1.34\sources\common\Umul16.c estimated size: 41

C:\My Programs\Microchip\xc8\v1.34\sources\common\lwmod.c
		___lwmod       		CODE           	1BF2	0000	77

C:\My Programs\Microchip\xc8\v1.34\sources\common\lwmod.c estimated size: 77

C:\My Programs\Microchip\xc8\v1.34\sources\common\awmod.c
		___awmod       		CODE           	18D2	0000	131

C:\My Programs\Microchip\xc8\v1.34\sources\common\awmod.c estimated size: 131

