Microchip MPLAB XC8 Compiler V1.34 ()

Linker command line:

-W-3 --edf=C:\My Programs\Microchip\xc8\v1.34\dat\en_msgs.txt -cs \
  -h+dist/default/debug\Lab11p1.X.debug.sym \
  --cmf=dist/default/debug\Lab11p1.X.debug.cmf -z -Q18F4620 \
  -oC:\Users\Dara\AppData\Local\Temp\so24.6 \
  -Mdist/default/debug/Lab11p1.X.debug.map -E1 -ver=XC8 -ASTACK=0180h-0ef3h \
  -pstack=STACK -ACODE=00h-0FD2Fh -ACONST=00h-0FD2Fh \
  -ASMALLCONST=01000h-010FFhx237,0FD00h-0FD2Fh -AMEDIUMCONST=01000h-0FD2Fh \
  -ACOMRAM=01h-07Fh -AABS1=00h-0EF3h,0F00h-0F7Fh \
  -ABIGRAM=01h-0EF3h,0F00h-0F7Fh \
  -ARAM=080h-0FFh,0100h-01FFhx13,0E00h-0EF3h,0F00h-0F7Fh -ABANK0=080h-0FFh \
  -ABANK1=0100h-01FFh -ABANK2=0200h-02FFh -ABANK3=0300h-03FFh \
  -ABANK4=0400h-04FFh -ABANK5=0500h-05FFh -ABANK6=0600h-06FFh \
  -ABANK7=0700h-07FFh -ABANK8=0800h-08FFh -ABANK9=0900h-09FFh \
  -ABANK10=0A00h-0AFFh -ABANK11=0B00h-0BFFh -ABANK12=0C00h-0CFFh \
  -ABANK13=0D00h-0DFFh -ABANK14=0E00h-0EF3h -ABANK15=0F00h-0F7Fh \
  -ASFR=0F80h-0F9Bh,0F9Dh-0FD3h,0FD5h-0FDAh,0FE0h-0FE2h,0FE8h-0FEAh,0FF0h-0FFCh \
  -preset_vec=00h,intcode=08h,intcodelo,powerup,init,end_init \
  -pramtop=01000h -psmallconst=SMALLCONST -pmediumconst=MEDIUMCONST \
  -pconst=CONST -AFARRAM=00h-00h -ACONFIG=0300000h-030000Dh -pconfig=CONFIG \
  -AIDLOC=0200000h-0200007h -pidloc=IDLOC -AEEDATA=0F00000h-0F003FFh \
  -peeprom_data=EEDATA \
  -prdata=COMRAM,nvrram=COMRAM,nvbit=COMRAM,rbss=COMRAM,rbit=COMRAM \
  -pfarbss=FARRAM,fardata=FARRAM,nvFARRAM=FARRAM \
  -pintsave_regs=BIGRAM,bigbss=BIGRAM,bigdata=BIGRAM -pbss=RAM \
  -pidata=CODE,irdata=CODE,ibigdata=CODE,ifardata=CODE -prparam=COMRAM \
  C:\Users\Dara\AppData\Local\Temp\so24.obj \
  dist/default/debug\Lab11p1.X.debug.obj 

Object code version is 3.11

Machine type is 18F4620

Call graph: (short form)




                Name                               Link     Load   Length Selector   Space Scale
C:\Users\Dara\AppData\Local\Temp\so24.obj
                end_init                             18       18        4        4       0
                reset_vec                             0        0        4        0       0
                idloc                            200000   200000        8   200000       0
                config                           300000   300000        E   300000       0
dist/default/debug\Lab11p1.X.debug.obj
                intcode                               8        8       10        4       0
                mediumconst                        FA86     FA86      2AA     7D43       0
                text59                             19F8     19F8        8        4       0
                text58                              780      780      158        4       0
                text57                             19B6     19B6        C        4       0
                intcode_body                       1178     1178       7C        4       0
                text55                             196A     196A       12        4       0
                text54                             19AA     19AA        C        4       0
                text53                             19F0     19F0        8        4       0
                text52                             19E8     19E8        8        4       0
                text51                             19D6     19D6        A        4       0
                text50                             18E4     18E4       16        4       0
                text49                             1958     1958       12        4       0
                text48                             19CC     19CC        A        4       0
                text47                             15E0     15E0       48        4       0
                text46                             1946     1946       12        4       0
                text45                             1934     1934       12        4       0
                text44                             16E4     16E4       3E        4       0
                text43                             1722     1722       3C        4       0
                text42                             1344     1344       64        4       0
                text41                             12DE     12DE       66        4       0
                text40                             19E0     19E0        8        4       0
                text39                             18B2     18B2       1A        4       0
                text38                             1858     1858       20        4       0
                text37                             1878     1878       1E        4       0
                text36                             19C2     19C2        A        4       0
                text35                             18CC     18CC       18        4       0
                text34                             126E     126E       70        4       0
                text33                             190E     190E       14        4       0
                text32                             1628     1628       40        4       0
                text31                             17EA     17EA       28        4       0
                text30                             14AA     14AA       52        4       0
                text29                             1922     1922       12        4       0
                text28                             18FA     18FA       14        4       0
                text27                             198C     198C       10        4       0
                text26                             197C     197C       10        4       0
                text25                              B66      B66      110        4       0
                text24                             16A6     16A6       3E        4       0
                text23                              D80      D80       F2        4       0
                text22                             17C0     17C0       2A        4       0
                text21                             14FC     14FC       4E        4       0
                text20                             1790     1790       30        4       0
                text19                             1072     1072       88        4       0
                text18                             1596     1596       4A        4       0
                text17                              8D8      8D8      156        4       0
                text16                             1668     1668       3E        4       0
                text15                              C76      C76      10A        4       0
                text14                              E72      E72       DC        4       0
                text13                             1896     1896       1C        4       0
                text12                             175E     175E       32        4       0
                text11                              FE4      FE4       8E        4       0
                text10                             1812     1812       24        4       0
                text9                               F4E      F4E       96        4       0
                text8                               5D2      5D2      1AE        4       0
                text7                               A2E      A2E      138        4       0
                text6                              1458     1458       52        4       0
                text5                              13A8     13A8       5C        4       0
                text4                              154A     154A       4C        4       0
                text3                              1836     1836       22        4       0
                text2                              199C     199C        E        4       0
                text1                                1C       1C      35A        4       0
                text0                               376      376      25C        4       0
                cstackCOMRAM                          1        1       43        1       1
                cstackBANK1                         173      173        D      100       1
                dataBANK1                           100      100       54      100       1
                bssBANK1                            154      154       1F      100       1
                dataBANK0                            80       80       7E       80       1
                dataCOMRAM                           6D       6D        2        1       1
                bssCOMRAM                            44       44       29        1       1
                cinit                              11F4     11F4       7A        4       0
                idataBANK1                         1404     1404       54        4       0
                idataBANK0                         10FA     10FA       7E        4       0
                idataCOMRAM                        1A00     1A00        2        4       0

TOTAL           Name                               Link     Load   Length     Space
        CLASS   STACK          

        CLASS   CODE           
                end_init                             18       18        4         0
                intcode                               8        8       10         0
                reset_vec                             0        0        4         0
                text59                             19F8     19F8        8         0
                text58                              780      780      158         0
                text57                             19B6     19B6        C         0
                intcode_body                       1178     1178       7C         0
                text55                             196A     196A       12         0
                text54                             19AA     19AA        C         0
                text53                             19F0     19F0        8         0
                text52                             19E8     19E8        8         0
                text51                             19D6     19D6        A         0
                text50                             18E4     18E4       16         0
                text49                             1958     1958       12         0
                text48                             19CC     19CC        A         0
                text47                             15E0     15E0       48         0
                text46                             1946     1946       12         0
                text45                             1934     1934       12         0
                text44                             16E4     16E4       3E         0
                text43                             1722     1722       3C         0
                text42                             1344     1344       64         0
                text41                             12DE     12DE       66         0
                text40                             19E0     19E0        8         0
                text39                             18B2     18B2       1A         0
                text38                             1858     1858       20         0
                text37                             1878     1878       1E         0
                text36                             19C2     19C2        A         0
                text35                             18CC     18CC       18         0
                text34                             126E     126E       70         0
                text33                             190E     190E       14         0
                text32                             1628     1628       40         0
                text31                             17EA     17EA       28         0
                text30                             14AA     14AA       52         0
                text29                             1922     1922       12         0
                text28                             18FA     18FA       14         0
                text27                             198C     198C       10         0
                text26                             197C     197C       10         0
                text25                              B66      B66      110         0
                text24                             16A6     16A6       3E         0
                text23                              D80      D80       F2         0
                text22                             17C0     17C0       2A         0
                text21                             14FC     14FC       4E         0
                text20                             1790     1790       30         0
                text19                             1072     1072       88         0
                text18                             1596     1596       4A         0
                text17                              8D8      8D8      156         0
                text16                             1668     1668       3E         0
                text15                              C76      C76      10A         0
                text14                              E72      E72       DC         0
                text13                             1896     1896       1C         0
                text12                             175E     175E       32         0
                text11                              FE4      FE4       8E         0
                text10                             1812     1812       24         0
                text9                               F4E      F4E       96         0
                text8                               5D2      5D2      1AE         0
                text7                               A2E      A2E      138         0
                text6                              1458     1458       52         0
                text5                              13A8     13A8       5C         0
                text4                              154A     154A       4C         0
                text3                              1836     1836       22         0
                text2                              199C     199C        E         0
                text1                                1C       1C      35A         0
                text0                               376      376      25C         0
                cinit                              11F4     11F4       7A         0
                idataBANK1                         1404     1404       54         0
                idataBANK0                         10FA     10FA       7E         0
                idataCOMRAM                        1A00     1A00        2         0

        CLASS   CONST          

        CLASS   SMALLCONST     

        CLASS   MEDIUMCONST    
                mediumconst                        FA86     FA86      2AA         0

        CLASS   COMRAM         
                cstackCOMRAM                          1        1       43         1
                dataCOMRAM                           6D       6D        2         1
                bssCOMRAM                            44       44       29         1

        CLASS   ABS1           

        CLASS   BIGRAM         

        CLASS   RAM            

        CLASS   BANK0          
                dataBANK0                            80       80       7E         1

        CLASS   BANK1          
                cstackBANK1                         173      173        D         1
                dataBANK1                           100      100       54         1
                bssBANK1                            154      154       1F         1

        CLASS   BANK2          

        CLASS   BANK3          

        CLASS   BANK4          

        CLASS   BANK5          

        CLASS   BANK6          

        CLASS   BANK7          

        CLASS   BANK8          

        CLASS   BANK9          

        CLASS   BANK10         

        CLASS   BANK11         

        CLASS   BANK12         

        CLASS   BANK13         

        CLASS   BANK14         

        CLASS   BANK15         

        CLASS   SFR            

        CLASS   FARRAM         

        CLASS   CONFIG         
                config                           300000   300000        E         0

        CLASS   IDLOC          
                idloc                            200000   200000        8         0

        CLASS   EEDATA         



SEGMENTS        Name                           Load    Length   Top    Selector   Space  Class

                reset_vec                      000000  000004  000004         0       0  CODE    
                cstackCOMRAM                   000001  00006E  00006F         1       1  COMRAM  
                intcode                        000008  0019FA  001A02         4       0  CODE    
                dataBANK0                      000080  00007E  0000FE        80       1  BANK0   
                dataBANK1                      000100  000080  000180       100       1  BANK1   
                mediumconst                    00FA86  0002AA  00FD30      7D43       0  MEDIUMCO
                idloc                          200000  000008  200008    200000       0  IDLOC   
                config                         300000  00000E  30000E    300000       0  CONFIG  


UNUSED ADDRESS RANGES

        Name                Unused          Largest block    Delta
        BANK0            0000FE-0000FF                2
        BANK1            000180-0001FF               80
        BANK10           000A00-000AFF              100
        BANK11           000B00-000BFF              100
        BANK12           000C00-000CFF              100
        BANK13           000D00-000DFF              100
        BANK14           000E00-000EF3               F4
        BANK15           000F00-000F7F               80
        BANK2            000200-0002FF              100
        BANK3            000300-0003FF              100
        BANK4            000400-0004FF              100
        BANK5            000500-0005FF              100
        BANK6            000600-0006FF              100
        BANK7            000700-0007FF              100
        BANK8            000800-0008FF              100
        BANK9            000900-0009FF              100
        BIGRAM           00006F-00007F               11
                         0000FE-0000FF                2
                         000180-000EF3              D74
                         000F00-000F7F               80
        CODE             000004-000007                4
                         001A02-00FA85             E084
        COMRAM           00006F-00007F               11
        CONST            000004-000007                4
                         001A02-00FA85             E084
        EEDATA           F00000-F003FF              400
        MEDIUMCONST      001A02-00FA85             E084
        RAM              0000FE-0000FF                2
                         000180-000EF3              100
                         000F00-000F7F               80
        SFR              000F80-000F9B               1C
                         000F9D-000FD3               37
                         000FD5-000FDA                6
                         000FE0-000FE2                3
                         000FE8-000FEA                3
                         000FF0-000FFC                D
        SMALLCONST       001A02-00FA85              100
        STACK            000180-000EF3              D74

                                  Symbol Table

?_DS1621_Read_Temp                 cstackCOMRAM 000014
?___awdiv                          cstackCOMRAM 000017
?___lwdiv                          cstackCOMRAM 000011
?___lwmod                          cstackCOMRAM 000018
?___wmul                           cstackCOMRAM 000011
?_printf                           cstackCOMRAM 00001D
?_strlen                           cstackCOMRAM 000011
DS1621_Init@Device                 cstackCOMRAM 000016
DS1621_Read_Temp@Cmd               cstackCOMRAM 000016
DS1621_Read_Temp@Data_Ret          cstackCOMRAM 000017
DS1621_Read_Temp@Device            cstackCOMRAM 000018
DS3231_Read_Time@Address           cstackCOMRAM 000014
DS3231_Read_Time@Device            cstackCOMRAM 000015
DS3231_Setup_Time@Address          cstackCOMRAM 000014
DS3231_Setup_Time@Device           cstackCOMRAM 000013
I2C_Init@c                         cstackCOMRAM 000011
I2C_Read@ack                       cstackCOMRAM 000011
I2C_Read@inByte                    cstackCOMRAM 000013
I2C_Read@n                         cstackCOMRAM 000012
I2C_Write@n                        cstackCOMRAM 000012
I2C_Write@outByte                  cstackCOMRAM 000011
I2C_Write_Cmd_Only@Cmd             cstackCOMRAM 000013
I2C_Write_Cmd_Only@Device          cstackCOMRAM 000014
I2C_Write_Cmd_Write_Data@Cmd       cstackCOMRAM 000013
I2C_Write_Cmd_Write_Data@Data_Out  cstackCOMRAM 000014
I2C_Write_Cmd_Write_Data@Device    cstackCOMRAM 000015
OpenUSART@config                   cstackCOMRAM 000013
OpenUSART@spbrg                    cstackCOMRAM 000011
Wait_One_Sec@k                     cstackCOMRAM 000011
_ADCON1                            (abs)        000FC1
_Activate_Buzzer                   text55       00196A
_CCP2CON                           (abs)        000FBA
_CCPR2L                            (abs)        000FBB
_D1                                dataBANK0    0000AA
_D2                                dataBANK0    0000BF
_D3                                dataBANK0    0000D4
_DS1621_Init                       text37       001878
_DS1621_Read_Temp                  text43       001722
_DS3231_Read_Time                  text42       001344
_DS3231_Setup_Time                 text41       0012DE
_Deactivate_Buzzer                 text40       0019E0
_Do_Init                           text32       001628
_I2C_Init                          text36       0019C2
_I2C_ReStart                       text50       0018E4
_I2C_Read                          text47       0015E0
_I2C_Start                         text46       001946
_I2C_Stop                          text45       001934
_I2C_Write                         text44       0016E4
_I2C_Write_Cmd_Only                text39       0018B2
_I2C_Write_Cmd_Write_Data          text38       001858
_INT0IE                            (abs)        007F94
_INT0_isr                          text58       000780
_INTCON2bits                       (abs)        000FF1
_INTCONbits                        (abs)        000FF2
_Initialize_Screen                 text11       000FE4
_LCD_Reset                         text29       001922
_Nec_code                          bssCOMRAM    000044
_Nec_code1                         bssCOMRAM    000050
_Nec_state                         bssCOMRAM    000051
_OSCCON                            (abs)        000FD3
_OpenUSART                         text34       00126E
_PIE1bits                          (abs)        000F9D
_PIR1bits                          (abs)        000F9E
_PIR2bits                          (abs)        000FA1
_PORTA                             (abs)        000F80
_PORTAbits                         (abs)        000F80
_PORTBbits                         (abs)        000F81
_PORTCbits                         (abs)        000F82
_PORTD                             (abs)        000F83
_PR2                               (abs)        000FCB
_RCSTA                             (abs)        000FAB
_RCSTAbits                         (abs)        000FAB
_Rcmd1                             text25       000B66
_Rcmd2red                          text24       0016A6
_Rcmd3                             text23       000D80
_SPBRG                             (abs)        000FAF
_SPBRGH                            (abs)        000FB0
_SSPBUF                            (abs)        000FC9
_SSPCON1                           (abs)        000FC6
_SSPSTAT                           (abs)        000FC7
_SSPSTATbits                       (abs)        000FC7
_T1CON                             (abs)        000FCD
_T1CONbits                         (abs)        000FCD
_T2CON                             (abs)        000FCA
_T3CON                             (abs)        000FB1
_T3CONbits                         (abs)        000FB1
_TFT_GreenTab_Initialize           text22       0017C0
_TIMER1_isr                        text57       0019B6
_TMR1H                             (abs)        000FCF
_TMR1L                             (abs)        000FCE
_TMR3H                             (abs)        000FB3
_TMR3L                             (abs)        000FB2
_TRISA                             (abs)        000F92
_TRISAbits                         (abs)        000F92
_TRISB                             (abs)        000F93
_TRISBbits                         (abs)        000F93
_TRISC                             (abs)        000F94
_TRISCbits                         (abs)        000F94
_TRISD                             (abs)        000F95
_TRISE                             (abs)        000F96
_TRMT                              (abs)        007D61
_TXREG                             (abs)        000FAD
_TXSTA                             (abs)        000FAC
_TXSTAbits                         (abs)        000FAC
_TempSecond                        bssCOMRAM    000052
_Time_Elapsed                      bssCOMRAM    000048
_Wait_One_Sec                      text10       001812
__CFG_BOREN$OFF                    (abs)        000000
__CFG_CCP2MX$PORTBE                (abs)        000000
__CFG_LVP$OFF                      (abs)        000000
__CFG_OSC$INTIO67                  (abs)        000000
__CFG_WDT$OFF                      (abs)        000000
__HRAM                             (abs)        000000
__Habs1                            abs1         000000
__Hbank0                           bank0        000000
__Hbank1                           bank1        000000
__Hbank10                          bank10       000000
__Hbank11                          bank11       000000
__Hbank12                          bank12       000000
__Hbank13                          bank13       000000
__Hbank14                          bank14       000000
__Hbank15                          bank15       000000
__Hbank2                           bank2        000000
__Hbank3                           bank3        000000
__Hbank4                           bank4        000000
__Hbank5                           bank5        000000
__Hbank6                           bank6        000000
__Hbank7                           bank7        000000
__Hbank8                           bank8        000000
__Hbank9                           bank9        000000
__Hbigbss                          bigbss       000000
__Hbigdata                         bigdata      000000
__Hbigram                          bigram       000000
__Hbss                             bss          000000
__HbssBANK1                        bssBANK1     000000
__HbssCOMRAM                       bssCOMRAM    000000
__Hcinit                           cinit        000000
__Hclrtext                         clrtext      000000
__Hcomram                          comram       000000
__Hconfig                          config       30000E
__Hconst                           const        000000
__HcstackBANK1                     cstackBANK1  000000
__HcstackCOMRAM                    cstackCOMRAM 000000
__Hdata                            data         000000
__HdataBANK0                       dataBANK0    000000
__HdataBANK1                       dataBANK1    000000
__HdataCOMRAM                      dataCOMRAM   000000
__Heeprom_data                     eeprom_data  000000
__Hend_init                        end_init     00001C
__Hfarbss                          farbss       000000
__Hfardata                         fardata      000000
__Hibigdata                        ibigdata     000000
__Hidata                           idata        000000
__HidataBANK0                      idataBANK0   000000
__HidataBANK1                      idataBANK1   000000
__HidataCOMRAM                     idataCOMRAM  000000
__Hidloc                           idloc        200008
__Hifardata                        ifardata     000000
__Hinit                            init         000018
__Hintcode                         intcode      000018
__Hintcode_body                    intcode_body 000000
__Hintcodelo                       intcodelo    000018
__Hintentry                        intentry     000000
__Hintret                          intret       000000
__Hintsave_regs                    intsave_regs 000000
__Hirdata                          irdata       000000
__Hmediumconst                     mediumconst  00FD30
__HnvFARRAM                        nvFARRAM     000000
__Hnvbit                           nvbit        000000
__Hnvrram                          nvrram       000000
__Hparam                           rparam       000000
__Hpowerup                         powerup      000018
__Hram                             ram          000000
__Hramtop                          ramtop       001000
__Hrbit                            rbit         000000
__Hrbss                            rbss         000000
__Hrdata                           rdata        000000
__Hreset_vec                       reset_vec    000004
__Hrparam                          rparam       000000
__Hsfr                             sfr          000000
__Hsmallconst                      smallconst   000000
__Hspace_0                         (abs)        30000E
__Hspace_1                         (abs)        000180
__Hspace_2                         (abs)        000000
__Hstack                           stack        000000
__Hstruct                          struct       000000
__Htemp                            temp         000000
__Htext                            text         000000
__Htext0                           text0        000000
__Htext1                           text1        000000
__Htext10                          text10       000000
__Htext11                          text11       000000
__Htext12                          text12       000000
__Htext13                          text13       000000
__Htext14                          text14       000000
__Htext15                          text15       000000
__Htext16                          text16       000000
__Htext17                          text17       000000
__Htext18                          text18       000000
__Htext19                          text19       000000
__Htext2                           text2        000000
__Htext20                          text20       000000
__Htext21                          text21       000000
__Htext22                          text22       000000
__Htext23                          text23       000000
__Htext24                          text24       000000
__Htext25                          text25       000000
__Htext26                          text26       000000
__Htext27                          text27       000000
__Htext28                          text28       000000
__Htext29                          text29       000000
__Htext3                           text3        000000
__Htext30                          text30       000000
__Htext31                          text31       000000
__Htext32                          text32       000000
__Htext33                          text33       000000
__Htext34                          text34       000000
__Htext35                          text35       000000
__Htext36                          text36       000000
__Htext37                          text37       000000
__Htext38                          text38       000000
__Htext39                          text39       000000
__Htext4                           text4        000000
__Htext40                          text40       000000
__Htext41                          text41       000000
__Htext42                          text42       000000
__Htext43                          text43       000000
__Htext44                          text44       000000
__Htext45                          text45       000000
__Htext46                          text46       000000
__Htext47                          text47       000000
__Htext48                          text48       000000
__Htext49                          text49       000000
__Htext5                           text5        000000
__Htext50                          text50       000000
__Htext51                          text51       000000
__Htext52                          text52       000000
__Htext53                          text53       000000
__Htext54                          text54       000000
__Htext55                          text55       000000
__Htext57                          text57       000000
__Htext58                          text58       000000
__Htext59                          text59       000000
__Htext6                           text6        000000
__Htext7                           text7        000000
__Htext8                           text8        000000
__Htext9                           text9        000000
__LRAM                             (abs)        000001
__Labs1                            abs1         000000
__Lbank0                           bank0        000000
__Lbank1                           bank1        000000
__Lbank10                          bank10       000000
__Lbank11                          bank11       000000
__Lbank12                          bank12       000000
__Lbank13                          bank13       000000
__Lbank14                          bank14       000000
__Lbank15                          bank15       000000
__Lbank2                           bank2        000000
__Lbank3                           bank3        000000
__Lbank4                           bank4        000000
__Lbank5                           bank5        000000
__Lbank6                           bank6        000000
__Lbank7                           bank7        000000
__Lbank8                           bank8        000000
__Lbank9                           bank9        000000
__Lbigbss                          bigbss       000000
__Lbigdata                         bigdata      000000
__Lbigram                          bigram       000000
__Lbss                             bss          000000
__LbssBANK1                        bssBANK1     000000
__LbssCOMRAM                       bssCOMRAM    000000
__Lcinit                           cinit        000000
__Lclrtext                         clrtext      000000
__Lcomram                          comram       000000
__Lconfig                          config       300000
__Lconst                           const        000000
__LcstackBANK1                     cstackBANK1  000000
__LcstackCOMRAM                    cstackCOMRAM 000000
__Ldata                            data         000000
__LdataBANK0                       dataBANK0    000000
__LdataBANK1                       dataBANK1    000000
__LdataCOMRAM                      dataCOMRAM   000000
__Leeprom_data                     eeprom_data  000000
__Lend_init                        end_init     000018
__Lfarbss                          farbss       000000
__Lfardata                         fardata      000000
__Libigdata                        ibigdata     000000
__Lidata                           idata        000000
__LidataBANK0                      idataBANK0   000000
__LidataBANK1                      idataBANK1   000000
__LidataCOMRAM                     idataCOMRAM  000000
__Lidloc                           idloc        200000
__Lifardata                        ifardata     000000
__Linit                            init         000018
__Lintcode                         intcode      000008
__Lintcode_body                    intcode_body 000000
__Lintcodelo                       intcodelo    000018
__Lintentry                        intentry     000000
__Lintret                          intret       000000
__Lintsave_regs                    intsave_regs 000000
__Lirdata                          irdata       000000
__Lmediumconst                     mediumconst  00FA86
__LnvFARRAM                        nvFARRAM     000000
__Lnvbit                           nvbit        000000
__Lnvrram                          nvrram       000000
__Lparam                           rparam       000000
__Lpowerup                         powerup      000018
__Lram                             ram          000000
__Lramtop                          ramtop       001000
__Lrbit                            rbit         000000
__Lrbss                            rbss         000000
__Lrdata                           rdata        000000
__Lreset_vec                       reset_vec    000000
__Lrparam                          rparam       000000
__Lsfr                             sfr          000000
__Lsmallconst                      smallconst   000000
__Lspace_0                         (abs)        000000
__Lspace_1                         (abs)        000000
__Lspace_2                         (abs)        000000
__Lstack                           stack        000000
__Lstruct                          struct       000000
__Ltemp                            temp         000000
__Ltext                            text         000000
__Ltext0                           text0        000000
__Ltext1                           text1        000000
__Ltext10                          text10       000000
__Ltext11                          text11       000000
__Ltext12                          text12       000000
__Ltext13                          text13       000000
__Ltext14                          text14       000000
__Ltext15                          text15       000000
__Ltext16                          text16       000000
__Ltext17                          text17       000000
__Ltext18                          text18       000000
__Ltext19                          text19       000000
__Ltext2                           text2        000000
__Ltext20                          text20       000000
__Ltext21                          text21       000000
__Ltext22                          text22       000000
__Ltext23                          text23       000000
__Ltext24                          text24       000000
__Ltext25                          text25       000000
__Ltext26                          text26       000000
__Ltext27                          text27       000000
__Ltext28                          text28       000000
__Ltext29                          text29       000000
__Ltext3                           text3        000000
__Ltext30                          text30       000000
__Ltext31                          text31       000000
__Ltext32                          text32       000000
__Ltext33                          text33       000000
__Ltext34                          text34       000000
__Ltext35                          text35       000000
__Ltext36                          text36       000000
__Ltext37                          text37       000000
__Ltext38                          text38       000000
__Ltext39                          text39       000000
__Ltext4                           text4        000000
__Ltext40                          text40       000000
__Ltext41                          text41       000000
__Ltext42                          text42       000000
__Ltext43                          text43       000000
__Ltext44                          text44       000000
__Ltext45                          text45       000000
__Ltext46                          text46       000000
__Ltext47                          text47       000000
__Ltext48                          text48       000000
__Ltext49                          text49       000000
__Ltext5                           text5        000000
__Ltext50                          text50       000000
__Ltext51                          text51       000000
__Ltext52                          text52       000000
__Ltext53                          text53       000000
__Ltext54                          text54       000000
__Ltext55                          text55       000000
__Ltext57                          text57       000000
__Ltext58                          text58       000000
__Ltext59                          text59       000000
__Ltext6                           text6        000000
__Ltext7                           text7        000000
__Ltext8                           text8        000000
__Ltext9                           text9        000000
__S0                               (abs)        30000E
__S1                               (abs)        000180
__S2                               (abs)        000000
___awdiv                           text9        000F4E
___awdiv@counter                   cstackCOMRAM 00001B
___awdiv@dividend                  cstackCOMRAM 000017
___awdiv@divisor                   cstackCOMRAM 000019
___awdiv@quotient                  cstackCOMRAM 00001D
___awdiv@sign                      cstackCOMRAM 00001C
___inthi_sp                        stack        000000
___intlo_sp                        stack        000000
___lwdiv                           text5        0013A8
___lwdiv@counter                   cstackCOMRAM 000015
___lwdiv@dividend                  cstackCOMRAM 000011
___lwdiv@divisor                   cstackCOMRAM 000013
___lwdiv@quotient                  cstackCOMRAM 000016
___lwmod                           text4        00154A
___lwmod@counter                   cstackCOMRAM 00001C
___lwmod@dividend                  cstackCOMRAM 000018
___lwmod@divisor                   cstackCOMRAM 00001A
___param_bank                      (abs)        000010
___rparam_used                     (abs)        000001
___sp                              stack        000000
___wmul                            text31       0017EA
___wmul@multiplicand               cstackCOMRAM 000013
___wmul@multiplier                 cstackCOMRAM 000011
___wmul@product                    cstackCOMRAM 000015
__accesstop                        (abs)        000080
__activetblptr                     (abs)        000002
__end_of_Activate_Buzzer           text55       00197C
__end_of_DS1621_Init               text37       001896
__end_of_DS1621_Read_Temp          text43       00175E
__end_of_DS3231_Read_Time          text42       0013A8
__end_of_DS3231_Setup_Time         text41       001344
__end_of_Deactivate_Buzzer         text40       0019E8
__end_of_Do_Init                   text32       001668
__end_of_I2C_Init                  text36       0019CC
__end_of_I2C_ReStart               text50       0018FA
__end_of_I2C_Read                  text47       001628
__end_of_I2C_Start                 text46       001958
__end_of_I2C_Stop                  text45       001946
__end_of_I2C_Write                 text44       001722
__end_of_I2C_Write_Cmd_Only        text39       0018CC
__end_of_I2C_Write_Cmd_Write_Data  text38       001878
__end_of_INT0_isr                  text58       0008D8
__end_of_Initialize_Screen         text11       001072
__end_of_LCD_Reset                 text29       001934
__end_of_OpenUSART                 text34       0012DE
__end_of_Rcmd1                     text25       000C76
__end_of_Rcmd2red                  text24       0016E4
__end_of_Rcmd3                     text23       000E72
__end_of_TFT_GreenTab_Initialize   text22       0017EA
__end_of_TIMER1_isr                text57       0019C2
__end_of_Wait_One_Sec              text10       001836
__end_of___awdiv                   text9        000FE4
__end_of___lwdiv                   text5        001404
__end_of___lwmod                   text4        001596
__end_of___wmul                    text31       001812
__end_of__initialization           cinit        001264
__end_of_chkisr                    intcode_body 0011F4
__end_of_delay_ms                  text30       0014FC
__end_of_dpowers                   mediumconst  00FC6C
__end_of_drawChar                  text17       000A2E
__end_of_drawCircle                text8        000780
__end_of_drawFastVLine             text19       0010FA
__end_of_drawPixel                 text20       0017C0
__end_of_drawtext                  text15       000D80
__end_of_fillCircle                text6        0014AA
__end_of_fillCircleHelper          text7        000B66
__end_of_fillRect                  text18       0015E0
__end_of_fillRectangle             text14       000F4E
__end_of_fillScreen                text13       0018B2
__end_of_font                      mediumconst  00FB86
__end_of_font2                     mediumconst  00FC62
__end_of_force_nec_state0          text59       001A00
__end_of_hexpowers                 mediumconst  00FC74
__end_of_i2cAck                    text49       00196A
__end_of_i2cHighScl                text54       0019B6
__end_of_i2cHighSda                text53       0019F8
__end_of_i2cLowScl                 text52       0019F0
__end_of_i2cLowSda                 text51       0019E0
__end_of_i2cNack                   text48       0019D6
__end_of_init_INTERRUPT            text35       0018E4
__end_of_init_UART                 text33       001922
__end_of_isdigit                   text3        001858
__end_of_main                      text0        0005D2
__end_of_printf                    text1        000376
__end_of_putch                     text2        0019AA
__end_of_setAddrWindow             text21       00154A
__end_of_spiwrite                  text28       00190E
__end_of_strcpy                    text12       001790
__end_of_strlen                    text16       0016A6
__end_of_write_command             text27       00199C
__end_of_write_data                text26       00198C
__initialization                   cinit        0011F4
__mediumconst                      mediumconst  00FA86
__pbssBANK1                        bssBANK1     000154
__pbssCOMRAM                       bssCOMRAM    000044
__pcinit                           cinit        0011F4
__pcstackBANK1                     cstackBANK1  000173
__pcstackCOMRAM                    cstackCOMRAM 000001
__pdataBANK0                       dataBANK0    000080
__pdataBANK1                       dataBANK1    000100
__pdataCOMRAM                      dataCOMRAM   00006D
__pidataBANK0                      idataBANK0   0010FA
__pidataBANK1                      idataBANK1   001404
__pidataCOMRAM                     idataCOMRAM  001A00
__pintcode                         intcode      000008
__pintcode_body                    intcode_body 001178
__pmediumconst                     mediumconst  00FA86
__ptext0                           text0        000376
__ptext1                           text1        00001C
__ptext10                          text10       001812
__ptext11                          text11       000FE4
__ptext12                          text12       00175E
__ptext13                          text13       001896
__ptext14                          text14       000E72
__ptext15                          text15       000C76
__ptext16                          text16       001668
__ptext17                          text17       0008D8
__ptext18                          text18       001596
__ptext19                          text19       001072
__ptext2                           text2        00199C
__ptext20                          text20       001790
__ptext21                          text21       0014FC
__ptext22                          text22       0017C0
__ptext23                          text23       000D80
__ptext24                          text24       0016A6
__ptext25                          text25       000B66
__ptext26                          text26       00197C
__ptext27                          text27       00198C
__ptext28                          text28       0018FA
__ptext29                          text29       001922
__ptext3                           text3        001836
__ptext30                          text30       0014AA
__ptext31                          text31       0017EA
__ptext32                          text32       001628
__ptext33                          text33       00190E
__ptext34                          text34       00126E
__ptext35                          text35       0018CC
__ptext36                          text36       0019C2
__ptext37                          text37       001878
__ptext38                          text38       001858
__ptext39                          text39       0018B2
__ptext4                           text4        00154A
__ptext40                          text40       0019E0
__ptext41                          text41       0012DE
__ptext42                          text42       001344
__ptext43                          text43       001722
__ptext44                          text44       0016E4
__ptext45                          text45       001934
__ptext46                          text46       001946
__ptext47                          text47       0015E0
__ptext48                          text48       0019CC
__ptext49                          text49       001958
__ptext5                           text5        0013A8
__ptext50                          text50       0018E4
__ptext51                          text51       0019D6
__ptext52                          text52       0019E8
__ptext53                          text53       0019F0
__ptext54                          text54       0019AA
__ptext55                          text55       00196A
__ptext57                          text57       0019B6
__ptext58                          text58       000780
__ptext59                          text59       0019F8
__ptext6                           text6        001458
__ptext7                           text7        000A2E
__ptext8                           text8        0005D2
__ptext9                           text9        000F4E
__ramtop                           ramtop       001000
__size_of_Activate_Buzzer          (abs)        000000
__size_of_DS1621_Init              (abs)        000000
__size_of_DS1621_Read_Temp         (abs)        000000
__size_of_DS3231_Read_Time         (abs)        000000
__size_of_DS3231_Setup_Time        (abs)        000000
__size_of_Deactivate_Buzzer        (abs)        000000
__size_of_Do_Init                  (abs)        000000
__size_of_I2C_Init                 (abs)        000000
__size_of_I2C_ReStart              (abs)        000000
__size_of_I2C_Read                 (abs)        000000
__size_of_I2C_Start                (abs)        000000
__size_of_I2C_Stop                 (abs)        000000
__size_of_I2C_Write                (abs)        000000
__size_of_I2C_Write_Cmd_Only       (abs)        000000
__size_of_I2C_Write_Cmd_Write_Data (abs)        000000
__size_of_INT0_isr                 (abs)        000000
__size_of_Initialize_Screen        (abs)        000000
__size_of_LCD_Reset                (abs)        000000
__size_of_OpenUSART                (abs)        000000
__size_of_Rcmd1                    (abs)        000000
__size_of_Rcmd2red                 (abs)        000000
__size_of_Rcmd3                    (abs)        000000
__size_of_TFT_GreenTab_Initialize  (abs)        000000
__size_of_TIMER1_isr               (abs)        000000
__size_of_Wait_One_Sec             (abs)        000000
__size_of___awdiv                  (abs)        000000
__size_of___lwdiv                  (abs)        000000
__size_of___lwmod                  (abs)        000000
__size_of___wmul                   (abs)        000000
__size_of_chkisr                   (abs)        000000
__size_of_delay_ms                 (abs)        000000
__size_of_drawChar                 (abs)        000000
__size_of_drawCircle               (abs)        000000
__size_of_drawFastVLine            (abs)        000000
__size_of_drawPixel                (abs)        000000
__size_of_drawtext                 (abs)        000000
__size_of_fillCircle               (abs)        000000
__size_of_fillCircleHelper         (abs)        000000
__size_of_fillRect                 (abs)        000000
__size_of_fillRectangle            (abs)        000000
__size_of_fillScreen               (abs)        000000
__size_of_force_nec_state0         (abs)        000000
__size_of_i2cAck                   (abs)        000000
__size_of_i2cHighScl               (abs)        000000
__size_of_i2cHighSda               (abs)        000000
__size_of_i2cLowScl                (abs)        000000
__size_of_i2cLowSda                (abs)        000000
__size_of_i2cNack                  (abs)        000000
__size_of_init_INTERRUPT           (abs)        000000
__size_of_init_UART                (abs)        000000
__size_of_isdigit                  (abs)        000000
__size_of_main                     (abs)        000000
__size_of_printf                   (abs)        000000
__size_of_putch                    (abs)        000000
__size_of_setAddrWindow            (abs)        000000
__size_of_spiwrite                 (abs)        000000
__size_of_strcpy                   (abs)        000000
__size_of_strlen                   (abs)        000000
__size_of_write_command            (abs)        000000
__size_of_write_data               (abs)        000000
__smallconst                       smallconst   000000
__tft_type                         bssCOMRAM    000053
_alarm_date                        bssCOMRAM    000054
_alarm_hour                        bssCOMRAM    000055
_alarm_minute                      bssCOMRAM    000056
_alarm_second                      bssCOMRAM    000057
_array1                            dataBANK0    0000E9
_bit_count                         bssCOMRAM    000058
_buffer                            bssBANK1     000154
_chkisr                            intcode      000008
_color                             dataBANK0    000080
_colstart                          bssCOMRAM    000059
_day                               bssCOMRAM    00005A
_delay_ms                          text30       0014AA
_dow                               bssCOMRAM    00005B
_dpowers                           mediumconst  00FC62
_drawChar                          text17       0008D8
_drawCircle                        text8        0005D2
_drawFastVLine                     text19       001072
_drawPixel                         text20       001790
_drawtext                          text15       000C76
_fillCircle                        text6        001458
_fillCircleHelper                  text7        000A2E
_fillRect                          text18       001596
_fillRectangle                     text14       000E72
_fillScreen                        text13       001896
_font                              mediumconst  00FA87
_font2                             mediumconst  00FB86
_force_nec_state0                  text59       0019F8
_found                             bssCOMRAM    00005C
_hexpowers                         mediumconst  00FC6C
_hour                              bssCOMRAM    00005D
_i                                 bssCOMRAM    00005E
_i2cAck                            text49       001958
_i2cHighScl                        text54       0019AA
_i2cHighSda                        text53       0019F0
_i2cLowScl                         text52       0019E8
_i2cLowSda                         text51       0019D6
_i2cNack                           text48       0019CC
_init_INTERRUPT                    text35       0018CC
_init_UART                         text33       00190E
_isdigit                           text3        001836
_isdigit$2040                      cstackCOMRAM 000012
_main                              text0        000376
_minute                            bssCOMRAM    00005F
_month                             bssCOMRAM    000060
_nRBPU                             (abs)        007F8F
_nbr                               bssCOMRAM    00004A
_nec_ok                            bssCOMRAM    00004C
_printf                            text1        00001C
_putch                             text2        00199C
_rowstart                          bssCOMRAM    000061
_second                            bssCOMRAM    000062
_setAddrWindow                     text21       0014FC
_setup_alarm_hour                  bssCOMRAM    000063
_setup_alarm_minute                bssCOMRAM    000064
_setup_alarm_second                bssCOMRAM    000065
_setup_day                         bssCOMRAM    000066
_setup_hour                        bssCOMRAM    000067
_setup_minute                      bssCOMRAM    000068
_setup_month                       bssCOMRAM    000069
_setup_second                      bssCOMRAM    00006A
_setup_year                        bssCOMRAM    00006B
_spiwrite                          text28       0018FA
_strcpy                            text12       00175E
_strlen                            text16       001668
_tempSecond                        dataCOMRAM   00006D
_txt                               bssCOMRAM    00004E
_txt1                              dataBANK1    000100
_wrap                              dataCOMRAM   00006E
_write_command                     text27       00198C
_write_data                        text26       00197C
_year                              bssCOMRAM    00006C
delay_ms@count                     cstackCOMRAM 00001B
delay_ms@ms                        cstackCOMRAM 000017
drawChar@bg                        cstackCOMRAM 000032
drawChar@c                         cstackCOMRAM 00002F
drawChar@color                     cstackCOMRAM 000030
drawChar@i                         cstackCOMRAM 000038
drawChar@j                         cstackCOMRAM 000037
drawChar@line                      cstackCOMRAM 000035
drawChar@size                      cstackCOMRAM 000034
drawChar@x                         cstackCOMRAM 000036
drawChar@y                         cstackCOMRAM 00002E
drawCircle@color                   cstackCOMRAM 000022
drawCircle@ddF_x                   cstackCOMRAM 000026
drawCircle@ddF_y                   cstackCOMRAM 000028
drawCircle@f                       cstackCOMRAM 00002A
drawCircle@r                       cstackCOMRAM 000020
drawCircle@x                       cstackCOMRAM 00002C
drawCircle@x0                      cstackCOMRAM 00001C
drawCircle@y                       cstackCOMRAM 00002E
drawCircle@y0                      cstackCOMRAM 00001E
drawFastVLine@color                cstackCOMRAM 00001A
drawFastVLine@h                    cstackCOMRAM 000019
drawFastVLine@hi                   cstackCOMRAM 000020
drawFastVLine@lo                   cstackCOMRAM 000021
drawFastVLine@x                    cstackCOMRAM 000022
drawFastVLine@y                    cstackCOMRAM 000018
drawPixel@color                    cstackCOMRAM 000019
drawPixel@x                        cstackCOMRAM 00001B
drawPixel@y                        cstackCOMRAM 000018
drawtext@_text                     cstackCOMRAM 00003A
drawtext@bg                        cstackCOMRAM 00003E
drawtext@color                     cstackCOMRAM 00003C
drawtext@cursor_x                  cstackBANK1  000179
drawtext@cursor_y                  cstackBANK1  000178
drawtext@i                         cstackBANK1  000176
drawtext@size                      cstackCOMRAM 000040
drawtext@textsize                  cstackBANK1  000174
drawtext@x                         cstackBANK1  000173
drawtext@y                         cstackCOMRAM 000039
end_of_initialization              cinit        001264
fillCircle@color                   cstackCOMRAM 000041
fillCircle@r                       cstackCOMRAM 00003F
fillCircle@x0                      cstackCOMRAM 00003B
fillCircle@y0                      cstackCOMRAM 00003D
fillCircleHelper@color             cstackCOMRAM 00002D
fillCircleHelper@cornername        cstackCOMRAM 000029
fillCircleHelper@ddF_x             cstackCOMRAM 000031
fillCircleHelper@ddF_y             cstackCOMRAM 000033
fillCircleHelper@delta             cstackCOMRAM 00002B
fillCircleHelper@f                 cstackCOMRAM 000035
fillCircleHelper@r                 cstackCOMRAM 000027
fillCircleHelper@x                 cstackCOMRAM 000037
fillCircleHelper@x0                cstackCOMRAM 000023
fillCircleHelper@y                 cstackCOMRAM 000039
fillCircleHelper@y0                cstackCOMRAM 000025
fillRect@color                     cstackCOMRAM 000026
fillRect@h                         cstackCOMRAM 000025
fillRect@i                         cstackCOMRAM 00002C
fillRect@w                         cstackCOMRAM 000024
fillRect@x                         cstackCOMRAM 00002B
fillRect@y                         cstackCOMRAM 000023
fillRectangle@color                cstackCOMRAM 00001B
fillRectangle@h                    cstackCOMRAM 00001A
fillRectangle@hi                   cstackCOMRAM 000021
fillRectangle@lo                   cstackCOMRAM 000022
fillRectangle@w                    cstackCOMRAM 000019
fillRectangle@x                    cstackCOMRAM 000023
fillRectangle@y                    cstackCOMRAM 000018
fillScreen@color                   cstackCOMRAM 000024
int_func                           intcode_body 001178
intlevel0                          text         000000
intlevel1                          text         000000
intlevel2                          text         000000
intlevel3                          text         000000
isdigit@c                          cstackCOMRAM 000013
main@i                             cstackBANK1  00017E
main@tempC                         cstackBANK1  00017B
main@tempC_898                     cstackBANK1  00017D
main@tempF                         cstackBANK1  00017A
main@tempF_899                     cstackBANK1  00017C
printf@ap                          cstackCOMRAM 000030
printf@c                           cstackCOMRAM 000038
printf@f                           cstackCOMRAM 00001D
printf@flag                        cstackCOMRAM 000035
printf@idx                         cstackCOMRAM 00002F
printf@prec                        cstackCOMRAM 000032
printf@val                         cstackCOMRAM 000033
printf@width                       cstackCOMRAM 000036
putch@c                            cstackCOMRAM 000011
setAddrWindow@x0                   cstackCOMRAM 000017
setAddrWindow@x1                   cstackCOMRAM 000015
setAddrWindow@y0                   cstackCOMRAM 000014
setAddrWindow@y1                   cstackCOMRAM 000016
spiwrite@spidata                   cstackCOMRAM 000012
spiwrite@x                         cstackCOMRAM 000011
stackhi                            (abs)        000EF3
stacklo                            (abs)        000180
start                              init         000018
start_initialization               cinit        0011F4
strcpy@cp                          cstackCOMRAM 000015
strcpy@from                        cstackCOMRAM 000013
strcpy@to                          cstackCOMRAM 000011
strlen@cp                          cstackCOMRAM 000015
strlen@s                           cstackCOMRAM 000011
write_command@cmd_                 cstackCOMRAM 000013
write_data@data_                   cstackCOMRAM 000013


FUNCTION INFORMATION:

 *************** function _main *****************
 Defined at:
		line 143 in file "Lab11p1.c"
 Parameters:    Size  Location     Type
		None
 Auto vars:     Size  Location     Type
  i               2   11[BANK1 ] int 
  tempC           1   10[BANK1 ] char 
  tempF           1    9[BANK1 ] char 
  tempC           1    8[BANK1 ] char 
  tempF           1    7[BANK1 ] char 
 Return value:  Size  Location     Type
		None               void
 Registers used:
		wreg, fsr2l, fsr2h, status,2, status,0, tblptrl, tblptrh, tblptru, prodl, prodh, cstack
 Tracked objects:
		On entry : 
		On exit  : 
		Unchanged: 
 Data sizes:     COMRAM   BANK0   BANK1   BANK2   BANK3   BANK4   BANK5   BANK6   BANK7   BANK8   BANK9  BANK10  BANK11  BANK12  BANK13  BANK14  BANK15
      Params:         0       0       0       0       0       0       0       0       0       0       0       0       0       0       0       0       0
      Locals:         0       0       6       0       0       0       0       0       0       0       0       0       0       0       0       0       0
      Temps:          1       0       0       0       0       0       0       0       0       0       0       0       0       0       0       0       0
      Totals:         1       0       6       0       0       0       0       0       0       0       0       0       0       0       0       0       0
Total ram usage:        7 bytes
 Hardware stack levels required when called:   11
 This function calls:
		_Activate_Buzzer
		_DS1621_Read_Temp
		_DS3231_Read_Time
		_DS3231_Setup_Time
		_Deactivate_Buzzer
		_Do_Init
		_Initialize_Screen
		_Wait_One_Sec
		___awdiv
		___wmul
		_drawCircle
		_drawtext
		_fillCircle
		_init_INTERRUPT
		_printf
 This function is called by:
		Startup code after reset
 This function uses a non-reentrant model


 *************** function _printf *****************
 Defined at:
		line 464 in file "C:\My Programs\Microchip\xc8\v1.34\sources\common\doprnt.c"
 Parameters:    Size  Location     Type
  f               2   28[COMRAM] PTR const unsigned char 
		 -> STR_3(63), STR_2(44), STR_1(34), 
 Auto vars:     Size  Location     Type
  idx             1   46[COMRAM] unsigned char 
  tmpval          4    0        struct .
  cp              3    0        PTR const unsigned char 
  width           2   53[COMRAM] int 
  val             2   50[COMRAM] unsigned int 
  ap              2   47[COMRAM] PTR void [1]
		 -> ?_printf(2), 
  len             2    0        unsigned int 
  c               1   55[COMRAM] char 
  flag            1   52[COMRAM] unsigned char 
  prec            1   49[COMRAM] char 
 Return value:  Size  Location     Type
                  2   28[COMRAM] int 
 Registers used:
		wreg, fsr2l, fsr2h, status,2, status,0, tblptrl, tblptrh, tblptru, prodl, prodh, cstack
 Tracked objects:
		On entry : 
		On exit  : 
		Unchanged: 
 Data sizes:     COMRAM   BANK0   BANK1   BANK2   BANK3   BANK4   BANK5   BANK6   BANK7   BANK8   BANK9  BANK10  BANK11  BANK12  BANK13  BANK14  BANK15
      Params:        14       0       0       0       0       0       0       0       0       0       0       0       0       0       0       0       0
      Locals:        10       0       0       0       0       0       0       0       0       0       0       0       0       0       0       0       0
      Temps:          4       0       0       0       0       0       0       0       0       0       0       0       0       0       0       0       0
      Totals:        28       0       0       0       0       0       0       0       0       0       0       0       0       0       0       0       0
Total ram usage:       28 bytes
 Hardware stack levels used:    1
 Hardware stack levels required when called:    4
 This function calls:
		___lwdiv
		___lwmod
		___wmul
		_isdigit
		_putch
 This function is called by:
		_main
 This function uses a non-reentrant model


 *************** function _putch *****************
 Defined at:
		line 104 in file "Lab11p1.c"
 Parameters:    Size  Location     Type
  c               1    wreg     unsigned char 
 Auto vars:     Size  Location     Type
  c               1   16[COMRAM] unsigned char 
 Return value:  Size  Location     Type
		None               void
 Registers used:
		wreg
 Tracked objects:
		On entry : 
		On exit  : 
		Unchanged: 
 Data sizes:     COMRAM   BANK0   BANK1   BANK2   BANK3   BANK4   BANK5   BANK6   BANK7   BANK8   BANK9  BANK10  BANK11  BANK12  BANK13  BANK14  BANK15
      Params:         0       0       0       0       0       0       0       0       0       0       0       0       0       0       0       0       0
      Locals:         1       0       0       0       0       0       0       0       0       0       0       0       0       0       0       0       0
      Temps:          0       0       0       0       0       0       0       0       0       0       0       0       0       0       0       0       0
      Totals:         1       0       0       0       0       0       0       0       0       0       0       0       0       0       0       0       0
Total ram usage:        1 bytes
 Hardware stack levels used:    1
 Hardware stack levels required when called:    3
 This function calls:
		Nothing
 This function is called by:
		_printf
 This function uses a non-reentrant model


 *************** function _isdigit *****************
 Defined at:
		line 8 in file "C:\My Programs\Microchip\xc8\v1.34\sources\common\isdigit.c"
 Parameters:    Size  Location     Type
  c               1    wreg     unsigned char 
 Auto vars:     Size  Location     Type
  c               1   18[COMRAM] unsigned char 
 Return value:  Size  Location     Type
		None               void
 Registers used:
		wreg, status,2, status,0
 Tracked objects:
		On entry : 
		On exit  : 
		Unchanged: 
 Data sizes:     COMRAM   BANK0   BANK1   BANK2   BANK3   BANK4   BANK5   BANK6   BANK7   BANK8   BANK9  BANK10  BANK11  BANK12  BANK13  BANK14  BANK15
      Params:         0       0       0       0       0       0       0       0       0       0       0       0       0       0       0       0       0
      Locals:         2       0       0       0       0       0       0       0       0       0       0       0       0       0       0       0       0
      Temps:          1       0       0       0       0       0       0       0       0       0       0       0       0       0       0       0       0
      Totals:         3       0       0       0       0       0       0       0       0       0       0       0       0       0       0       0       0
Total ram usage:        3 bytes
 Hardware stack levels used:    1
 Hardware stack levels required when called:    3
 This function calls:
		Nothing
 This function is called by:
		_printf
 This function uses a non-reentrant model


 *************** function ___lwmod *****************
 Defined at:
		line 8 in file "C:\My Programs\Microchip\xc8\v1.34\sources\common\lwmod.c"
 Parameters:    Size  Location     Type
  dividend        2   23[COMRAM] unsigned int 
  divisor         2   25[COMRAM] unsigned int 
 Auto vars:     Size  Location     Type
  counter         1   27[COMRAM] unsigned char 
 Return value:  Size  Location     Type
                  2   23[COMRAM] unsigned int 
 Registers used:
		wreg, status,2, status,0
 Tracked objects:
		On entry : 
		On exit  : 
		Unchanged: 
 Data sizes:     COMRAM   BANK0   BANK1   BANK2   BANK3   BANK4   BANK5   BANK6   BANK7   BANK8   BANK9  BANK10  BANK11  BANK12  BANK13  BANK14  BANK15
      Params:         4       0       0       0       0       0       0       0       0       0       0       0       0       0       0       0       0
      Locals:         1       0       0       0       0       0       0       0       0       0       0       0       0       0       0       0       0
      Temps:          0       0       0       0       0       0       0       0       0       0       0       0       0       0       0       0       0
      Totals:         5       0       0       0       0       0       0       0       0       0       0       0       0       0       0       0       0
Total ram usage:        5 bytes
 Hardware stack levels used:    1
 Hardware stack levels required when called:    3
 This function calls:
		Nothing
 This function is called by:
		_printf
 This function uses a non-reentrant model


 *************** function ___lwdiv *****************
 Defined at:
		line 8 in file "C:\My Programs\Microchip\xc8\v1.34\sources\common\lwdiv.c"
 Parameters:    Size  Location     Type
  dividend        2   16[COMRAM] unsigned int 
  divisor         2   18[COMRAM] unsigned int 
 Auto vars:     Size  Location     Type
  quotient        2   21[COMRAM] unsigned int 
  counter         1   20[COMRAM] unsigned char 
 Return value:  Size  Location     Type
                  2   16[COMRAM] unsigned int 
 Registers used:
		wreg, status,2, status,0
 Tracked objects:
		On entry : 
		On exit  : 
		Unchanged: 
 Data sizes:     COMRAM   BANK0   BANK1   BANK2   BANK3   BANK4   BANK5   BANK6   BANK7   BANK8   BANK9  BANK10  BANK11  BANK12  BANK13  BANK14  BANK15
      Params:         4       0       0       0       0       0       0       0       0       0       0       0       0       0       0       0       0
      Locals:         3       0       0       0       0       0       0       0       0       0       0       0       0       0       0       0       0
      Temps:          0       0       0       0       0       0       0       0       0       0       0       0       0       0       0       0       0
      Totals:         7       0       0       0       0       0       0       0       0       0       0       0       0       0       0       0       0
Total ram usage:        7 bytes
 Hardware stack levels used:    1
 Hardware stack levels required when called:    3
 This function calls:
		Nothing
 This function is called by:
		_printf
 This function uses a non-reentrant model


 *************** function _fillCircle *****************
 Defined at:
		line 614 in file "ST7735_TFT.c"
 Parameters:    Size  Location     Type
  x0              2   58[COMRAM] int 
  y0              2   60[COMRAM] int 
  r               2   62[COMRAM] int 
  color           2   64[COMRAM] unsigned int 
 Auto vars:     Size  Location     Type
		None
 Return value:  Size  Location     Type
		None               void
 Registers used:
		wreg, status,2, status,0, cstack
 Tracked objects:
		On entry : 
		On exit  : 
		Unchanged: 
 Data sizes:     COMRAM   BANK0   BANK1   BANK2   BANK3   BANK4   BANK5   BANK6   BANK7   BANK8   BANK9  BANK10  BANK11  BANK12  BANK13  BANK14  BANK15
      Params:         8       0       0       0       0       0       0       0       0       0       0       0       0       0       0       0       0
      Locals:         0       0       0       0       0       0       0       0       0       0       0       0       0       0       0       0       0
      Temps:          0       0       0       0       0       0       0       0       0       0       0       0       0       0       0       0       0
      Totals:         8       0       0       0       0       0       0       0       0       0       0       0       0       0       0       0       0
Total ram usage:        8 bytes
 Hardware stack levels used:    1
 Hardware stack levels required when called:    8
 This function calls:
		_drawFastVLine
		_fillCircleHelper
 This function is called by:
		_main
 This function uses a non-reentrant model


 *************** function _fillCircleHelper *****************
 Defined at:
		line 589 in file "ST7735_TFT.c"
 Parameters:    Size  Location     Type
  x0              2   34[COMRAM] int 
  y0              2   36[COMRAM] int 
  r               2   38[COMRAM] int 
  cornername      2   40[COMRAM] unsigned int 
  delta           2   42[COMRAM] int 
  color           2   44[COMRAM] unsigned int 
 Auto vars:     Size  Location     Type
  y               2   56[COMRAM] int 
  x               2   54[COMRAM] int 
  f               2   52[COMRAM] int 
  ddF_y           2   50[COMRAM] int 
  ddF_x           2   48[COMRAM] int 
 Return value:  Size  Location     Type
		None               void
 Registers used:
		wreg, status,2, status,0, cstack
 Tracked objects:
		On entry : 
		On exit  : 
		Unchanged: 
 Data sizes:     COMRAM   BANK0   BANK1   BANK2   BANK3   BANK4   BANK5   BANK6   BANK7   BANK8   BANK9  BANK10  BANK11  BANK12  BANK13  BANK14  BANK15
      Params:        12       0       0       0       0       0       0       0       0       0       0       0       0       0       0       0       0
      Locals:        10       0       0       0       0       0       0       0       0       0       0       0       0       0       0       0       0
      Temps:          2       0       0       0       0       0       0       0       0       0       0       0       0       0       0       0       0
      Totals:        24       0       0       0       0       0       0       0       0       0       0       0       0       0       0       0       0
Total ram usage:       24 bytes
 Hardware stack levels used:    1
 Hardware stack levels required when called:    7
 This function calls:
		_drawFastVLine
 This function is called by:
		_fillCircle
 This function uses a non-reentrant model


 *************** function _drawCircle *****************
 Defined at:
		line 528 in file "ST7735_TFT.c"
 Parameters:    Size  Location     Type
  x0              2   27[COMRAM] int 
  y0              2   29[COMRAM] int 
  r               2   31[COMRAM] int 
  color           2   33[COMRAM] unsigned int 
 Auto vars:     Size  Location     Type
  y               2   45[COMRAM] int 
  x               2   43[COMRAM] int 
  f               2   41[COMRAM] int 
  ddF_y           2   39[COMRAM] int 
  ddF_x           2   37[COMRAM] int 
 Return value:  Size  Location     Type
		None               void
 Registers used:
		wreg, status,2, status,0, cstack
 Tracked objects:
		On entry : 
		On exit  : 
		Unchanged: 
 Data sizes:     COMRAM   BANK0   BANK1   BANK2   BANK3   BANK4   BANK5   BANK6   BANK7   BANK8   BANK9  BANK10  BANK11  BANK12  BANK13  BANK14  BANK15
      Params:         8       0       0       0       0       0       0       0       0       0       0       0       0       0       0       0       0
      Locals:        10       0       0       0       0       0       0       0       0       0       0       0       0       0       0       0       0
      Temps:          2       0       0       0       0       0       0       0       0       0       0       0       0       0       0       0       0
      Totals:        20       0       0       0       0       0       0       0       0       0       0       0       0       0       0       0       0
Total ram usage:       20 bytes
 Hardware stack levels used:    1
 Hardware stack levels required when called:    7
 This function calls:
		_drawPixel
 This function is called by:
		_main
 This function uses a non-reentrant model


 *************** function ___awdiv *****************
 Defined at:
		line 8 in file "C:\My Programs\Microchip\xc8\v1.34\sources\common\awdiv.c"
 Parameters:    Size  Location     Type
  dividend        2   22[COMRAM] int 
  divisor         2   24[COMRAM] int 
 Auto vars:     Size  Location     Type
  quotient        2   28[COMRAM] int 
  sign            1   27[COMRAM] unsigned char 
  counter         1   26[COMRAM] unsigned char 
 Return value:  Size  Location     Type
                  2   22[COMRAM] int 
 Registers used:
		wreg, status,2, status,0
 Tracked objects:
		On entry : 
		On exit  : 
		Unchanged: 
 Data sizes:     COMRAM   BANK0   BANK1   BANK2   BANK3   BANK4   BANK5   BANK6   BANK7   BANK8   BANK9  BANK10  BANK11  BANK12  BANK13  BANK14  BANK15
      Params:         4       0       0       0       0       0       0       0       0       0       0       0       0       0       0       0       0
      Locals:         4       0       0       0       0       0       0       0       0       0       0       0       0       0       0       0       0
      Temps:          0       0       0       0       0       0       0       0       0       0       0       0       0       0       0       0       0
      Totals:         8       0       0       0       0       0       0       0       0       0       0       0       0       0       0       0       0
Total ram usage:        8 bytes
 Hardware stack levels used:    1
 Hardware stack levels required when called:    3
 This function calls:
		Nothing
 This function is called by:
		_main
 This function uses a non-reentrant model


 *************** function _Wait_One_Sec *****************
 Defined at:
		line 117 in file "Lab11p1.c"
 Parameters:    Size  Location     Type
		None
 Auto vars:     Size  Location     Type
[...]
		_I2C_Read
 This function uses a non-reentrant model


 *************** function _i2cAck *****************
 Defined at:
		line 59 in file "I2C_Soft.c"
 Parameters:    Size  Location     Type
		None
 Auto vars:     Size  Location     Type
		None
 Return value:  Size  Location     Type
		None               void
 Registers used:
		wreg, cstack
 Tracked objects:
		On entry : 
		On exit  : 
		Unchanged: 
 Data sizes:     COMRAM   BANK0   BANK1   BANK2   BANK3   BANK4   BANK5   BANK6   BANK7   BANK8   BANK9  BANK10  BANK11  BANK12  BANK13  BANK14  BANK15
      Params:         0       0       0       0       0       0       0       0       0       0       0       0       0       0       0       0       0
      Locals:         0       0       0       0       0       0       0       0       0       0       0       0       0       0       0       0       0
      Temps:          0       0       0       0       0       0       0       0       0       0       0       0       0       0       0       0       0
      Totals:         0       0       0       0       0       0       0       0       0       0       0       0       0       0       0       0       0
Total ram usage:        0 bytes
 Hardware stack levels used:    1
 Hardware stack levels required when called:    4
 This function calls:
		_i2cHighScl
		_i2cHighSda
		_i2cLowScl
		_i2cLowSda
 This function is called by:
		_I2C_Read
 This function uses a non-reentrant model


 *************** function _I2C_ReStart *****************
 Defined at:
		line 75 in file "I2C_Soft.c"
 Parameters:    Size  Location     Type
		None
 Auto vars:     Size  Location     Type
		None
 Return value:  Size  Location     Type
		None               void
 Registers used:
		wreg, cstack
 Tracked objects:
		On entry : 
		On exit  : 
		Unchanged: 
 Data sizes:     COMRAM   BANK0   BANK1   BANK2   BANK3   BANK4   BANK5   BANK6   BANK7   BANK8   BANK9  BANK10  BANK11  BANK12  BANK13  BANK14  BANK15
      Params:         0       0       0       0       0       0       0       0       0       0       0       0       0       0       0       0       0
      Locals:         0       0       0       0       0       0       0       0       0       0       0       0       0       0       0       0       0
      Temps:          0       0       0       0       0       0       0       0       0       0       0       0       0       0       0       0       0
      Totals:         0       0       0       0       0       0       0       0       0       0       0       0       0       0       0       0       0
Total ram usage:        0 bytes
 Hardware stack levels used:    1
 Hardware stack levels required when called:    4
 This function calls:
		_i2cHighScl
		_i2cHighSda
		_i2cLowScl
		_i2cLowSda
 This function is called by:
		_DS1621_Read_Temp
		_DS3231_Read_Time
		_I2C_Write_Address_Read_One_Byte
		_I2C_Write_Cmd_Read_One_Byte
 This function uses a non-reentrant model


 *************** function _i2cLowSda *****************
 Defined at:
		line 98 in file "I2C_Soft.c"
 Parameters:    Size  Location     Type
		None
 Auto vars:     Size  Location     Type
		None
 Return value:  Size  Location     Type
		None               void
 Registers used:
		None
 Tracked objects:
		On entry : 
		On exit  : 
		Unchanged: 
 Data sizes:     COMRAM   BANK0   BANK1   BANK2   BANK3   BANK4   BANK5   BANK6   BANK7   BANK8   BANK9  BANK10  BANK11  BANK12  BANK13  BANK14  BANK15
      Params:         0       0       0       0       0       0       0       0       0       0       0       0       0       0       0       0       0
      Locals:         0       0       0       0       0       0       0       0       0       0       0       0       0       0       0       0       0
      Temps:          0       0       0       0       0       0       0       0       0       0       0       0       0       0       0       0       0
      Totals:         0       0       0       0       0       0       0       0       0       0       0       0       0       0       0       0       0
Total ram usage:        0 bytes
 Hardware stack levels used:    1
 Hardware stack levels required when called:    3
 This function calls:
		Nothing
 This function is called by:
		_I2C_Write
		_i2cAck
		_I2C_Start
		_I2C_ReStart
		_I2C_Stop
 This function uses a non-reentrant model


 *************** function _i2cLowScl *****************
 Defined at:
		line 111 in file "I2C_Soft.c"
 Parameters:    Size  Location     Type
		None
 Auto vars:     Size  Location     Type
		None
 Return value:  Size  Location     Type
		None               void
 Registers used:
		None
 Tracked objects:
		On entry : 
		On exit  : 
		Unchanged: 
 Data sizes:     COMRAM   BANK0   BANK1   BANK2   BANK3   BANK4   BANK5   BANK6   BANK7   BANK8   BANK9  BANK10  BANK11  BANK12  BANK13  BANK14  BANK15
      Params:         0       0       0       0       0       0       0       0       0       0       0       0       0       0       0       0       0
      Locals:         0       0       0       0       0       0       0       0       0       0       0       0       0       0       0       0       0
      Temps:          0       0       0       0       0       0       0       0       0       0       0       0       0       0       0       0       0
      Totals:         0       0       0       0       0       0       0       0       0       0       0       0       0       0       0       0       0
Total ram usage:        0 bytes
 Hardware stack levels used:    1
 Hardware stack levels required when called:    3
 This function calls:
		Nothing
 This function is called by:
		_I2C_Read
		_I2C_Write
		_i2cNack
		_i2cAck
		_I2C_Start
		_I2C_ReStart
		_I2C_Stop
 This function uses a non-reentrant model


 *************** function _i2cHighSda *****************
 Defined at:
		line 92 in file "I2C_Soft.c"
 Parameters:    Size  Location     Type
		None
 Auto vars:     Size  Location     Type
		None
 Return value:  Size  Location     Type
		None               void
 Registers used:
		None
 Tracked objects:
		On entry : 
		On exit  : 
		Unchanged: 
 Data sizes:     COMRAM   BANK0   BANK1   BANK2   BANK3   BANK4   BANK5   BANK6   BANK7   BANK8   BANK9  BANK10  BANK11  BANK12  BANK13  BANK14  BANK15
      Params:         0       0       0       0       0       0       0       0       0       0       0       0       0       0       0       0       0
      Locals:         0       0       0       0       0       0       0       0       0       0       0       0       0       0       0       0       0
      Temps:          0       0       0       0       0       0       0       0       0       0       0       0       0       0       0       0       0
      Totals:         0       0       0       0       0       0       0       0       0       0       0       0       0       0       0       0       0
Total ram usage:        0 bytes
 Hardware stack levels used:    1
 Hardware stack levels required when called:    3
 This function calls:
		Nothing
 This function is called by:
		_I2C_Init
		_I2C_Read
		_I2C_Write
		_i2cAck
		_I2C_Start
		_I2C_ReStart
		_I2C_Stop
 This function uses a non-reentrant model


 *************** function _i2cHighScl *****************
 Defined at:
		line 105 in file "I2C_Soft.c"
 Parameters:    Size  Location     Type
		None
 Auto vars:     Size  Location     Type
		None
 Return value:  Size  Location     Type
		None               void
 Registers used:
		wreg
 Tracked objects:
		On entry : 
		On exit  : 
		Unchanged: 
 Data sizes:     COMRAM   BANK0   BANK1   BANK2   BANK3   BANK4   BANK5   BANK6   BANK7   BANK8   BANK9  BANK10  BANK11  BANK12  BANK13  BANK14  BANK15
      Params:         0       0       0       0       0       0       0       0       0       0       0       0       0       0       0       0       0
      Locals:         0       0       0       0       0       0       0       0       0       0       0       0       0       0       0       0       0
      Temps:          0       0       0       0       0       0       0       0       0       0       0       0       0       0       0       0       0
      Totals:         0       0       0       0       0       0       0       0       0       0       0       0       0       0       0       0       0
Total ram usage:        0 bytes
 Hardware stack levels used:    1
 Hardware stack levels required when called:    3
 This function calls:
		Nothing
 This function is called by:
		_I2C_Init
		_I2C_Read
		_I2C_Write
		_i2cNack
		_i2cAck
		_I2C_Start
		_I2C_ReStart
		_I2C_Stop
 This function uses a non-reentrant model


 *************** function _Activate_Buzzer *****************
 Defined at:
		line 220 in file "Lab11p1.c"
 Parameters:    Size  Location     Type
		None
 Auto vars:     Size  Location     Type
		None
 Return value:  Size  Location     Type
		None               void
 Registers used:
		wreg, status,2
 Tracked objects:
		On entry : 
		On exit  : 
		Unchanged: 
 Data sizes:     COMRAM   BANK0   BANK1   BANK2   BANK3   BANK4   BANK5   BANK6   BANK7   BANK8   BANK9  BANK10  BANK11  BANK12  BANK13  BANK14  BANK15
      Params:         0       0       0       0       0       0       0       0       0       0       0       0       0       0       0       0       0
      Locals:         0       0       0       0       0       0       0       0       0       0       0       0       0       0       0       0       0
      Temps:          0       0       0       0       0       0       0       0       0       0       0       0       0       0       0       0       0
      Totals:         0       0       0       0       0       0       0       0       0       0       0       0       0       0       0       0       0
Total ram usage:        0 bytes
 Hardware stack levels used:    1
 Hardware stack levels required when called:    3
 This function calls:
		Nothing
 This function is called by:
		_main
 This function uses a non-reentrant model


 *************** function _chkisr *****************
 Defined at:
		line 17 in file "Interrupt.c"
 Parameters:    Size  Location     Type
		None
 Auto vars:     Size  Location     Type
		None
 Return value:  Size  Location     Type
		None               void
 Registers used:
		wreg, status,2, status,0, cstack
 Tracked objects:
		On entry : 
		On exit  : 
		Unchanged: 
 Data sizes:     COMRAM   BANK0   BANK1   BANK2   BANK3   BANK4   BANK5   BANK6   BANK7   BANK8   BANK9  BANK10  BANK11  BANK12  BANK13  BANK14  BANK15
      Params:         0       0       0       0       0       0       0       0       0       0       0       0       0       0       0       0       0
      Locals:         0       0       0       0       0       0       0       0       0       0       0       0       0       0       0       0       0
      Temps:         14       0       0       0       0       0       0       0       0       0       0       0       0       0       0       0       0
      Totals:        14       0       0       0       0       0       0       0       0       0       0       0       0       0       0       0       0
Total ram usage:       14 bytes
 Hardware stack levels used:    1
 Hardware stack levels required when called:    2
 This function calls:
		_INT0_isr
		_TIMER1_isr
 This function is called by:
		Interrupt level 2
 This function uses a non-reentrant model


 *************** function _TIMER1_isr *****************
 Defined at:
		line 23 in file "Interrupt.c"
 Parameters:    Size  Location     Type
		None
 Auto vars:     Size  Location     Type
		None
 Return value:  Size  Location     Type
		None               void
 Registers used:
		wreg, status,2
 Tracked objects:
		On entry : 
		On exit  : 
		Unchanged: 
 Data sizes:     COMRAM   BANK0   BANK1   BANK2   BANK3   BANK4   BANK5   BANK6   BANK7   BANK8   BANK9  BANK10  BANK11  BANK12  BANK13  BANK14  BANK15
      Params:         0       0       0       0       0       0       0       0       0       0       0       0       0       0       0       0       0
      Locals:         0       0       0       0       0       0       0       0       0       0       0       0       0       0       0       0       0
      Temps:          0       0       0       0       0       0       0       0       0       0       0       0       0       0       0       0       0
      Totals:         0       0       0       0       0       0       0       0       0       0       0       0       0       0       0       0       0
Total ram usage:        0 bytes
 Hardware stack levels used:    1
 This function calls:
		Nothing
 This function is called by:
		_chkisr
 This function uses a non-reentrant model


 *************** function _INT0_isr *****************
 Defined at:
		line 37 in file "Interrupt.c"
 Parameters:    Size  Location     Type
		None
 Auto vars:     Size  Location     Type
		None
 Return value:  Size  Location     Type
		None               void
 Registers used:
		wreg, status,2, status,0, cstack
 Tracked objects:
		On entry : 
		On exit  : 
		Unchanged: 
 Data sizes:     COMRAM   BANK0   BANK1   BANK2   BANK3   BANK4   BANK5   BANK6   BANK7   BANK8   BANK9  BANK10  BANK11  BANK12  BANK13  BANK14  BANK15
      Params:         0       0       0       0       0       0       0       0       0       0       0       0       0       0       0       0       0
      Locals:         0       0       0       0       0       0       0       0       0       0       0       0       0       0       0       0       0
      Temps:          2       0       0       0       0       0       0       0       0       0       0       0       0       0       0       0       0
      Totals:         2       0       0       0       0       0       0       0       0       0       0       0       0       0       0       0       0
Total ram usage:        2 bytes
 Hardware stack levels used:    1
 Hardware stack levels required when called:    1
 This function calls:
		_force_nec_state0
 This function is called by:
		_chkisr
 This function uses a non-reentrant model


 *************** function _force_nec_state0 *****************
 Defined at:
		line 31 in file "Interrupt.c"
 Parameters:    Size  Location     Type
		None
 Auto vars:     Size  Location     Type
		None
 Return value:  Size  Location     Type
		None               void
 Registers used:
		wreg, status,2
 Tracked objects:
		On entry : 
		On exit  : 
		Unchanged: 
 Data sizes:     COMRAM   BANK0   BANK1   BANK2   BANK3   BANK4   BANK5   BANK6   BANK7   BANK8   BANK9  BANK10  BANK11  BANK12  BANK13  BANK14  BANK15
      Params:         0       0       0       0       0       0       0       0       0       0       0       0       0       0       0       0       0
      Locals:         0       0       0       0       0       0       0       0       0       0       0       0       0       0       0       0       0
      Temps:          0       0       0       0       0       0       0       0       0       0       0       0       0       0       0       0       0
      Totals:         0       0       0       0       0       0       0       0       0       0       0       0       0       0       0       0       0
Total ram usage:        0 bytes
 Hardware stack levels used:    1
 This function calls:
		Nothing
 This function is called by:
		_INT0_isr
 This function uses a non-reentrant model



MODULE INFORMATION

Module		Function		Class		Link	Load	Size
I2C_Soft.c
		_i2cLowSda     		CODE           	19D6	0000	11
		_i2cLowScl     		CODE           	19E8	0000	9
		_I2C_Write_Cmd_		CODE           	18B2	0000	27
		_I2C_Write     		CODE           	16E4	0000	63
		_I2C_Write_Cmd_		CODE           	1858	0000	33
		_I2C_Stop      		CODE           	1934	0000	19
		_I2C_Read      		CODE           	15E0	0000	73
		_i2cNack       		CODE           	19CC	0000	11
		_I2C_Init      		CODE           	19C2	0000	11
		_i2cHighSda    		CODE           	19F0	0000	9
		_i2cHighScl    		CODE           	19AA	0000	13
		_I2C_Start     		CODE           	1946	0000	19
		_i2cAck        		CODE           	1958	0000	19
		_I2C_ReStart   		CODE           	18E4	0000	23

I2C_Soft.c estimated size: 340

C:\My Programs\Microchip\xc8\v1.34\sources\pic18\plib\USART\uopen.c
		_OpenUSART     		CODE           	126E	0000	113

C:\My Programs\Microchip\xc8\v1.34\sources\pic18\plib\USART\uopen.c estimated size: 113

C:\My Programs\Microchip\xc8\v1.34\sources\common\isdigit.c
		_isdigit       		CODE           	1836	0000	35

C:\My Programs\Microchip\xc8\v1.34\sources\common\isdigit.c estimated size: 35

C:\My Programs\Microchip\xc8\v1.34\sources\common\lwdiv.c
		___lwdiv       		CODE           	13A8	0000	93

C:\My Programs\Microchip\xc8\v1.34\sources\common\lwdiv.c estimated size: 93

C:\My Programs\Microchip\xc8\v1.34\sources\common\awdiv.c
		___awdiv       		CODE           	0F4E	0000	151

C:\My Programs\Microchip\xc8\v1.34\sources\common\awdiv.c estimated size: 151

C:\My Programs\Microchip\xc8\v1.34\sources\common\strlen.c
		_strlen        		CODE           	1668	0000	63

C:\My Programs\Microchip\xc8\v1.34\sources\common\strlen.c estimated size: 63

C:\My Programs\Microchip\xc8\v1.34\sources\common\strcpy.c
		_strcpy        		CODE           	175E	0000	51

C:\My Programs\Microchip\xc8\v1.34\sources\common\strcpy.c estimated size: 51

ST7735_TFT.c
		_drawChar      		CODE           	08D8	0000	343
		_drawCircle    		CODE           	05D2	0000	431
		_fillScreen    		CODE           	1896	0000	29
		_Rcmd3         		CODE           	0D80	0000	243
		_write_data    		CODE           	197C	0000	17
		_setAddrWindow 		CODE           	14FC	0000	79
		_drawtext      		CODE           	0C76	0000	267
		_fillRect      		CODE           	1596	0000	75
		_LCD_Reset     		CODE           	1922	0000	19
		_fillCircle    		CODE           	1458	0000	83
		_drawPixel     		CODE           	1790	0000	49
		_fillRectangle 		CODE           	0E72	0000	221
		_write_command 		CODE           	198C	0000	17
		_fillCircleHelp		CODE           	0A2E	0000	313
		_drawFastVLine 		CODE           	1072	0000	137
		_Rcmd2red      		CODE           	16A6	0000	63
		_TFT_GreenTab_I		CODE           	17C0	0000	43
		_delay_ms      		CODE           	14AA	0000	83
		_Rcmd1         		CODE           	0B66	0000	273
		_spiwrite      		CODE           	18FA	0000	21

ST7735_TFT.c estimated size: 2806

I2C_Support.c
		_DS3231_Read_Ti		CODE           	1344	0000	101
		_DS1621_Init   		CODE           	1878	0000	31
		_DS3231_Setup_T		CODE           	12DE	0000	103
		_DS1621_Read_Te		CODE           	1722	0000	61

I2C_Support.c estimated size: 296

shared
		_font          		MEDIUMCONST    	FA87	0000	256
		_dpowers       		MEDIUMCONST    	FC62	0000	11
		__initializatio		CODE           	11F4	0000	113
		_hexpowers     		MEDIUMCONST    	FC6C	0000	9
		_font2         		MEDIUMCONST    	FB86	0000	221

shared estimated size: 610

Interrupt.c
		_TIMER1_isr    		CODE           	19B6	0000	13
		_init_INTERRUPT		CODE           	18CC	0000	25
		_force_nec_stat		CODE           	19F8	0000	9
		_INT0_isr      		CODE           	0780	0000	345
		_chkisr        		CODE           	0008	0000	141

Interrupt.c estimated size: 533

C:\My Programs\Microchip\xc8\v1.34\sources\common\doprnt.c
		_printf        		CODE           	001C	0000	859

C:\My Programs\Microchip\xc8\v1.34\sources\common\doprnt.c estimated size: 859

Lab11p1.c
		_putch         		CODE           	199C	0000	15
		_main          		CODE           	0376	0000	605
		_Deactivate_Buz		CODE           	19E0	0000	9
		_init_UART     		CODE           	190E	0000	21
		_Do_Init       		CODE           	1628	0000	65
		_Initialize_Scr		CODE           	0FE4	0000	143
		_Wait_One_Sec  		CODE           	1812	0000	37
		_Activate_Buzze		CODE           	196A	0000	19

Lab11p1.c estimated size: 914

C:\My Programs\Microchip\xc8\v1.34\sources\common\Umul16.c
		___wmul        		CODE           	17EA	0000	41

C:\My Programs\Microchip\xc8\v1.34\sources\common\Umul16.c estimated size: 41

C:\My Programs\Microchip\xc8\v1.34\sources\common\lwmod.c
		___lwmod       		CODE           	154A	0000	77

C:\My Programs\Microchip\xc8\v1.34\sources\common\lwmod.c estimated size: 77

